Archive member included to satisfy reference by file (symbol)

g:/stm/truestudio for stm32 9.3.0/armtools/bin/../lib/gcc/arm-atollic-eabi/6.3.1/../../../../arm-atollic-eabi/lib/armv7e-m/fpu\libc_nano.a(lib_a-init.o)
                              ./Libraries/Device/STM32F4xx/src/startup_stm32f40xx.o (__libc_init_array)
g:/stm/truestudio for stm32 9.3.0/armtools/bin/../lib/gcc/arm-atollic-eabi/6.3.1/../../../../arm-atollic-eabi/lib/armv7e-m/fpu\libc_nano.a(lib_a-memcpy-stub.o)
                              ./src/src/usart2.o (memcpy)
g:/stm/truestudio for stm32 9.3.0/armtools/bin/../lib/gcc/arm-atollic-eabi/6.3.1/../../../../arm-atollic-eabi/lib/armv7e-m/fpu\libc_nano.a(lib_a-strlen.o)
                              ./src/tiny_printf.o (strlen)
g:/stm/truestudio for stm32 9.3.0/armtools/bin/../lib/gcc/arm-atollic-eabi/6.3.1/../../../../arm-atollic-eabi/lib/armv7e-m/fpu\libm.a(lib_a-s_cos.o)
                              ./src/src/estimation.o (cos)
g:/stm/truestudio for stm32 9.3.0/armtools/bin/../lib/gcc/arm-atollic-eabi/6.3.1/../../../../arm-atollic-eabi/lib/armv7e-m/fpu\libm.a(lib_a-s_sin.o)
                              ./src/src/estimation.o (sin)
g:/stm/truestudio for stm32 9.3.0/armtools/bin/../lib/gcc/arm-atollic-eabi/6.3.1/../../../../arm-atollic-eabi/lib/armv7e-m/fpu\libm.a(lib_a-e_rem_pio2.o)
                              g:/stm/truestudio for stm32 9.3.0/armtools/bin/../lib/gcc/arm-atollic-eabi/6.3.1/../../../../arm-atollic-eabi/lib/armv7e-m/fpu\libm.a(lib_a-s_cos.o) (__ieee754_rem_pio2)
g:/stm/truestudio for stm32 9.3.0/armtools/bin/../lib/gcc/arm-atollic-eabi/6.3.1/../../../../arm-atollic-eabi/lib/armv7e-m/fpu\libm.a(lib_a-k_cos.o)
                              g:/stm/truestudio for stm32 9.3.0/armtools/bin/../lib/gcc/arm-atollic-eabi/6.3.1/../../../../arm-atollic-eabi/lib/armv7e-m/fpu\libm.a(lib_a-s_cos.o) (__kernel_cos)
g:/stm/truestudio for stm32 9.3.0/armtools/bin/../lib/gcc/arm-atollic-eabi/6.3.1/../../../../arm-atollic-eabi/lib/armv7e-m/fpu\libm.a(lib_a-k_rem_pio2.o)
                              g:/stm/truestudio for stm32 9.3.0/armtools/bin/../lib/gcc/arm-atollic-eabi/6.3.1/../../../../arm-atollic-eabi/lib/armv7e-m/fpu\libm.a(lib_a-e_rem_pio2.o) (__kernel_rem_pio2)
g:/stm/truestudio for stm32 9.3.0/armtools/bin/../lib/gcc/arm-atollic-eabi/6.3.1/../../../../arm-atollic-eabi/lib/armv7e-m/fpu\libm.a(lib_a-k_sin.o)
                              g:/stm/truestudio for stm32 9.3.0/armtools/bin/../lib/gcc/arm-atollic-eabi/6.3.1/../../../../arm-atollic-eabi/lib/armv7e-m/fpu\libm.a(lib_a-s_cos.o) (__kernel_sin)
g:/stm/truestudio for stm32 9.3.0/armtools/bin/../lib/gcc/arm-atollic-eabi/6.3.1/../../../../arm-atollic-eabi/lib/armv7e-m/fpu\libm.a(lib_a-s_fabs.o)
                              g:/stm/truestudio for stm32 9.3.0/armtools/bin/../lib/gcc/arm-atollic-eabi/6.3.1/../../../../arm-atollic-eabi/lib/armv7e-m/fpu\libm.a(lib_a-e_rem_pio2.o) (fabs)
g:/stm/truestudio for stm32 9.3.0/armtools/bin/../lib/gcc/arm-atollic-eabi/6.3.1/../../../../arm-atollic-eabi/lib/armv7e-m/fpu\libm.a(lib_a-s_floor.o)
                              g:/stm/truestudio for stm32 9.3.0/armtools/bin/../lib/gcc/arm-atollic-eabi/6.3.1/../../../../arm-atollic-eabi/lib/armv7e-m/fpu\libm.a(lib_a-k_rem_pio2.o) (floor)
g:/stm/truestudio for stm32 9.3.0/armtools/bin/../lib/gcc/arm-atollic-eabi/6.3.1/../../../../arm-atollic-eabi/lib/armv7e-m/fpu\libm.a(lib_a-s_scalbn.o)
                              g:/stm/truestudio for stm32 9.3.0/armtools/bin/../lib/gcc/arm-atollic-eabi/6.3.1/../../../../arm-atollic-eabi/lib/armv7e-m/fpu\libm.a(lib_a-k_rem_pio2.o) (scalbn)
g:/stm/truestudio for stm32 9.3.0/armtools/bin/../lib/gcc/arm-atollic-eabi/6.3.1/../../../../arm-atollic-eabi/lib/armv7e-m/fpu\libm.a(lib_a-s_copysign.o)
                              g:/stm/truestudio for stm32 9.3.0/armtools/bin/../lib/gcc/arm-atollic-eabi/6.3.1/../../../../arm-atollic-eabi/lib/armv7e-m/fpu\libm.a(lib_a-s_scalbn.o) (copysign)
g:/stm/truestudio for stm32 9.3.0/armtools/bin/../lib/gcc/arm-atollic-eabi/6.3.1/armv7e-m/fpu\libgcc.a(_arm_addsubdf3.o)
                              g:/stm/truestudio for stm32 9.3.0/armtools/bin/../lib/gcc/arm-atollic-eabi/6.3.1/../../../../arm-atollic-eabi/lib/armv7e-m/fpu\libm.a(lib_a-s_cos.o) (__aeabi_dsub)
g:/stm/truestudio for stm32 9.3.0/armtools/bin/../lib/gcc/arm-atollic-eabi/6.3.1/armv7e-m/fpu\libgcc.a(_arm_muldivdf3.o)
                              ./src/src/process.o (__aeabi_dmul)
g:/stm/truestudio for stm32 9.3.0/armtools/bin/../lib/gcc/arm-atollic-eabi/6.3.1/armv7e-m/fpu\libgcc.a(_arm_cmpdf2.o)
                              g:/stm/truestudio for stm32 9.3.0/armtools/bin/../lib/gcc/arm-atollic-eabi/6.3.1/../../../../arm-atollic-eabi/lib/armv7e-m/fpu\libm.a(lib_a-e_rem_pio2.o) (__aeabi_dcmpeq)
g:/stm/truestudio for stm32 9.3.0/armtools/bin/../lib/gcc/arm-atollic-eabi/6.3.1/armv7e-m/fpu\libgcc.a(_arm_fixdfsi.o)
[...]
Memory Configuration

Name             Origin             Length             Attributes
DATA             0x08040000         0x00020000         xrw
FLASH            0x08000000         0x00100000         xr
CCMRAM           0x10000000         0x00010000         rw
RAM              0x20000000         0x00020000         xrw
MEMORY_B1        0x60000000         0x00000000         xr
*default*        0x00000000         0xffffffff

Linker script and memory map

LOAD g:/stm/truestudio for stm32 9.3.0/armtools/bin/../lib/gcc/arm-atollic-eabi/6.3.1/armv7e-m/fpu/crti.o
LOAD g:/stm/truestudio for stm32 9.3.0/armtools/bin/../lib/gcc/arm-atollic-eabi/6.3.1/armv7e-m/fpu/crtbegin.o
LOAD ./src/src/dma.o
LOAD ./src/src/estimation.o
LOAD ./src/src/exti.o
LOAD ./src/src/gpio.o
LOAD ./src/src/led.o
LOAD ./src/src/nvic.o
LOAD ./src/src/process.o
LOAD ./src/src/systick.o
LOAD ./src/src/usart2.o
LOAD ./src/main.o
LOAD ./src/tiny_printf.o
LOAD ./Libraries/Device/STM32F4xx/src/startup_stm32f40xx.o
LOAD ./Libraries/Device/STM32F4xx/src/stm32f4xx_it.o
LOAD ./Libraries/Device/STM32F4xx/src/system_stm32f4xx.o
                0x00000080                malloc_getpagesize_P = 0x80
START GROUP
LOAD g:/stm/truestudio for stm32 9.3.0/armtools/bin/../lib/gcc/arm-atollic-eabi/6.3.1/../../../../arm-atollic-eabi/lib/armv7e-m/fpu\libc_nano.a
LOAD g:/stm/truestudio for stm32 9.3.0/armtools/bin/../lib/gcc/arm-atollic-eabi/6.3.1/../../../../arm-atollic-eabi/lib/armv7e-m/fpu\libm.a
END GROUP
START GROUP
LOAD g:/stm/truestudio for stm32 9.3.0/armtools/bin/../lib/gcc/arm-atollic-eabi/6.3.1/armv7e-m/fpu\libgcc.a
LOAD g:/stm/truestudio for stm32 9.3.0/armtools/bin/../lib/gcc/arm-atollic-eabi/6.3.1/../../../../arm-atollic-eabi/lib/armv7e-m/fpu\libc_nano.a
END GROUP
START GROUP
LOAD g:/stm/truestudio for stm32 9.3.0/armtools/bin/../lib/gcc/arm-atollic-eabi/6.3.1/armv7e-m/fpu\libgcc.a
LOAD g:/stm/truestudio for stm32 9.3.0/armtools/bin/../lib/gcc/arm-atollic-eabi/6.3.1/../../../../arm-atollic-eabi/lib/armv7e-m/fpu\libc_nano.a
LOAD g:/stm/truestudio for stm32 9.3.0/armtools/bin/../lib/gcc/arm-atollic-eabi/6.3.1/../../../../arm-atollic-eabi/lib/armv7e-m/fpu\libnosys.a
END GROUP
START GROUP
LOAD g:/stm/truestudio for stm32 9.3.0/armtools/bin/../lib/gcc/arm-atollic-eabi/6.3.1/armv7e-m/fpu\libgcc.a
LOAD g:/stm/truestudio for stm32 9.3.0/armtools/bin/../lib/gcc/arm-atollic-eabi/6.3.1/../../../../arm-atollic-eabi/lib/armv7e-m/fpu\libc_nano.a
LOAD g:/stm/truestudio for stm32 9.3.0/armtools/bin/../lib/gcc/arm-atollic-eabi/6.3.1/../../../../arm-atollic-eabi/lib/armv7e-m/fpu\libnosys.a
END GROUP
LOAD g:/stm/truestudio for stm32 9.3.0/armtools/bin/../lib/gcc/arm-atollic-eabi/6.3.1/armv7e-m/fpu/crtend.o
LOAD g:/stm/truestudio for stm32 9.3.0/armtools/bin/../lib/gcc/arm-atollic-eabi/6.3.1/armv7e-m/fpu/crtn.o
                0x20020000                _estack = 0x20020000
                0x00000400                _Min_Heap_Size = 0x400
                0x00000800                _Min_Stack_Size = 0x800

.user_data      0x08040000        0x0
                0x08040000                . = ALIGN (0x4)
 *(.user_data)
                0x08040000                . = ALIGN (0x4)

.isr_vector     0x08000000      0x188
                0x08000000                . = ALIGN (0x4)
 *(.isr_vector)
 .isr_vector    0x08000000      0x188 ./Libraries/Device/STM32F4xx/src/startup_stm32f40xx.o
                0x08000000                g_pfnVectors
                0x08000188                . = ALIGN (0x4)

.text           0x08000188     0x43f8
                0x08000188                . = ALIGN (0x4)
 *(.text)
 .text          0x08000188       0x40 g:/stm/truestudio for stm32 9.3.0/armtools/bin/../lib/gcc/arm-atollic-eabi/6.3.1/armv7e-m/fpu/crtbegin.o
 .text          0x080001c8      0x370 g:/stm/truestudio for stm32 9.3.0/armtools/bin/../lib/gcc/arm-atollic-eabi/6.3.1/armv7e-m/fpu\libgcc.a(_arm_addsubdf3.o)
                0x080001c8                __aeabi_drsub
                0x080001d0                __aeabi_dsub
                0x080001d0                __subdf3
                0x080001d4                __aeabi_dadd
                0x080001d4                __adddf3
                0x0800044c                __floatunsidf
                0x0800044c                __aeabi_ui2d
                0x0800046c                __floatsidf
                0x0800046c                __aeabi_i2d
                0x08000490                __aeabi_f2d
                0x08000490                __extendsfdf2
                0x080004cc                __floatundidf
                0x080004cc                __aeabi_ul2d
                0x080004dc                __floatdidf
                0x080004dc                __aeabi_l2d
 .text          0x08000538      0x424 g:/stm/truestudio for stm32 9.3.0/armtools/bin/../lib/gcc/arm-atollic-eabi/6.3.1/armv7e-m/fpu\libgcc.a(_arm_muldivdf3.o)
                0x08000538                __aeabi_dmul
                0x08000538                __muldf3
                0x0800078c                __divdf3
                0x0800078c                __aeabi_ddiv
 .text          0x0800095c      0x110 g:/stm/truestudio for stm32 9.3.0/armtools/bin/../lib/gcc/arm-atollic-eabi/6.3.1/armv7e-m/fpu\libgcc.a(_arm_cmpdf2.o)
                0x0800095c                __gtdf2
                0x0800095c                __gedf2
                0x08000964                __ltdf2
                0x08000964                __ledf2
                0x0800096c                __nedf2
                0x0800096c                __eqdf2
                0x0800096c                __cmpdf2
                0x080009e8                __aeabi_cdrcmple
                0x080009f8                __aeabi_cdcmpeq
                0x080009f8                __aeabi_cdcmple
                0x08000a08                __aeabi_dcmpeq
                0x08000a1c                __aeabi_dcmplt
                0x08000a30                __aeabi_dcmple
                0x08000a44                __aeabi_dcmpge
                0x08000a58                __aeabi_dcmpgt
 .text          0x08000a6c       0x50 g:/stm/truestudio for stm32 9.3.0/armtools/bin/../lib/gcc/arm-atollic-eabi/6.3.1/armv7e-m/fpu\libgcc.a(_arm_fixdfsi.o)
                0x08000a6c                __aeabi_d2iz
                0x08000a6c                __fixdfsi
 .text          0x08000abc       0x40 g:/stm/truestudio for stm32 9.3.0/armtools/bin/../lib/gcc/arm-atollic-eabi/6.3.1/armv7e-m/fpu\libgcc.a(_arm_fixunsdfsi.o)
                0x08000abc                __aeabi_d2uiz
                0x08000abc                __fixunsdfsi
 .text          0x08000afc       0xa0 g:/stm/truestudio for stm32 9.3.0/armtools/bin/../lib/gcc/arm-atollic-eabi/6.3.1/armv7e-m/fpu\libgcc.a(_arm_truncdfsf2.o)
                0x08000afc                __truncdfsf2
                0x08000afc                __aeabi_d2f
 *(.text*)
 *fill*         0x08000b9c        0x4 
 .text.LookUp_Init
                0x08000ba0      0x194 ./src/src/estimation.o
                0x08000ba0                LookUp_Init
 .text.uPMU_Process_Mode
                0x08000d34      0x554 ./src/src/estimation.o
                0x08000d34                uPMU_Process_Mode
 .text.uPMU_Get_Result
                0x08001288      0x178 ./src/src/estimation.o
                0x08001288                uPMU_Get_Result
 .text.uPMU_EXTIx_Init
                0x08001400       0xb8 ./src/src/exti.o
                0x08001400                uPMU_EXTIx_Init
 .text.EXTI_Line_Check
                0x080014b8       0x1c ./src/src/exti.o
                0x080014b8                EXTI_Line_Check
 .text.EXTI_Clear_PendingBit
                0x080014d4        0xc ./src/src/exti.o
                0x080014d4                EXTI_Clear_PendingBit
 .text.EXTI_Set_PendingBit
                0x080014e0       0x10 ./src/src/exti.o
                0x080014e0                EXTI_Set_PendingBit
 .text.uPMU_GPIO_Init
                0x080014f0      0x204 ./src/src/gpio.o
                0x080014f0                uPMU_GPIO_Init
 .text.OnBoard_Init
                0x080016f4      0x1c0 ./src/src/led.o
                0x080016f4                OnBoard_Init
 .text.GPIO_Write_LED
                0x080018b4       0x38 ./src/src/led.o
                0x080018b4                GPIO_Write_LED
 .text.uPMU_Set_Error_Code
                0x080018ec        0xc ./src/src/led.o
                0x080018ec                uPMU_Set_Error_Code
 .text.uPMU_NVIC_Init
                0x080018f8       0x70 ./src/src/nvic.o
                0x080018f8                uPMU_NVIC_Init
 .text.uPMU_Init_Process
                0x08001968        0x4 ./src/src/process.o
                0x08001968                uPMU_Init_Process
 .text.uPMU_AD7606_Reading
                0x0800196c      0x1b4 ./src/src/process.o
                0x0800196c                uPMU_AD7606_Reading
 .text.uPMU_Str_Data
                0x08001b20     0x121c ./src/src/process.o
                0x08001b20                uPMU_Str_Data
 .text.uPMU_Send_Data
                0x08002d3c        0xc ./src/src/process.o
                0x08002d3c                uPMU_Send_Data
 .text.SysTick_Init
                0x08002d48       0x40 ./src/src/systick.o
                0x08002d48                SysTick_Init
 .text.SysTick_IncrementTicks_CallBack
                0x08002d88       0x34 ./src/src/systick.o
                0x08002d88                SysTick_IncrementTicks_CallBack
 .text.SysTick_GetCurrentTick
                0x08002dbc        0xc ./src/src/systick.o
                0x08002dbc                SysTick_GetCurrentTick
 .text.USART2_TX_DMA_Config
                0x08002dc8       0x8c ./src/src/usart2.o
                0x08002dc8                USART2_TX_DMA_Config
 .text.USART2_RX_DMA_Config
                0x08002e54       0x98 ./src/src/usart2.o
                0x08002e54                USART2_RX_DMA_Config
 .text.uPMU_UART_Init
                0x08002eec       0xb8 ./src/src/usart2.o
                0x08002eec                uPMU_UART_Init
 .text.USART2_Enable
                0x08002fa4       0x78 ./src/src/usart2.o
                0x08002fa4                USART2_Enable
 .text.USART2_IRQ_CallBack
                0x0800301c       0x54 ./src/src/usart2.o
                0x0800301c                USART2_IRQ_CallBack
 .text.USART2_TX_DMA_IRQ_Callback
                0x08003070       0x14 ./src/src/usart2.o
                0x08003070                USART2_TX_DMA_IRQ_Callback
 .text.USART2_RX_DMA_IRQ_Callback
                0x08003084       0x4c ./src/src/usart2.o
                0x08003084                USART2_RX_DMA_IRQ_Callback
 .text.USART2_Tx_Str
                0x080030d0       0x28 ./src/src/usart2.o
                0x080030d0                USART2_Tx_Str
 .text.startup.main
                0x080030f8       0x3c ./src/main.o
                0x080030f8                main
 .text.Reset_Handler
                0x08003134       0x54 ./Libraries/Device/STM32F4xx/src/startup_stm32f40xx.o
                0x08003134                Reset_Handler
 .text.Default_Handler
                0x08003188        0x2 ./Libraries/Device/STM32F4xx/src/startup_stm32f40xx.o
                0x08003188                RTC_Alarm_IRQHandler
                0x08003188                HASH_RNG_IRQHandler
                0x08003188                EXTI2_IRQHandler
                0x08003188                TIM8_CC_IRQHandler
                0x08003188                TIM1_CC_IRQHandler
                0x08003188                DMA2_Stream5_IRQHandler
                0x08003188                PVD_IRQHandler
                0x08003188                SDIO_IRQHandler
                0x08003188                TAMP_STAMP_IRQHandler
                0x08003188                CAN2_RX1_IRQHandler
                0x08003188                EXTI3_IRQHandler
                0x08003188                TIM8_TRG_COM_TIM14_IRQHandler
                0x08003188                TIM1_UP_TIM10_IRQHandler
                0x08003188                TIM8_UP_TIM13_IRQHandler
                0x08003188                I2C3_ER_IRQHandler
                0x08003188                I2C2_EV_IRQHandler
                0x08003188                DMA1_Stream2_IRQHandler
                0x08003188                CAN1_RX0_IRQHandler
                0x08003188                FPU_IRQHandler
                0x08003188                OTG_HS_WKUP_IRQHandler
                0x08003188                CAN2_SCE_IRQHandler
                0x08003188                DMA2_Stream2_IRQHandler
                0x08003188                SPI1_IRQHandler
                0x08003188                TIM6_DAC_IRQHandler
                0x08003188                TIM1_BRK_TIM9_IRQHandler
                0x08003188                DCMI_IRQHandler
                0x08003188                CAN2_RX0_IRQHandler
                0x08003188                DMA2_Stream3_IRQHandler
                0x08003188                USART6_IRQHandler
                0x08003188                USART3_IRQHandler
                0x08003188                CRYP_IRQHandler
                0x08003188                CAN1_RX1_IRQHandler
                0x08003188                UART5_IRQHandler
                0x08003188                TIM4_IRQHandler
                0x08003188                I2C1_EV_IRQHandler
                0x08003188                DMA1_Stream1_IRQHandler
                0x08003188                UART4_IRQHandler
                0x08003188                TIM3_IRQHandler
                0x08003188                RCC_IRQHandler
                0x08003188                TIM8_BRK_TIM12_IRQHandler
                0x08003188                Default_Handler
                0x08003188                ADC_IRQHandler
                0x08003188                DMA1_Stream7_IRQHandler
                0x08003188                TIM7_IRQHandler
                0x08003188                CAN2_TX_IRQHandler
                0x08003188                TIM5_IRQHandler
                0x08003188                DMA2_Stream7_IRQHandler
                0x08003188                I2C3_EV_IRQHandler
                0x08003188                EXTI9_5_IRQHandler
                0x08003188                RTC_WKUP_IRQHandler
                0x08003188                ETH_WKUP_IRQHandler
                0x08003188                SPI2_IRQHandler
                0x08003188                OTG_HS_EP1_IN_IRQHandler
                0x08003188                DMA1_Stream0_IRQHandler
                0x08003188                CAN1_TX_IRQHandler
                0x08003188                EXTI4_IRQHandler
                0x08003188                FSMC_IRQHandler
                0x08003188                ETH_IRQHandler
                0x08003188                OTG_HS_EP1_OUT_IRQHandler
                0x08003188                WWDG_IRQHandler
                0x08003188                TIM2_IRQHandler
                0x08003188                OTG_FS_WKUP_IRQHandler
                0x08003188                TIM1_TRG_COM_TIM11_IRQHandler
                0x08003188                OTG_HS_IRQHandler
                0x08003188                I2C2_ER_IRQHandler
                0x08003188                DMA2_Stream1_IRQHandler
                0x08003188                CAN1_SCE_IRQHandler
                0x08003188                FLASH_IRQHandler
                0x08003188                DMA2_Stream4_IRQHandler
                0x08003188                USART1_IRQHandler
                0x08003188                OTG_FS_IRQHandler
                0x08003188                SPI3_IRQHandler
                0x08003188                DMA1_Stream4_IRQHandler
                0x08003188                I2C1_ER_IRQHandler
                0x08003188                DMA2_Stream6_IRQHandler
                0x08003188                DMA1_Stream3_IRQHandler
 *fill*         0x0800318a        0x2 
 .text.NMI_Handler
                0x0800318c        0x4 ./Libraries/Device/STM32F4xx/src/stm32f4xx_it.o
                0x0800318c                NMI_Handler
 .text.HardFault_Handler
                0x08003190        0x4 ./Libraries/Device/STM32F4xx/src/stm32f4xx_it.o
                0x08003190                HardFault_Handler
 .text.MemManage_Handler
                0x08003194        0x4 ./Libraries/Device/STM32F4xx/src/stm32f4xx_it.o
                0x08003194                MemManage_Handler
 .text.BusFault_Handler
                0x08003198        0x4 ./Libraries/Device/STM32F4xx/src/stm32f4xx_it.o
                0x08003198                BusFault_Handler
 .text.UsageFault_Handler
                0x0800319c        0x4 ./Libraries/Device/STM32F4xx/src/stm32f4xx_it.o
                0x0800319c                UsageFault_Handler
 .text.SVC_Handler
                0x080031a0        0x4 ./Libraries/Device/STM32F4xx/src/stm32f4xx_it.o
                0x080031a0                SVC_Handler
 .text.DebugMon_Handler
                0x080031a4        0x4 ./Libraries/Device/STM32F4xx/src/stm32f4xx_it.o
                0x080031a4                DebugMon_Handler
 .text.PendSV_Handler
                0x080031a8        0x4 ./Libraries/Device/STM32F4xx/src/stm32f4xx_it.o
                0x080031a8                PendSV_Handler
 .text.SysTick_Handler
                0x080031ac       0x10 ./Libraries/Device/STM32F4xx/src/stm32f4xx_it.o
                0x080031ac                SysTick_Handler
 .text.EXTI0_IRQHandler
                0x080031bc       0x2c ./Libraries/Device/STM32F4xx/src/stm32f4xx_it.o
                0x080031bc                EXTI0_IRQHandler
 .text.EXTI1_IRQHandler
                0x080031e8       0x20 ./Libraries/Device/STM32F4xx/src/stm32f4xx_it.o
                0x080031e8                EXTI1_IRQHandler
 .text.EXTI15_10_IRQHandler
                0x08003208       0x38 ./Libraries/Device/STM32F4xx/src/stm32f4xx_it.o
                0x08003208                EXTI15_10_IRQHandler
 .text.DMA2_Stream0_IRQHandler
                0x08003240       0x28 ./Libraries/Device/STM32F4xx/src/stm32f4xx_it.o
                0x08003240                DMA2_Stream0_IRQHandler
 .text.DMA1_Stream5_IRQHandler
                0x08003268        0x4 ./Libraries/Device/STM32F4xx/src/stm32f4xx_it.o
                0x08003268                DMA1_Stream5_IRQHandler
 .text.DMA1_Stream6_IRQHandler
                0x0800326c        0x4 ./Libraries/Device/STM32F4xx/src/stm32f4xx_it.o
                0x0800326c                DMA1_Stream6_IRQHandler
 .text.USART2_IRQHandler
                0x08003270        0x4 ./Libraries/Device/STM32F4xx/src/stm32f4xx_it.o
                0x08003270                USART2_IRQHandler
 .text.SystemInit
                0x08003274      0x110 ./Libraries/Device/STM32F4xx/src/system_stm32f4xx.o
                0x08003274                SystemInit
 .text.SystemCoreClockUpdate
                0x08003384       0x70 ./Libraries/Device/STM32F4xx/src/system_stm32f4xx.o
                0x08003384                SystemCoreClockUpdate
 .text.__libc_init_array
                0x080033f4       0x48 g:/stm/truestudio for stm32 9.3.0/armtools/bin/../lib/gcc/arm-atollic-eabi/6.3.1/../../../../arm-atollic-eabi/lib/armv7e-m/fpu\libc_nano.a(lib_a-init.o)
                0x080033f4                __libc_init_array
 .text.memcpy   0x0800343c       0x16 g:/stm/truestudio for stm32 9.3.0/armtools/bin/../lib/gcc/arm-atollic-eabi/6.3.1/../../../../arm-atollic-eabi/lib/armv7e-m/fpu\libc_nano.a(lib_a-memcpy-stub.o)
                0x0800343c                memcpy
 *fill*         0x08003452        0x6 
 .text.cos      0x08003458       0x88 g:/stm/truestudio for stm32 9.3.0/armtools/bin/../lib/gcc/arm-atollic-eabi/6.3.1/../../../../arm-atollic-eabi/lib/armv7e-m/fpu\libm.a(lib_a-s_cos.o)
                0x08003458                cos
 .text.sin      0x080034e0       0x90 g:/stm/truestudio for stm32 9.3.0/armtools/bin/../lib/gcc/arm-atollic-eabi/6.3.1/../../../../arm-atollic-eabi/lib/armv7e-m/fpu\libm.a(lib_a-s_sin.o)
                0x080034e0                sin
 .text.__ieee754_rem_pio2
                0x08003570      0x3e4 g:/stm/truestudio for stm32 9.3.0/armtools/bin/../lib/gcc/arm-atollic-eabi/6.3.1/../../../../arm-atollic-eabi/lib/armv7e-m/fpu\libm.a(lib_a-e_rem_pio2.o)
                0x08003570                __ieee754_rem_pio2
 *fill*         0x08003954        0x4 
 .text.__kernel_cos
                0x08003958      0x1cc g:/stm/truestudio for stm32 9.3.0/armtools/bin/../lib/gcc/arm-atollic-eabi/6.3.1/../../../../arm-atollic-eabi/lib/armv7e-m/fpu\libm.a(lib_a-k_cos.o)
                0x08003958                __kernel_cos
 *fill*         0x08003b24        0x4 
 .text.__kernel_rem_pio2
                0x08003b28      0x69c g:/stm/truestudio for stm32 9.3.0/armtools/bin/../lib/gcc/arm-atollic-eabi/6.3.1/../../../../arm-atollic-eabi/lib/armv7e-m/fpu\libm.a(lib_a-k_rem_pio2.o)
                0x08003b28                __kernel_rem_pio2
 *fill*         0x080041c4        0x4 
 .text.__kernel_sin
                0x080041c8      0x174 g:/stm/truestudio for stm32 9.3.0/armtools/bin/../lib/gcc/arm-atollic-eabi/6.3.1/../../../../arm-atollic-eabi/lib/armv7e-m/fpu\libm.a(lib_a-k_sin.o)
                0x080041c8                __kernel_sin
 .text.fabs     0x0800433c        0xe g:/stm/truestudio for stm32 9.3.0/armtools/bin/../lib/gcc/arm-atollic-eabi/6.3.1/../../../../arm-atollic-eabi/lib/armv7e-m/fpu\libm.a(lib_a-s_fabs.o)
                0x0800433c                fabs
 *fill*         0x0800434a        0x6 
 .text.floor    0x08004350      0x108 g:/stm/truestudio for stm32 9.3.0/armtools/bin/../lib/gcc/arm-atollic-eabi/6.3.1/../../../../arm-atollic-eabi/lib/armv7e-m/fpu\libm.a(lib_a-s_floor.o)
                0x08004350                floor
 .text.scalbn   0x08004458       0xf4 g:/stm/truestudio for stm32 9.3.0/armtools/bin/../lib/gcc/arm-atollic-eabi/6.3.1/../../../../arm-atollic-eabi/lib/armv7e-m/fpu\libm.a(lib_a-s_scalbn.o)
                0x08004458                scalbn
 .text.copysign
                0x0800454c       0x1a g:/stm/truestudio for stm32 9.3.0/armtools/bin/../lib/gcc/arm-atollic-eabi/6.3.1/../../../../arm-atollic-eabi/lib/armv7e-m/fpu\libm.a(lib_a-s_copysign.o)
                0x0800454c                copysign
 *(.glue_7)
 .glue_7        0x08004566        0x0 linker stubs
 *(.glue_7t)
 .glue_7t       0x08004566        0x0 linker stubs
 *(.eh_frame)
 *fill*         0x08004566        0x2 
 .eh_frame      0x08004568        0x0 g:/stm/truestudio for stm32 9.3.0/armtools/bin/../lib/gcc/arm-atollic-eabi/6.3.1/armv7e-m/fpu/crtbegin.o
 *(.init)
 .init          0x08004568        0x4 g:/stm/truestudio for stm32 9.3.0/armtools/bin/../lib/gcc/arm-atollic-eabi/6.3.1/armv7e-m/fpu/crti.o
                0x08004568                _init
 .init          0x0800456c        0x8 g:/stm/truestudio for stm32 9.3.0/armtools/bin/../lib/gcc/arm-atollic-eabi/6.3.1/armv7e-m/fpu/crtn.o
 *(.fini)
 .fini          0x08004574        0x4 g:/stm/truestudio for stm32 9.3.0/armtools/bin/../lib/gcc/arm-atollic-eabi/6.3.1/armv7e-m/fpu/crti.o
                0x08004574                _fini
 .fini          0x08004578        0x8 g:/stm/truestudio for stm32 9.3.0/armtools/bin/../lib/gcc/arm-atollic-eabi/6.3.1/armv7e-m/fpu/crtn.o
                0x08004580                . = ALIGN (0x4)
                0x08004580                _etext = .

.vfp11_veneer   0x08004580        0x0
 .vfp11_veneer  0x08004580        0x0 linker stubs

.v4_bx          0x08004580        0x0
 .v4_bx         0x08004580        0x0 linker stubs

.iplt           0x08004580        0x0
 .iplt          0x08004580        0x0 g:/stm/truestudio for stm32 9.3.0/armtools/bin/../lib/gcc/arm-atollic-eabi/6.3.1/armv7e-m/fpu/crtbegin.o

.rodata         0x08004580      0x1d8
                0x08004580                . = ALIGN (0x4)
 *(.rodata)
 *(.rodata*)
 .rodata.npio2_hw
                0x08004580       0x80 g:/stm/truestudio for stm32 9.3.0/armtools/bin/../lib/gcc/arm-atollic-eabi/6.3.1/../../../../arm-atollic-eabi/lib/armv7e-m/fpu\libm.a(lib_a-e_rem_pio2.o)
 .rodata.two_over_pi
                0x08004600      0x108 g:/stm/truestudio for stm32 9.3.0/armtools/bin/../lib/gcc/arm-atollic-eabi/6.3.1/../../../../arm-atollic-eabi/lib/armv7e-m/fpu\libm.a(lib_a-e_rem_pio2.o)
 .rodata.PIo2   0x08004708       0x40 g:/stm/truestudio for stm32 9.3.0/armtools/bin/../lib/gcc/arm-atollic-eabi/6.3.1/../../../../arm-atollic-eabi/lib/armv7e-m/fpu\libm.a(lib_a-k_rem_pio2.o)
 .rodata.init_jk
                0x08004748       0x10 g:/stm/truestudio for stm32 9.3.0/armtools/bin/../lib/gcc/arm-atollic-eabi/6.3.1/../../../../arm-atollic-eabi/lib/armv7e-m/fpu\libm.a(lib_a-k_rem_pio2.o)
                0x08004758                . = ALIGN (0x4)

.rel.dyn        0x08004758        0x0
 .rel.iplt      0x08004758        0x0 g:/stm/truestudio for stm32 9.3.0/armtools/bin/../lib/gcc/arm-atollic-eabi/6.3.1/armv7e-m/fpu/crtbegin.o

.ARM.extab
 *(.ARM.extab* .gnu.linkonce.armextab.*)

.ARM            0x08004758        0x0
                0x08004758                __exidx_start = .
 *(.ARM.exidx*)
                0x08004758                __exidx_end = .

.preinit_array  0x08004758        0x0
                0x08004758                PROVIDE (__preinit_array_start, .)
 *(.preinit_array*)
                0x08004758                PROVIDE (__preinit_array_end, .)

.init_array     0x08004758        0x4
                0x08004758                PROVIDE (__init_array_start, .)
 *(SORT(.init_array.*))
 *(.init_array*)
 .init_array    0x08004758        0x4 g:/stm/truestudio for stm32 9.3.0/armtools/bin/../lib/gcc/arm-atollic-eabi/6.3.1/armv7e-m/fpu/crtbegin.o
                0x0800475c                PROVIDE (__init_array_end, .)

.fini_array     0x0800475c        0x4
                [!provide]                PROVIDE (__fini_array_start, .)
 *(SORT(.fini_array.*))
 *(.fini_array*)
 .fini_array    0x0800475c        0x4 g:/stm/truestudio for stm32 9.3.0/armtools/bin/../lib/gcc/arm-atollic-eabi/6.3.1/armv7e-m/fpu/crtbegin.o
                [!provide]                PROVIDE (__fini_array_end, .)
                0x08004760                _sidata = LOADADDR (.data)

.data           0x20000000       0x14 load address 0x08004760
                0x20000000                . = ALIGN (0x4)
                0x20000000                _sdata = .
 *(.data)
 *(.data*)
 .data.AHBPrescTable
                0x20000000       0x10 ./Libraries/Device/STM32F4xx/src/system_stm32f4xx.o
                0x20000000                AHBPrescTable
 .data.SystemCoreClock
                0x20000010        0x4 ./Libraries/Device/STM32F4xx/src/system_stm32f4xx.o
                0x20000010                SystemCoreClock
                0x20000014                . = ALIGN (0x4)
                0x20000014                _edata = .
                0x08004774                _siccmram = LOADADDR (.ccmram)

.igot.plt       0x20000014        0x0 load address 0x08004774
 .igot.plt      0x20000014        0x0 g:/stm/truestudio for stm32 9.3.0/armtools/bin/../lib/gcc/arm-atollic-eabi/6.3.1/armv7e-m/fpu/crtbegin.o

.ccmram         0x10000000        0x0 load address 0x08004774
                0x10000000                . = ALIGN (0x4)
                0x10000000                _sccmram = .
 *(.ccmram)
 *(.ccmram*)
                0x10000000                . = ALIGN (0x4)
                0x10000000                _eccmram = .
                0x10000000                . = ALIGN (0x4)

.bss            0x20000014    0x1a230
                0x20000014                _sbss = .
                0x20000014                __bss_start__ = _sbss
 *(.bss)
 .bss           0x20000014       0x1c g:/stm/truestudio for stm32 9.3.0/armtools/bin/../lib/gcc/arm-atollic-eabi/6.3.1/armv7e-m/fpu/crtbegin.o
 *(.bss*)
 .bss.COS_ARRAY
                0x20000030      0x800 ./src/src/estimation.o
 .bss.DFT_PHASOR
                0x20000830       0x50 ./src/src/estimation.o
 .bss.OUT_ARRAY
                0x20000880    0x14000 ./src/src/estimation.o
 .bss.SIN_ARRAY
                0x20014880      0x800 ./src/src/estimation.o
 .bss.SUM_F     0x20015080        0x8 ./src/src/estimation.o
 .bss.SUM_PHASOR
                0x20015088       0x50 ./src/src/estimation.o
 .bss.mat_i     0x200150d8       0x24 ./src/src/estimation.o
 .bss.Error_Code
                0x200150fc        0x1 ./src/src/led.o
                0x200150fc                Error_Code
 *fill*         0x200150fd        0x3 
 .bss.ADC_ARRAY
                0x20015100     0x5000 ./src/src/process.o
 .bss.Read_Buffer
                0x2001a100        0x1 ./src/src/process.o
                0x2001a100                Read_Buffer
 *fill*         0x2001a101        0x1 
 .bss.SAMPLE    0x2001a102        0x2 ./src/src/process.o
                0x2001a102                SAMPLE
 .bss.SysTickCounter
                0x2001a104        0x4 ./src/src/systick.o
                0x2001a104                SysTickCounter
 .bss.RxBuffer  0x2001a108       0x15 ./src/src/usart2.o
 .bss.RxChar    0x2001a11d        0x1 ./src/src/usart2.o
 *fill*         0x2001a11e        0x2 
 .bss.RxDMABuffer
                0x2001a120       0x14 ./src/src/usart2.o
 .bss.RxMessageLength
                0x2001a134        0x1 ./src/src/usart2.o
 .bss.currentIRQStatus
                0x2001a135        0x1 ./src/src/usart2.o
 .bss.count.6901
                0x2001a136        0x1 ./Libraries/Device/STM32F4xx/src/stm32f4xx_it.o
 *(COMMON)
 *fill*         0x2001a137        0x1 
 COMMON         0x2001a138      0x10c ./src/src/process.o
                0x2001a138                DATA_String
                0x2001a1d8                OUT_PHASOR
                0x2001a228                ADC_BUFFER
                0x2001a23c                OUT_F
                0x2001a244                . = ALIGN (0x4)
                0x2001a244                _ebss = .
                0x2001a244                __bss_end__ = _ebss

._user_heap_stack
                0x2001a244      0xc00
                0x2001a244                . = ALIGN (0x4)
                [!provide]                PROVIDE (end, .)
                [!provide]                PROVIDE (_end, .)
                0x2001a644                . = (. + _Min_Heap_Size)
 *fill*         0x2001a244      0x400 
                0x2001ae44                . = (. + _Min_Stack_Size)
 *fill*         0x2001a644      0x800 
                0x2001ae44                . = ALIGN (0x4)

.memory_b1_text
 *(.mb1text)
 *(.mb1text*)
 *(.mb1rodata)
 *(.mb1rodata*)

/DISCARD/
 libc.a(*)
 libm.a(*)
 libgcc.a(*)

.ARM.attributes
                0x00000000       0x30
 *(.ARM.attributes)
 .ARM.attributes
                0x00000000       0x22 g:/stm/truestudio for stm32 9.3.0/armtools/bin/../lib/gcc/arm-atollic-eabi/6.3.1/armv7e-m/fpu/crti.o
 .ARM.attributes
                0x00000022       0x34 g:/stm/truestudio for stm32 9.3.0/armtools/bin/../lib/gcc/arm-atollic-eabi/6.3.1/armv7e-m/fpu/crtbegin.o
 .ARM.attributes
                0x00000056       0x35 ./src/src/estimation.o
 .ARM.attributes
                0x0000008b       0x35 ./src/src/exti.o
 .ARM.attributes
                0x000000c0       0x35 ./src/src/gpio.o
 .ARM.attributes
                0x000000f5       0x35 ./src/src/led.o
 .ARM.attributes
                0x0000012a       0x35 ./src/src/nvic.o
 .ARM.attributes
                0x0000015f       0x35 ./src/src/process.o
 .ARM.attributes
                0x00000194       0x35 ./src/src/systick.o
 .ARM.attributes
                0x000001c9       0x35 ./src/src/usart2.o
 .ARM.attributes
                0x000001fe       0x35 ./src/main.o
 .ARM.attributes
                0x00000233       0x21 ./Libraries/Device/STM32F4xx/src/startup_stm32f40xx.o
 .ARM.attributes
                0x00000254       0x35 ./Libraries/Device/STM32F4xx/src/stm32f4xx_it.o
 .ARM.attributes
                0x00000289       0x35 ./Libraries/Device/STM32F4xx/src/system_stm32f4xx.o
 .ARM.attributes
                0x000002be       0x34 g:/stm/truestudio for stm32 9.3.0/armtools/bin/../lib/gcc/arm-atollic-eabi/6.3.1/../../../../arm-atollic-eabi/lib/armv7e-m/fpu\libc_nano.a(lib_a-init.o)
 .ARM.attributes
                0x000002f2       0x34 g:/stm/truestudio for stm32 9.3.0/armtools/bin/../lib/gcc/arm-atollic-eabi/6.3.1/../../../../arm-atollic-eabi/lib/armv7e-m/fpu\libc_nano.a(lib_a-memcpy-stub.o)
 .ARM.attributes
                0x00000326       0x34 g:/stm/truestudio for stm32 9.3.0/armtools/bin/../lib/gcc/arm-atollic-eabi/6.3.1/../../../../arm-atollic-eabi/lib/armv7e-m/fpu\libm.a(lib_a-s_cos.o)
 .ARM.attributes
                0x0000035a       0x34 g:/stm/truestudio for stm32 9.3.0/armtools/bin/../lib/gcc/arm-atollic-eabi/6.3.1/../../../../arm-atollic-eabi/lib/armv7e-m/fpu\libm.a(lib_a-s_sin.o)
 .ARM.attributes
                0x0000038e       0x34 g:/stm/truestudio for stm32 9.3.0/armtools/bin/../lib/gcc/arm-atollic-eabi/6.3.1/../../../../arm-atollic-eabi/lib/armv7e-m/fpu\libm.a(lib_a-e_rem_pio2.o)
 .ARM.attributes
                0x000003c2       0x34 g:/stm/truestudio for stm32 9.3.0/armtools/bin/../lib/gcc/arm-atollic-eabi/6.3.1/../../../../arm-atollic-eabi/lib/armv7e-m/fpu\libm.a(lib_a-k_cos.o)
 .ARM.attributes
                0x000003f6       0x34 g:/stm/truestudio for stm32 9.3.0/armtools/bin/../lib/gcc/arm-atollic-eabi/6.3.1/../../../../arm-atollic-eabi/lib/armv7e-m/fpu\libm.a(lib_a-k_rem_pio2.o)
 .ARM.attributes
                0x0000042a       0x34 g:/stm/truestudio for stm32 9.3.0/armtools/bin/../lib/gcc/arm-atollic-eabi/6.3.1/../../../../arm-atollic-eabi/lib/armv7e-m/fpu\libm.a(lib_a-k_sin.o)
 .ARM.attributes
                0x0000045e       0x34 g:/stm/truestudio for stm32 9.3.0/armtools/bin/../lib/gcc/arm-atollic-eabi/6.3.1/../../../../arm-atollic-eabi/lib/armv7e-m/fpu\libm.a(lib_a-s_fabs.o)
 .ARM.attributes
                0x00000492       0x34 g:/stm/truestudio for stm32 9.3.0/armtools/bin/../lib/gcc/arm-atollic-eabi/6.3.1/../../../../arm-atollic-eabi/lib/armv7e-m/fpu\libm.a(lib_a-s_floor.o)
 .ARM.attributes
                0x000004c6       0x34 g:/stm/truestudio for stm32 9.3.0/armtools/bin/../lib/gcc/arm-atollic-eabi/6.3.1/../../../../arm-atollic-eabi/lib/armv7e-m/fpu\libm.a(lib_a-s_scalbn.o)
 .ARM.attributes
                0x000004fa       0x34 g:/stm/truestudio for stm32 9.3.0/armtools/bin/../lib/gcc/arm-atollic-eabi/6.3.1/../../../../arm-atollic-eabi/lib/armv7e-m/fpu\libm.a(lib_a-s_copysign.o)
 .ARM.attributes
                0x0000052e       0x22 g:/stm/truestudio for stm32 9.3.0/armtools/bin/../lib/gcc/arm-atollic-eabi/6.3.1/armv7e-m/fpu\libgcc.a(_arm_addsubdf3.o)
 .ARM.attributes
                0x00000550       0x22 g:/stm/truestudio for stm32 9.3.0/armtools/bin/../lib/gcc/arm-atollic-eabi/6.3.1/armv7e-m/fpu\libgcc.a(_arm_muldivdf3.o)
 .ARM.attributes
                0x00000572       0x22 g:/stm/truestudio for stm32 9.3.0/armtools/bin/../lib/gcc/arm-atollic-eabi/6.3.1/armv7e-m/fpu\libgcc.a(_arm_cmpdf2.o)
 .ARM.attributes
                0x00000594       0x22 g:/stm/truestudio for stm32 9.3.0/armtools/bin/../lib/gcc/arm-atollic-eabi/6.3.1/armv7e-m/fpu\libgcc.a(_arm_fixdfsi.o)
 .ARM.attributes
                0x000005b6       0x22 g:/stm/truestudio for stm32 9.3.0/armtools/bin/../lib/gcc/arm-atollic-eabi/6.3.1/armv7e-m/fpu\libgcc.a(_arm_fixunsdfsi.o)
 .ARM.attributes
                0x000005d8       0x22 g:/stm/truestudio for stm32 9.3.0/armtools/bin/../lib/gcc/arm-atollic-eabi/6.3.1/armv7e-m/fpu\libgcc.a(_arm_truncdfsf2.o)
 .ARM.attributes
                0x000005fa       0x22 g:/stm/truestudio for stm32 9.3.0/armtools/bin/../lib/gcc/arm-atollic-eabi/6.3.1/armv7e-m/fpu/crtn.o
OUTPUT(new8_Update0.elf elf32-littlearm)

.debug_info     0x00000000     0x6435
 .debug_info    0x00000000     0x1143 ./src/src/estimation.o
 .debug_info    0x00001143      0x466 ./src/src/exti.o
 .debug_info    0x000015a9      0x979 ./src/src/gpio.o
 .debug_info    0x00001f22      0xb10 ./src/src/led.o
 .debug_info    0x00002a32      0x85c ./src/src/nvic.o
 .debug_info    0x0000328e      0x827 ./src/src/process.o
 .debug_info    0x00003ab5      0x879 ./src/src/systick.o
 .debug_info    0x0000432e      0xf70 ./src/src/usart2.o
 .debug_info    0x0000529e      0x500 ./src/main.o
 .debug_info    0x0000579e       0x8b ./Libraries/Device/STM32F4xx/src/startup_stm32f40xx.o
 .debug_info    0x00005829      0x612 ./Libraries/Device/STM32F4xx/src/stm32f4xx_it.o
 .debug_info    0x00005e3b      0x5fa ./Libraries/Device/STM32F4xx/src/system_stm32f4xx.o

.debug_abbrev   0x00000000     0x16b7
 .debug_abbrev  0x00000000      0x317 ./src/src/estimation.o
 .debug_abbrev  0x00000317      0x155 ./src/src/exti.o
 .debug_abbrev  0x0000046c      0x203 ./src/src/gpio.o
 .debug_abbrev  0x0000066f      0x237 ./src/src/led.o
 .debug_abbrev  0x000008a6      0x1af ./src/src/nvic.o
 .debug_abbrev  0x00000a55      0x27e ./src/src/process.o
 .debug_abbrev  0x00000cd3      0x220 ./src/src/systick.o
 .debug_abbrev  0x00000ef3      0x352 ./src/src/usart2.o
 .debug_abbrev  0x00001245      0x125 ./src/main.o
 .debug_abbrev  0x0000136a       0x12 ./Libraries/Device/STM32F4xx/src/startup_stm32f40xx.o
 .debug_abbrev  0x0000137c      0x1be ./Libraries/Device/STM32F4xx/src/stm32f4xx_it.o
 .debug_abbrev  0x0000153a      0x17d ./Libraries/Device/STM32F4xx/src/system_stm32f4xx.o

.debug_loc      0x00000000     0x2587
 .debug_loc     0x00000000      0xa32 ./src/src/estimation.o
 .debug_loc     0x00000a32      0x178 ./src/src/exti.o
 .debug_loc     0x00000baa      0x48a ./src/src/gpio.o
 .debug_loc     0x00001034      0x4c3 ./src/src/led.o
 .debug_loc     0x000014f7      0x1dc ./src/src/nvic.o
 .debug_loc     0x000016d3      0x899 ./src/src/process.o
 .debug_loc     0x00001f6c       0x68 ./src/src/systick.o
 .debug_loc     0x00001fd4      0x478 ./src/src/usart2.o
 .debug_loc     0x0000244c      0x13b ./Libraries/Device/STM32F4xx/src/system_stm32f4xx.o

.debug_aranges  0x00000000      0x308
 .debug_aranges
                0x00000000       0x30 ./src/src/estimation.o
 .debug_aranges
                0x00000030       0x38 ./src/src/exti.o
 .debug_aranges
                0x00000068       0x48 ./src/src/gpio.o
 .debug_aranges
                0x000000b0       0x58 ./src/src/led.o
 .debug_aranges
                0x00000108       0x20 ./src/src/nvic.o
 .debug_aranges
                0x00000128       0x48 ./src/src/process.o
 .debug_aranges
                0x00000170       0x38 ./src/src/systick.o
 .debug_aranges
                0x000001a8       0x70 ./src/src/usart2.o
 .debug_aranges
                0x00000218       0x20 ./src/main.o
 .debug_aranges
                0x00000238       0x28 ./Libraries/Device/STM32F4xx/src/startup_stm32f40xx.o
 .debug_aranges
                0x00000260       0x80 ./Libraries/Device/STM32F4xx/src/stm32f4xx_it.o
 .debug_aranges
                0x000002e0       0x28 ./Libraries/Device/STM32F4xx/src/system_stm32f4xx.o

.debug_ranges   0x00000000      0xb20
 .debug_ranges  0x00000000      0x268 ./src/src/estimation.o
 .debug_ranges  0x00000268       0x28 ./src/src/exti.o
 .debug_ranges  0x00000290      0x178 ./src/src/gpio.o
 .debug_ranges  0x00000408      0x218 ./src/src/led.o
 .debug_ranges  0x00000620      0x150 ./src/src/nvic.o
 .debug_ranges  0x00000770      0x100 ./src/src/process.o
 .debug_ranges  0x00000870       0x48 ./src/src/systick.o
 .debug_ranges  0x000008b8      0x198 ./src/src/usart2.o
 .debug_ranges  0x00000a50       0x10 ./src/main.o
 .debug_ranges  0x00000a60       0x20 ./Libraries/Device/STM32F4xx/src/startup_stm32f40xx.o
 .debug_ranges  0x00000a80       0x70 ./Libraries/Device/STM32F4xx/src/stm32f4xx_it.o
 .debug_ranges  0x00000af0       0x30 ./Libraries/Device/STM32F4xx/src/system_stm32f4xx.o

.debug_line     0x00000000     0x2340
 .debug_line    0x00000000      0x4ee ./src/src/estimation.o
 .debug_line    0x000004ee      0x1d8 ./src/src/exti.o
 .debug_line    0x000006c6      0x31e ./src/src/gpio.o
 .debug_line    0x000009e4      0x356 ./src/src/led.o
 .debug_line    0x00000d3a      0x1ac ./src/src/nvic.o
 .debug_line    0x00000ee6      0x6f2 ./src/src/process.o
 .debug_line    0x000015d8      0x1e7 ./src/src/systick.o
 .debug_line    0x000017bf      0x442 ./src/src/usart2.o
 .debug_line    0x00001c01      0x1eb ./src/main.o
 .debug_line    0x00001dec       0x98 ./Libraries/Device/STM32F4xx/src/startup_stm32f40xx.o
 .debug_line    0x00001e84      0x2ba ./Libraries/Device/STM32F4xx/src/stm32f4xx_it.o
 .debug_line    0x0000213e      0x202 ./Libraries/Device/STM32F4xx/src/system_stm32f4xx.o

.debug_str      0x00000000     0x1abf
 .debug_str     0x00000000      0x803 ./src/src/estimation.o
                                0x8b7 (size before relaxing)
 .debug_str     0x00000803      0x205 ./src/src/exti.o
                                0x3fa (size before relaxing)
 .debug_str     0x00000a08      0x1a3 ./src/src/gpio.o
                                0x50a (size before relaxing)
 .debug_str     0x00000bab      0x609 ./src/src/led.o
                                0xa60 (size before relaxing)
 .debug_str     0x000011b4      0x11b ./src/src/nvic.o
                                0x82b (size before relaxing)
 .debug_str     0x000012cf      0x217 ./src/src/process.o
                                0x58f (size before relaxing)
 .debug_str     0x000014e6       0xd5 ./src/src/systick.o
                                0x926 (size before relaxing)
 .debug_str     0x000015bb      0x2c9 ./src/src/usart2.o
                                0x78e (size before relaxing)
 .debug_str     0x00001884       0x2c ./src/main.o
                                0x449 (size before relaxing)
 .debug_str     0x000018b0      0x152 ./Libraries/Device/STM32F4xx/src/stm32f4xx_it.o
                                0x644 (size before relaxing)
 .debug_str     0x00001a02       0xbd ./Libraries/Device/STM32F4xx/src/system_stm32f4xx.o
                                0x41e (size before relaxing)

.comment        0x00000000       0x7c
 .comment       0x00000000       0x7c ./src/src/estimation.o
                                 0x7d (size before relaxing)
 .comment       0x0000007c       0x7d ./src/src/exti.o
 .comment       0x0000007c       0x7d ./src/src/gpio.o
 .comment       0x0000007c       0x7d ./src/src/led.o
 .comment       0x0000007c       0x7d ./src/src/nvic.o
 .comment       0x0000007c       0x7d ./src/src/process.o
 .comment       0x0000007c       0x7d ./src/src/systick.o
 .comment       0x0000007c       0x7d ./src/src/usart2.o
 .comment       0x0000007c       0x7d ./src/main.o
 .comment       0x0000007c       0x7d ./Libraries/Device/STM32F4xx/src/stm32f4xx_it.o
 .comment       0x0000007c       0x7d ./Libraries/Device/STM32F4xx/src/system_stm32f4xx.o

.debug_frame    0x00000000      0xb44
 .debug_frame   0x00000000       0xc0 ./src/src/estimation.o
 .debug_frame   0x000000c0       0x68 ./src/src/exti.o
 .debug_frame   0x00000128       0xa8 ./src/src/gpio.o
 .debug_frame   0x000001d0       0xcc ./src/src/led.o
 .debug_frame   0x0000029c       0x30 ./src/src/nvic.o
 .debug_frame   0x000002cc       0xe0 ./src/src/process.o
 .debug_frame   0x000003ac       0x5c ./src/src/systick.o
 .debug_frame   0x00000408      0x100 ./src/src/usart2.o
 .debug_frame   0x00000508       0x28 ./src/main.o
 .debug_frame   0x00000530      0x150 ./Libraries/Device/STM32F4xx/src/stm32f4xx_it.o
 .debug_frame   0x00000680       0x3c ./Libraries/Device/STM32F4xx/src/system_stm32f4xx.o
 .debug_frame   0x000006bc       0x2c g:/stm/truestudio for stm32 9.3.0/armtools/bin/../lib/gcc/arm-atollic-eabi/6.3.1/../../../../arm-atollic-eabi/lib/armv7e-m/fpu\libc_nano.a(lib_a-init.o)
 .debug_frame   0x000006e8       0x28 g:/stm/truestudio for stm32 9.3.0/armtools/bin/../lib/gcc/arm-atollic-eabi/6.3.1/../../../../arm-atollic-eabi/lib/armv7e-m/fpu\libc_nano.a(lib_a-memcpy-stub.o)
 .debug_frame   0x00000710       0x2c g:/stm/truestudio for stm32 9.3.0/armtools/bin/../lib/gcc/arm-atollic-eabi/6.3.1/../../../../arm-atollic-eabi/lib/armv7e-m/fpu\libm.a(lib_a-s_cos.o)
 .debug_frame   0x0000073c       0x2c g:/stm/truestudio for stm32 9.3.0/armtools/bin/../lib/gcc/arm-atollic-eabi/6.3.1/../../../../arm-atollic-eabi/lib/armv7e-m/fpu\libm.a(lib_a-s_sin.o)
 .debug_frame   0x00000768       0x40 g:/stm/truestudio for stm32 9.3.0/armtools/bin/../lib/gcc/arm-atollic-eabi/6.3.1/../../../../arm-atollic-eabi/lib/armv7e-m/fpu\libm.a(lib_a-e_rem_pio2.o)
 .debug_frame   0x000007a8       0x40 g:/stm/truestudio for stm32 9.3.0/armtools/bin/../lib/gcc/arm-atollic-eabi/6.3.1/../../../../arm-atollic-eabi/lib/armv7e-m/fpu\libm.a(lib_a-k_cos.o)
 .debug_frame   0x000007e8       0x54 g:/stm/truestudio for stm32 9.3.0/armtools/bin/../lib/gcc/arm-atollic-eabi/6.3.1/../../../../arm-atollic-eabi/lib/armv7e-m/fpu\libm.a(lib_a-k_rem_pio2.o)
 .debug_frame   0x0000083c       0x40 g:/stm/truestudio for stm32 9.3.0/armtools/bin/../lib/gcc/arm-atollic-eabi/6.3.1/../../../../arm-atollic-eabi/lib/armv7e-m/fpu\libm.a(lib_a-k_sin.o)
 .debug_frame   0x0000087c       0x20 g:/stm/truestudio for stm32 9.3.0/armtools/bin/../lib/gcc/arm-atollic-eabi/6.3.1/../../../../arm-atollic-eabi/lib/armv7e-m/fpu\libm.a(lib_a-s_fabs.o)
 .debug_frame   0x0000089c       0x30 g:/stm/truestudio for stm32 9.3.0/armtools/bin/../lib/gcc/arm-atollic-eabi/6.3.1/../../../../arm-atollic-eabi/lib/armv7e-m/fpu\libm.a(lib_a-s_floor.o)
 .debug_frame   0x000008cc       0x2c g:/stm/truestudio for stm32 9.3.0/armtools/bin/../lib/gcc/arm-atollic-eabi/6.3.1/../../../../arm-atollic-eabi/lib/armv7e-m/fpu\libm.a(lib_a-s_scalbn.o)
 .debug_frame   0x000008f8       0x20 g:/stm/truestudio for stm32 9.3.0/armtools/bin/../lib/gcc/arm-atollic-eabi/6.3.1/../../../../arm-atollic-eabi/lib/armv7e-m/fpu\libm.a(lib_a-s_copysign.o)
 .debug_frame   0x00000918       0xac g:/stm/truestudio for stm32 9.3.0/armtools/bin/../lib/gcc/arm-atollic-eabi/6.3.1/armv7e-m/fpu\libgcc.a(_arm_addsubdf3.o)
 .debug_frame   0x000009c4       0x50 g:/stm/truestudio for stm32 9.3.0/armtools/bin/../lib/gcc/arm-atollic-eabi/6.3.1/armv7e-m/fpu\libgcc.a(_arm_muldivdf3.o)
 .debug_frame   0x00000a14       0xc4 g:/stm/truestudio for stm32 9.3.0/armtools/bin/../lib/gcc/arm-atollic-eabi/6.3.1/armv7e-m/fpu\libgcc.a(_arm_cmpdf2.o)
 .debug_frame   0x00000ad8       0x24 g:/stm/truestudio for stm32 9.3.0/armtools/bin/../lib/gcc/arm-atollic-eabi/6.3.1/armv7e-m/fpu\libgcc.a(_arm_fixdfsi.o)
 .debug_frame   0x00000afc       0x24 g:/stm/truestudio for stm32 9.3.0/armtools/bin/../lib/gcc/arm-atollic-eabi/6.3.1/armv7e-m/fpu\libgcc.a(_arm_fixunsdfsi.o)
 .debug_frame   0x00000b20       0x24 g:/stm/truestudio for stm32 9.3.0/armtools/bin/../lib/gcc/arm-atollic-eabi/6.3.1/armv7e-m/fpu\libgcc.a(_arm_truncdfsf2.o)

Cross Reference Table

Symbol                                            File
ADC_BUFFER                                        ./src/src/process.o
                                                  ./src/src/estimation.o
ADC_IRQHandler                                    ./Libraries/Device/STM32F4xx/src/startup_stm32f40xx.o
AHBPrescTable                                     ./Libraries/Device/STM32F4xx/src/system_stm32f4xx.o
BusFault_Handler                                  ./Libraries/Device/STM32F4xx/src/stm32f4xx_it.o
                                                  ./Libraries/Device/STM32F4xx/src/startup_stm32f40xx.o
CAN1_RX0_IRQHandler                               ./Libraries/Device/STM32F4xx/src/startup_stm32f40xx.o
CAN1_RX1_IRQHandler                               ./Libraries/Device/STM32F4xx/src/startup_stm32f40xx.o
CAN1_SCE_IRQHandler                               ./Libraries/Device/STM32F4xx/src/startup_stm32f40xx.o
CAN1_TX_IRQHandler                                ./Libraries/Device/STM32F4xx/src/startup_stm32f40xx.o
CAN2_RX0_IRQHandler                               ./Libraries/Device/STM32F4xx/src/startup_stm32f40xx.o
CAN2_RX1_IRQHandler                               ./Libraries/Device/STM32F4xx/src/startup_stm32f40xx.o
CAN2_SCE_IRQHandler                               ./Libraries/Device/STM32F4xx/src/startup_stm32f40xx.o
CAN2_TX_IRQHandler                                ./Libraries/Device/STM32F4xx/src/startup_stm32f40xx.o
CRYP_IRQHandler                                   ./Libraries/Device/STM32F4xx/src/startup_stm32f40xx.o
Control_Pins_Init                                 ./src/src/gpio.o
DATA_String                                       ./src/src/process.o
DCMI_IRQHandler                                   ./Libraries/Device/STM32F4xx/src/startup_stm32f40xx.o
DEGREE                                            ./src/src/estimation.o
DMA1_Stream0_IRQHandler                           ./Libraries/Device/STM32F4xx/src/startup_stm32f40xx.o
DMA1_Stream1_IRQHandler                           ./Libraries/Device/STM32F4xx/src/startup_stm32f40xx.o
DMA1_Stream2_IRQHandler                           ./Libraries/Device/STM32F4xx/src/startup_stm32f40xx.o
DMA1_Stream3_IRQHandler                           ./Libraries/Device/STM32F4xx/src/startup_stm32f40xx.o
DMA1_Stream4_IRQHandler                           ./Libraries/Device/STM32F4xx/src/startup_stm32f40xx.o
DMA1_Stream5_IRQHandler                           ./Libraries/Device/STM32F4xx/src/stm32f4xx_it.o
                                                  ./Libraries/Device/STM32F4xx/src/startup_stm32f40xx.o
DMA1_Stream6_IRQHandler                           ./Libraries/Device/STM32F4xx/src/stm32f4xx_it.o
                                                  ./Libraries/Device/STM32F4xx/src/startup_stm32f40xx.o
DMA1_Stream7_IRQHandler                           ./Libraries/Device/STM32F4xx/src/startup_stm32f40xx.o
DMA2_Stream0_Enable                               ./src/src/dma.o
DMA2_Stream0_IRQHandler                           ./Libraries/Device/STM32F4xx/src/stm32f4xx_it.o
                                                  ./Libraries/Device/STM32F4xx/src/startup_stm32f40xx.o
DMA2_Stream0_Init                                 ./src/src/dma.o
DMA2_Stream0_Set_Addresses                        ./src/src/dma.o
DMA2_Stream1_IRQHandler                           ./Libraries/Device/STM32F4xx/src/startup_stm32f40xx.o
DMA2_Stream2_IRQHandler                           ./Libraries/Device/STM32F4xx/src/startup_stm32f40xx.o
DMA2_Stream3_IRQHandler                           ./Libraries/Device/STM32F4xx/src/startup_stm32f40xx.o
DMA2_Stream4_IRQHandler                           ./Libraries/Device/STM32F4xx/src/startup_stm32f40xx.o
DMA2_Stream5_IRQHandler                           ./Libraries/Device/STM32F4xx/src/startup_stm32f40xx.o
DMA2_Stream6_IRQHandler                           ./Libraries/Device/STM32F4xx/src/startup_stm32f40xx.o
DMA2_Stream7_IRQHandler                           ./Libraries/Device/STM32F4xx/src/startup_stm32f40xx.o
Data_Port_Init                                    ./src/src/gpio.o
DebugMon_Handler                                  ./Libraries/Device/STM32F4xx/src/stm32f4xx_it.o
                                                  ./Libraries/Device/STM32F4xx/src/startup_stm32f40xx.o
Default_Handler                                   ./Libraries/Device/STM32F4xx/src/startup_stm32f40xx.o
Delta_t                                           ./src/src/estimation.o
ETH_IRQHandler                                    ./Libraries/Device/STM32F4xx/src/startup_stm32f40xx.o
ETH_WKUP_IRQHandler                               ./Libraries/Device/STM32F4xx/src/startup_stm32f40xx.o
EXTI0_IRQHandler                                  ./Libraries/Device/STM32F4xx/src/stm32f4xx_it.o
                                                  ./Libraries/Device/STM32F4xx/src/startup_stm32f40xx.o
EXTI15_10_IRQHandler                              ./Libraries/Device/STM32F4xx/src/stm32f4xx_it.o
                                                  ./Libraries/Device/STM32F4xx/src/startup_stm32f40xx.o
EXTI1_IRQHandler                                  ./Libraries/Device/STM32F4xx/src/stm32f4xx_it.o
                                                  ./Libraries/Device/STM32F4xx/src/startup_stm32f40xx.o
EXTI2_IRQHandler                                  ./Libraries/Device/STM32F4xx/src/startup_stm32f40xx.o
EXTI3_IRQHandler                                  ./Libraries/Device/STM32F4xx/src/startup_stm32f40xx.o
EXTI4_IRQHandler                                  ./Libraries/Device/STM32F4xx/src/startup_stm32f40xx.o
EXTI9_5_IRQHandler                                ./Libraries/Device/STM32F4xx/src/startup_stm32f40xx.o
EXTI_Clear_PendingBit                             ./src/src/exti.o
                                                  ./Libraries/Device/STM32F4xx/src/stm32f4xx_it.o
EXTI_Line_Check                                   ./src/src/exti.o
                                                  ./Libraries/Device/STM32F4xx/src/stm32f4xx_it.o
                                                  ./src/src/led.o
EXTI_Set_PendingBit                               ./src/src/exti.o
                                                  ./src/src/process.o
                                                  ./src/src/led.o
Error_Code                                        ./src/src/led.o
FACTOR                                            ./src/src/estimation.o
FLASH_IRQHandler                                  ./Libraries/Device/STM32F4xx/src/startup_stm32f40xx.o
FPU_IRQHandler                                    ./Libraries/Device/STM32F4xx/src/startup_stm32f40xx.o
FSMC_IRQHandler                                   ./Libraries/Device/STM32F4xx/src/startup_stm32f40xx.o
Freq_t                                            ./src/src/estimation.o
GPIO_Bit_Init_AF                                  ./src/src/gpio.o
GPIO_Bit_Init_Input                               ./src/src/gpio.o
GPIO_Bit_Init_Output                              ./src/src/gpio.o
GPIO_Init_BUTTON                                  ./src/src/led.o
GPIO_Init_LED                                     ./src/src/led.o
GPIO_Read_LED                                     ./src/src/led.o
GPIO_Write_LED                                    ./src/src/led.o
                                                  ./Libraries/Device/STM32F4xx/src/stm32f4xx_it.o
                                                  ./src/src/usart2.o
                                                  ./src/src/process.o
HASH_RNG_IRQHandler                               ./Libraries/Device/STM32F4xx/src/startup_stm32f40xx.o
HardFault_Handler                                 ./Libraries/Device/STM32F4xx/src/stm32f4xx_it.o
                                                  ./Libraries/Device/STM32F4xx/src/startup_stm32f40xx.o
I2C1_ER_IRQHandler                                ./Libraries/Device/STM32F4xx/src/startup_stm32f40xx.o
I2C1_EV_IRQHandler                                ./Libraries/Device/STM32F4xx/src/startup_stm32f40xx.o
I2C2_ER_IRQHandler                                ./Libraries/Device/STM32F4xx/src/startup_stm32f40xx.o
I2C2_EV_IRQHandler                                ./Libraries/Device/STM32F4xx/src/startup_stm32f40xx.o
I2C3_ER_IRQHandler                                ./Libraries/Device/STM32F4xx/src/startup_stm32f40xx.o
I2C3_EV_IRQHandler                                ./Libraries/Device/STM32F4xx/src/startup_stm32f40xx.o
LEDS                                              ./src/src/led.o
LookUp_Init                                       ./src/src/estimation.o
                                                  ./src/src/process.o
MemManage_Handler                                 ./Libraries/Device/STM32F4xx/src/stm32f4xx_it.o
                                                  ./Libraries/Device/STM32F4xx/src/startup_stm32f40xx.o
NMI_Handler                                       ./Libraries/Device/STM32F4xx/src/stm32f4xx_it.o
                                                  ./Libraries/Device/STM32F4xx/src/startup_stm32f40xx.o
OTG_FS_IRQHandler                                 ./Libraries/Device/STM32F4xx/src/startup_stm32f40xx.o
OTG_FS_WKUP_IRQHandler                            ./Libraries/Device/STM32F4xx/src/startup_stm32f40xx.o
OTG_HS_EP1_IN_IRQHandler                          ./Libraries/Device/STM32F4xx/src/startup_stm32f40xx.o
OTG_HS_EP1_OUT_IRQHandler                         ./Libraries/Device/STM32F4xx/src/startup_stm32f40xx.o
OTG_HS_IRQHandler                                 ./Libraries/Device/STM32F4xx/src/startup_stm32f40xx.o
OTG_HS_WKUP_IRQHandler                            ./Libraries/Device/STM32F4xx/src/startup_stm32f40xx.o
OUT_F                                             ./src/src/process.o
                                                  ./src/src/estimation.o
OUT_PHASOR                                        ./src/src/process.o
                                                  ./src/src/estimation.o
OnBoard_Init                                      ./src/src/led.o
                                                  ./src/main.o
PI2                                               ./src/src/estimation.o
PI_2                                              ./src/src/estimation.o
PI_4                                              ./src/src/estimation.o
PVD_IRQHandler                                    ./Libraries/Device/STM32F4xx/src/startup_stm32f40xx.o
PendSV_Handler                                    ./Libraries/Device/STM32F4xx/src/stm32f4xx_it.o
                                                  ./Libraries/Device/STM32F4xx/src/startup_stm32f40xx.o
RCC_IRQHandler                                    ./Libraries/Device/STM32F4xx/src/startup_stm32f40xx.o
RTC_Alarm_IRQHandler                              ./Libraries/Device/STM32F4xx/src/startup_stm32f40xx.o
RTC_WKUP_IRQHandler                               ./Libraries/Device/STM32F4xx/src/startup_stm32f40xx.o
Read_Buffer                                       ./src/src/process.o
                                                  ./src/src/estimation.o
Reset_Handler                                     ./Libraries/Device/STM32F4xx/src/startup_stm32f40xx.o
SAMPLE                                            ./src/src/process.o
SDIO_IRQHandler                                   ./Libraries/Device/STM32F4xx/src/startup_stm32f40xx.o
SPI1_IRQHandler                                   ./Libraries/Device/STM32F4xx/src/startup_stm32f40xx.o
SPI2_IRQHandler                                   ./Libraries/Device/STM32F4xx/src/startup_stm32f40xx.o
SPI3_IRQHandler                                   ./Libraries/Device/STM32F4xx/src/startup_stm32f40xx.o
SVC_Handler                                       ./Libraries/Device/STM32F4xx/src/stm32f4xx_it.o
                                                  ./Libraries/Device/STM32F4xx/src/startup_stm32f40xx.o
SysTickCounter                                    ./src/src/systick.o
SysTick_Delay                                     ./src/src/systick.o
SysTick_GetCurrentTick                            ./src/src/systick.o
                                                  ./Libraries/Device/STM32F4xx/src/stm32f4xx_it.o
SysTick_Handler                                   ./Libraries/Device/STM32F4xx/src/stm32f4xx_it.o
                                                  ./Libraries/Device/STM32F4xx/src/startup_stm32f40xx.o
SysTick_IncrementTicks_CallBack                   ./src/src/systick.o
                                                  ./Libraries/Device/STM32F4xx/src/stm32f4xx_it.o
SysTick_Init                                      ./src/src/systick.o
                                                  ./src/main.o
SystemCoreClock                                   ./Libraries/Device/STM32F4xx/src/system_stm32f4xx.o
                                                  ./src/src/systick.o
SystemCoreClockUpdate                             ./Libraries/Device/STM32F4xx/src/system_stm32f4xx.o
                                                  ./src/src/systick.o
SystemInit                                        ./Libraries/Device/STM32F4xx/src/system_stm32f4xx.o
                                                  ./Libraries/Device/STM32F4xx/src/startup_stm32f40xx.o
TAMP_STAMP_IRQHandler                             ./Libraries/Device/STM32F4xx/src/startup_stm32f40xx.o
TAN_F                                             ./src/src/estimation.o
TIM1_BRK_TIM9_IRQHandler                          ./Libraries/Device/STM32F4xx/src/startup_stm32f40xx.o
TIM1_CC_IRQHandler                                ./Libraries/Device/STM32F4xx/src/startup_stm32f40xx.o
TIM1_TRG_COM_TIM11_IRQHandler                     ./Libraries/Device/STM32F4xx/src/startup_stm32f40xx.o
TIM1_UP_TIM10_IRQHandler                          ./Libraries/Device/STM32F4xx/src/startup_stm32f40xx.o
TIM2_IRQHandler                                   ./Libraries/Device/STM32F4xx/src/startup_stm32f40xx.o
TIM3_IRQHandler                                   ./Libraries/Device/STM32F4xx/src/startup_stm32f40xx.o
TIM4_IRQHandler                                   ./Libraries/Device/STM32F4xx/src/startup_stm32f40xx.o
TIM5_IRQHandler                                   ./Libraries/Device/STM32F4xx/src/startup_stm32f40xx.o
TIM6_DAC_IRQHandler                               ./Libraries/Device/STM32F4xx/src/startup_stm32f40xx.o
TIM7_IRQHandler                                   ./Libraries/Device/STM32F4xx/src/startup_stm32f40xx.o
TIM8_BRK_TIM12_IRQHandler                         ./Libraries/Device/STM32F4xx/src/startup_stm32f40xx.o
TIM8_CC_IRQHandler                                ./Libraries/Device/STM32F4xx/src/startup_stm32f40xx.o
TIM8_TRG_COM_TIM14_IRQHandler                     ./Libraries/Device/STM32F4xx/src/startup_stm32f40xx.o
TIM8_UP_TIM13_IRQHandler                          ./Libraries/Device/STM32F4xx/src/startup_stm32f40xx.o
UART4_IRQHandler                                  ./Libraries/Device/STM32F4xx/src/startup_stm32f40xx.o
UART5_IRQHandler                                  ./Libraries/Device/STM32F4xx/src/startup_stm32f40xx.o
USART1_IRQHandler                                 ./Libraries/Device/STM32F4xx/src/startup_stm32f40xx.o
USART2_Enable                                     ./src/src/usart2.o
                                                  ./src/main.o
USART2_GPIO_Config                                ./src/src/usart2.o
USART2_IRQHandler                                 ./Libraries/Device/STM32F4xx/src/stm32f4xx_it.o
                                                  ./Libraries/Device/STM32F4xx/src/startup_stm32f40xx.o
USART2_IRQ_CallBack                               ./src/src/usart2.o
                                                  ./Libraries/Device/STM32F4xx/src/stm32f4xx_it.o
USART2_Init                                       ./src/src/usart2.o
USART2_Process                                    ./src/src/usart2.o
USART2_RX_DMA_Config                              ./src/src/usart2.o
USART2_RX_DMA_IRQ_Callback                        ./src/src/usart2.o
                                                  ./Libraries/Device/STM32F4xx/src/stm32f4xx_it.o
USART2_TX_DMA_Config                              ./src/src/usart2.o
USART2_TX_DMA_IRQ_Callback                        ./src/src/usart2.o
                                                  ./Libraries/Device/STM32F4xx/src/stm32f4xx_it.o
USART2_Tx_Str                                     ./src/src/usart2.o
                                                  ./src/src/process.o
USART3_IRQHandler                                 ./Libraries/Device/STM32F4xx/src/startup_stm32f40xx.o
USART6_IRQHandler                                 ./Libraries/Device/STM32F4xx/src/startup_stm32f40xx.o
UsageFault_Handler                                ./Libraries/Device/STM32F4xx/src/stm32f4xx_it.o
                                                  ./Libraries/Device/STM32F4xx/src/startup_stm32f40xx.o
WWDG_IRQHandler                                   ./Libraries/Device/STM32F4xx/src/startup_stm32f40xx.o
__adddf3                                          g:/stm/truestudio for stm32 9.3.0/armtools/bin/../lib/gcc/arm-atollic-eabi/6.3.1/armv7e-m/fpu\libgcc.a(_arm_addsubdf3.o)
__aeabi_cdcmpeq                                   g:/stm/truestudio for stm32 9.3.0/armtools/bin/../lib/gcc/arm-atollic-eabi/6.3.1/armv7e-m/fpu\libgcc.a(_arm_cmpdf2.o)
__aeabi_cdcmple                                   g:/stm/truestudio for stm32 9.3.0/armtools/bin/../lib/gcc/arm-atollic-eabi/6.3.1/armv7e-m/fpu\libgcc.a(_arm_cmpdf2.o)
__aeabi_cdrcmple                                  g:/stm/truestudio for stm32 9.3.0/armtools/bin/../lib/gcc/arm-atollic-eabi/6.3.1/armv7e-m/fpu\libgcc.a(_arm_cmpdf2.o)
__aeabi_d2f                                       g:/stm/truestudio for stm32 9.3.0/armtools/bin/../lib/gcc/arm-atollic-eabi/6.3.1/armv7e-m/fpu\libgcc.a(_arm_truncdfsf2.o)
                                                  ./src/src/estimation.o
__aeabi_d2iz                                      g:/stm/truestudio for stm32 9.3.0/armtools/bin/../lib/gcc/arm-atollic-eabi/6.3.1/armv7e-m/fpu\libgcc.a(_arm_fixdfsi.o)
                                                  g:/stm/truestudio for stm32 9.3.0/armtools/bin/../lib/gcc/arm-atollic-eabi/6.3.1/../../../../arm-atollic-eabi/lib/armv7e-m/fpu\libm.a(lib_a-k_sin.o)
                                                  g:/stm/truestudio for stm32 9.3.0/armtools/bin/../lib/gcc/arm-atollic-eabi/6.3.1/../../../../arm-atollic-eabi/lib/armv7e-m/fpu\libm.a(lib_a-k_rem_pio2.o)
                                                  g:/stm/truestudio for stm32 9.3.0/armtools/bin/../lib/gcc/arm-atollic-eabi/6.3.1/../../../../arm-atollic-eabi/lib/armv7e-m/fpu\libm.a(lib_a-k_cos.o)
                                                  g:/stm/truestudio for stm32 9.3.0/armtools/bin/../lib/gcc/arm-atollic-eabi/6.3.1/../../../../arm-atollic-eabi/lib/armv7e-m/fpu\libm.a(lib_a-e_rem_pio2.o)
__aeabi_d2uiz                                     g:/stm/truestudio for stm32 9.3.0/armtools/bin/../lib/gcc/arm-atollic-eabi/6.3.1/armv7e-m/fpu\libgcc.a(_arm_fixunsdfsi.o)
                                                  ./src/src/process.o
__aeabi_dadd                                      g:/stm/truestudio for stm32 9.3.0/armtools/bin/../lib/gcc/arm-atollic-eabi/6.3.1/armv7e-m/fpu\libgcc.a(_arm_addsubdf3.o)
                                                  g:/stm/truestudio for stm32 9.3.0/armtools/bin/../lib/gcc/arm-atollic-eabi/6.3.1/../../../../arm-atollic-eabi/lib/armv7e-m/fpu\libm.a(lib_a-s_scalbn.o)
                                                  g:/stm/truestudio for stm32 9.3.0/armtools/bin/../lib/gcc/arm-atollic-eabi/6.3.1/../../../../arm-atollic-eabi/lib/armv7e-m/fpu\libm.a(lib_a-s_floor.o)
                                                  g:/stm/truestudio for stm32 9.3.0/armtools/bin/../lib/gcc/arm-atollic-eabi/6.3.1/../../../../arm-atollic-eabi/lib/armv7e-m/fpu\libm.a(lib_a-k_sin.o)
                                                  g:/stm/truestudio for stm32 9.3.0/armtools/bin/../lib/gcc/arm-atollic-eabi/6.3.1/../../../../arm-atollic-eabi/lib/armv7e-m/fpu\libm.a(lib_a-k_rem_pio2.o)
                                                  g:/stm/truestudio for stm32 9.3.0/armtools/bin/../lib/gcc/arm-atollic-eabi/6.3.1/../../../../arm-atollic-eabi/lib/armv7e-m/fpu\libm.a(lib_a-k_cos.o)
                                                  g:/stm/truestudio for stm32 9.3.0/armtools/bin/../lib/gcc/arm-atollic-eabi/6.3.1/../../../../arm-atollic-eabi/lib/armv7e-m/fpu\libm.a(lib_a-e_rem_pio2.o)
                                                  ./src/src/process.o
__aeabi_dcmpeq                                    g:/stm/truestudio for stm32 9.3.0/armtools/bin/../lib/gcc/arm-atollic-eabi/6.3.1/armv7e-m/fpu\libgcc.a(_arm_cmpdf2.o)
                                                  g:/stm/truestudio for stm32 9.3.0/armtools/bin/../lib/gcc/arm-atollic-eabi/6.3.1/../../../../arm-atollic-eabi/lib/armv7e-m/fpu\libm.a(lib_a-k_rem_pio2.o)
                                                  g:/stm/truestudio for stm32 9.3.0/armtools/bin/../lib/gcc/arm-atollic-eabi/6.3.1/../../../../arm-atollic-eabi/lib/armv7e-m/fpu\libm.a(lib_a-e_rem_pio2.o)
__aeabi_dcmpge                                    g:/stm/truestudio for stm32 9.3.0/armtools/bin/../lib/gcc/arm-atollic-eabi/6.3.1/armv7e-m/fpu\libgcc.a(_arm_cmpdf2.o)
                                                  g:/stm/truestudio for stm32 9.3.0/armtools/bin/../lib/gcc/arm-atollic-eabi/6.3.1/../../../../arm-atollic-eabi/lib/armv7e-m/fpu\libm.a(lib_a-k_rem_pio2.o)
__aeabi_dcmpgt                                    g:/stm/truestudio for stm32 9.3.0/armtools/bin/../lib/gcc/arm-atollic-eabi/6.3.1/armv7e-m/fpu\libgcc.a(_arm_cmpdf2.o)
                                                  g:/stm/truestudio for stm32 9.3.0/armtools/bin/../lib/gcc/arm-atollic-eabi/6.3.1/../../../../arm-atollic-eabi/lib/armv7e-m/fpu\libm.a(lib_a-s_floor.o)
__aeabi_dcmple                                    g:/stm/truestudio for stm32 9.3.0/armtools/bin/../lib/gcc/arm-atollic-eabi/6.3.1/armv7e-m/fpu\libgcc.a(_arm_cmpdf2.o)
__aeabi_dcmplt                                    g:/stm/truestudio for stm32 9.3.0/armtools/bin/../lib/gcc/arm-atollic-eabi/6.3.1/armv7e-m/fpu\libgcc.a(_arm_cmpdf2.o)
__aeabi_ddiv                                      g:/stm/truestudio for stm32 9.3.0/armtools/bin/../lib/gcc/arm-atollic-eabi/6.3.1/armv7e-m/fpu\libgcc.a(_arm_muldivdf3.o)
__aeabi_dmul                                      g:/stm/truestudio for stm32 9.3.0/armtools/bin/../lib/gcc/arm-atollic-eabi/6.3.1/armv7e-m/fpu\libgcc.a(_arm_muldivdf3.o)
                                                  g:/stm/truestudio for stm32 9.3.0/armtools/bin/../lib/gcc/arm-atollic-eabi/6.3.1/../../../../arm-atollic-eabi/lib/armv7e-m/fpu\libm.a(lib_a-s_scalbn.o)
                                                  g:/stm/truestudio for stm32 9.3.0/armtools/bin/../lib/gcc/arm-atollic-eabi/6.3.1/../../../../arm-atollic-eabi/lib/armv7e-m/fpu\libm.a(lib_a-k_sin.o)
                                                  g:/stm/truestudio for stm32 9.3.0/armtools/bin/../lib/gcc/arm-atollic-eabi/6.3.1/../../../../arm-atollic-eabi/lib/armv7e-m/fpu\libm.a(lib_a-k_rem_pio2.o)
                                                  g:/stm/truestudio for stm32 9.3.0/armtools/bin/../lib/gcc/arm-atollic-eabi/6.3.1/../../../../arm-atollic-eabi/lib/armv7e-m/fpu\libm.a(lib_a-k_cos.o)
                                                  g:/stm/truestudio for stm32 9.3.0/armtools/bin/../lib/gcc/arm-atollic-eabi/6.3.1/../../../../arm-atollic-eabi/lib/armv7e-m/fpu\libm.a(lib_a-e_rem_pio2.o)
                                                  ./src/src/process.o
__aeabi_drsub                                     g:/stm/truestudio for stm32 9.3.0/armtools/bin/../lib/gcc/arm-atollic-eabi/6.3.1/armv7e-m/fpu\libgcc.a(_arm_addsubdf3.o)
__aeabi_dsub                                      g:/stm/truestudio for stm32 9.3.0/armtools/bin/../lib/gcc/arm-atollic-eabi/6.3.1/armv7e-m/fpu\libgcc.a(_arm_addsubdf3.o)
                                                  g:/stm/truestudio for stm32 9.3.0/armtools/bin/../lib/gcc/arm-atollic-eabi/6.3.1/../../../../arm-atollic-eabi/lib/armv7e-m/fpu\libm.a(lib_a-k_sin.o)
                                                  g:/stm/truestudio for stm32 9.3.0/armtools/bin/../lib/gcc/arm-atollic-eabi/6.3.1/../../../../arm-atollic-eabi/lib/armv7e-m/fpu\libm.a(lib_a-k_rem_pio2.o)
                                                  g:/stm/truestudio for stm32 9.3.0/armtools/bin/../lib/gcc/arm-atollic-eabi/6.3.1/../../../../arm-atollic-eabi/lib/armv7e-m/fpu\libm.a(lib_a-k_cos.o)
                                                  g:/stm/truestudio for stm32 9.3.0/armtools/bin/../lib/gcc/arm-atollic-eabi/6.3.1/../../../../arm-atollic-eabi/lib/armv7e-m/fpu\libm.a(lib_a-e_rem_pio2.o)
                                                  g:/stm/truestudio for stm32 9.3.0/armtools/bin/../lib/gcc/arm-atollic-eabi/6.3.1/../../../../arm-atollic-eabi/lib/armv7e-m/fpu\libm.a(lib_a-s_sin.o)
                                                  g:/stm/truestudio for stm32 9.3.0/armtools/bin/../lib/gcc/arm-atollic-eabi/6.3.1/../../../../arm-atollic-eabi/lib/armv7e-m/fpu\libm.a(lib_a-s_cos.o)
__aeabi_f2d                                       g:/stm/truestudio for stm32 9.3.0/armtools/bin/../lib/gcc/arm-atollic-eabi/6.3.1/armv7e-m/fpu\libgcc.a(_arm_addsubdf3.o)
                                                  ./src/src/process.o
                                                  ./src/src/estimation.o
__aeabi_i2d                                       g:/stm/truestudio for stm32 9.3.0/armtools/bin/../lib/gcc/arm-atollic-eabi/6.3.1/armv7e-m/fpu\libgcc.a(_arm_addsubdf3.o)
                                                  g:/stm/truestudio for stm32 9.3.0/armtools/bin/../lib/gcc/arm-atollic-eabi/6.3.1/../../../../arm-atollic-eabi/lib/armv7e-m/fpu\libm.a(lib_a-k_rem_pio2.o)
                                                  g:/stm/truestudio for stm32 9.3.0/armtools/bin/../lib/gcc/arm-atollic-eabi/6.3.1/../../../../arm-atollic-eabi/lib/armv7e-m/fpu\libm.a(lib_a-e_rem_pio2.o)
__aeabi_l2d                                       g:/stm/truestudio for stm32 9.3.0/armtools/bin/../lib/gcc/arm-atollic-eabi/6.3.1/armv7e-m/fpu\libgcc.a(_arm_addsubdf3.o)
__aeabi_ui2d                                      g:/stm/truestudio for stm32 9.3.0/armtools/bin/../lib/gcc/arm-atollic-eabi/6.3.1/armv7e-m/fpu\libgcc.a(_arm_addsubdf3.o)
__aeabi_ul2d                                      g:/stm/truestudio for stm32 9.3.0/armtools/bin/../lib/gcc/arm-atollic-eabi/6.3.1/armv7e-m/fpu\libgcc.a(_arm_addsubdf3.o)
__cmpdf2                                          g:/stm/truestudio for stm32 9.3.0/armtools/bin/../lib/gcc/arm-atollic-eabi/6.3.1/armv7e-m/fpu\libgcc.a(_arm_cmpdf2.o)
__deregister_frame_info                           g:/stm/truestudio for stm32 9.3.0/armtools/bin/../lib/gcc/arm-atollic-eabi/6.3.1/armv7e-m/fpu/crtbegin.o
__divdf3                                          g:/stm/truestudio for stm32 9.3.0/armtools/bin/../lib/gcc/arm-atollic-eabi/6.3.1/armv7e-m/fpu\libgcc.a(_arm_muldivdf3.o)
__dso_handle                                      g:/stm/truestudio for stm32 9.3.0/armtools/bin/../lib/gcc/arm-atollic-eabi/6.3.1/armv7e-m/fpu/crtbegin.o
__eqdf2                                           g:/stm/truestudio for stm32 9.3.0/armtools/bin/../lib/gcc/arm-atollic-eabi/6.3.1/armv7e-m/fpu\libgcc.a(_arm_cmpdf2.o)
__extendsfdf2                                     g:/stm/truestudio for stm32 9.3.0/armtools/bin/../lib/gcc/arm-atollic-eabi/6.3.1/armv7e-m/fpu\libgcc.a(_arm_addsubdf3.o)
__fixdfsi                                         g:/stm/truestudio for stm32 9.3.0/armtools/bin/../lib/gcc/arm-atollic-eabi/6.3.1/armv7e-m/fpu\libgcc.a(_arm_fixdfsi.o)
__fixunsdfsi                                      g:/stm/truestudio for stm32 9.3.0/armtools/bin/../lib/gcc/arm-atollic-eabi/6.3.1/armv7e-m/fpu\libgcc.a(_arm_fixunsdfsi.o)
__floatdidf                                       g:/stm/truestudio for stm32 9.3.0/armtools/bin/../lib/gcc/arm-atollic-eabi/6.3.1/armv7e-m/fpu\libgcc.a(_arm_addsubdf3.o)
__floatsidf                                       g:/stm/truestudio for stm32 9.3.0/armtools/bin/../lib/gcc/arm-atollic-eabi/6.3.1/armv7e-m/fpu\libgcc.a(_arm_addsubdf3.o)
__floatundidf                                     g:/stm/truestudio for stm32 9.3.0/armtools/bin/../lib/gcc/arm-atollic-eabi/6.3.1/armv7e-m/fpu\libgcc.a(_arm_addsubdf3.o)
__floatunsidf                                     g:/stm/truestudio for stm32 9.3.0/armtools/bin/../lib/gcc/arm-atollic-eabi/6.3.1/armv7e-m/fpu\libgcc.a(_arm_addsubdf3.o)
__gedf2                                           g:/stm/truestudio for stm32 9.3.0/armtools/bin/../lib/gcc/arm-atollic-eabi/6.3.1/armv7e-m/fpu\libgcc.a(_arm_cmpdf2.o)
__gtdf2                                           g:/stm/truestudio for stm32 9.3.0/armtools/bin/../lib/gcc/arm-atollic-eabi/6.3.1/armv7e-m/fpu\libgcc.a(_arm_cmpdf2.o)
__ieee754_rem_pio2                                g:/stm/truestudio for stm32 9.3.0/armtools/bin/../lib/gcc/arm-atollic-eabi/6.3.1/../../../../arm-atollic-eabi/lib/armv7e-m/fpu\libm.a(lib_a-e_rem_pio2.o)
                                                  g:/stm/truestudio for stm32 9.3.0/armtools/bin/../lib/gcc/arm-atollic-eabi/6.3.1/../../../../arm-atollic-eabi/lib/armv7e-m/fpu\libm.a(lib_a-s_sin.o)
                                                  g:/stm/truestudio for stm32 9.3.0/armtools/bin/../lib/gcc/arm-atollic-eabi/6.3.1/../../../../arm-atollic-eabi/lib/armv7e-m/fpu\libm.a(lib_a-s_cos.o)
__init_array_end                                  g:/stm/truestudio for stm32 9.3.0/armtools/bin/../lib/gcc/arm-atollic-eabi/6.3.1/../../../../arm-atollic-eabi/lib/armv7e-m/fpu\libc_nano.a(lib_a-init.o)
__init_array_start                                g:/stm/truestudio for stm32 9.3.0/armtools/bin/../lib/gcc/arm-atollic-eabi/6.3.1/../../../../arm-atollic-eabi/lib/armv7e-m/fpu\libc_nano.a(lib_a-init.o)
__kernel_cos                                      g:/stm/truestudio for stm32 9.3.0/armtools/bin/../lib/gcc/arm-atollic-eabi/6.3.1/../../../../arm-atollic-eabi/lib/armv7e-m/fpu\libm.a(lib_a-k_cos.o)
                                                  g:/stm/truestudio for stm32 9.3.0/armtools/bin/../lib/gcc/arm-atollic-eabi/6.3.1/../../../../arm-atollic-eabi/lib/armv7e-m/fpu\libm.a(lib_a-s_sin.o)
                                                  g:/stm/truestudio for stm32 9.3.0/armtools/bin/../lib/gcc/arm-atollic-eabi/6.3.1/../../../../arm-atollic-eabi/lib/armv7e-m/fpu\libm.a(lib_a-s_cos.o)
__kernel_rem_pio2                                 g:/stm/truestudio for stm32 9.3.0/armtools/bin/../lib/gcc/arm-atollic-eabi/6.3.1/../../../../arm-atollic-eabi/lib/armv7e-m/fpu\libm.a(lib_a-k_rem_pio2.o)
                                                  g:/stm/truestudio for stm32 9.3.0/armtools/bin/../lib/gcc/arm-atollic-eabi/6.3.1/../../../../arm-atollic-eabi/lib/armv7e-m/fpu\libm.a(lib_a-e_rem_pio2.o)
__kernel_sin                                      g:/stm/truestudio for stm32 9.3.0/armtools/bin/../lib/gcc/arm-atollic-eabi/6.3.1/../../../../arm-atollic-eabi/lib/armv7e-m/fpu\libm.a(lib_a-k_sin.o)
                                                  g:/stm/truestudio for stm32 9.3.0/armtools/bin/../lib/gcc/arm-atollic-eabi/6.3.1/../../../../arm-atollic-eabi/lib/armv7e-m/fpu\libm.a(lib_a-s_sin.o)
                                                  g:/stm/truestudio for stm32 9.3.0/armtools/bin/../lib/gcc/arm-atollic-eabi/6.3.1/../../../../arm-atollic-eabi/lib/armv7e-m/fpu\libm.a(lib_a-s_cos.o)
__ledf2                                           g:/stm/truestudio for stm32 9.3.0/armtools/bin/../lib/gcc/arm-atollic-eabi/6.3.1/armv7e-m/fpu\libgcc.a(_arm_cmpdf2.o)
__libc_init_array                                 g:/stm/truestudio for stm32 9.3.0/armtools/bin/../lib/gcc/arm-atollic-eabi/6.3.1/../../../../arm-atollic-eabi/lib/armv7e-m/fpu\libc_nano.a(lib_a-init.o)
                                                  ./Libraries/Device/STM32F4xx/src/startup_stm32f40xx.o
__ltdf2                                           g:/stm/truestudio for stm32 9.3.0/armtools/bin/../lib/gcc/arm-atollic-eabi/6.3.1/armv7e-m/fpu\libgcc.a(_arm_cmpdf2.o)
__muldf3                                          g:/stm/truestudio for stm32 9.3.0/armtools/bin/../lib/gcc/arm-atollic-eabi/6.3.1/armv7e-m/fpu\libgcc.a(_arm_muldivdf3.o)
__nedf2                                           g:/stm/truestudio for stm32 9.3.0/armtools/bin/../lib/gcc/arm-atollic-eabi/6.3.1/armv7e-m/fpu\libgcc.a(_arm_cmpdf2.o)
__preinit_array_end                               g:/stm/truestudio for stm32 9.3.0/armtools/bin/../lib/gcc/arm-atollic-eabi/6.3.1/../../../../arm-atollic-eabi/lib/armv7e-m/fpu\libc_nano.a(lib_a-init.o)
__preinit_array_start                             g:/stm/truestudio for stm32 9.3.0/armtools/bin/../lib/gcc/arm-atollic-eabi/6.3.1/../../../../arm-atollic-eabi/lib/armv7e-m/fpu\libc_nano.a(lib_a-init.o)
__register_frame_info                             g:/stm/truestudio for stm32 9.3.0/armtools/bin/../lib/gcc/arm-atollic-eabi/6.3.1/armv7e-m/fpu/crtbegin.o
__subdf3                                          g:/stm/truestudio for stm32 9.3.0/armtools/bin/../lib/gcc/arm-atollic-eabi/6.3.1/armv7e-m/fpu\libgcc.a(_arm_addsubdf3.o)
__truncdfsf2                                      g:/stm/truestudio for stm32 9.3.0/armtools/bin/../lib/gcc/arm-atollic-eabi/6.3.1/armv7e-m/fpu\libgcc.a(_arm_truncdfsf2.o)
_ebss                                             ./Libraries/Device/STM32F4xx/src/startup_stm32f40xx.o
_edata                                            ./Libraries/Device/STM32F4xx/src/startup_stm32f40xx.o
_estack                                           ./Libraries/Device/STM32F4xx/src/startup_stm32f40xx.o
_fini                                             g:/stm/truestudio for stm32 9.3.0/armtools/bin/../lib/gcc/arm-atollic-eabi/6.3.1/armv7e-m/fpu/crti.o
_init                                             g:/stm/truestudio for stm32 9.3.0/armtools/bin/../lib/gcc/arm-atollic-eabi/6.3.1/armv7e-m/fpu/crti.o
                                                  g:/stm/truestudio for stm32 9.3.0/armtools/bin/../lib/gcc/arm-atollic-eabi/6.3.1/../../../../arm-atollic-eabi/lib/armv7e-m/fpu\libc_nano.a(lib_a-init.o)
_sbss                                             ./Libraries/Device/STM32F4xx/src/startup_stm32f40xx.o
_sdata                                            ./Libraries/Device/STM32F4xx/src/startup_stm32f40xx.o
_sidata                                           ./Libraries/Device/STM32F4xx/src/startup_stm32f40xx.o
_write                                            ./src/tiny_printf.o
copysign                                          g:/stm/truestudio for stm32 9.3.0/armtools/bin/../lib/gcc/arm-atollic-eabi/6.3.1/../../../../arm-atollic-eabi/lib/armv7e-m/fpu\libm.a(lib_a-s_copysign.o)
                                                  g:/stm/truestudio for stm32 9.3.0/armtools/bin/../lib/gcc/arm-atollic-eabi/6.3.1/../../../../arm-atollic-eabi/lib/armv7e-m/fpu\libm.a(lib_a-s_scalbn.o)
cos                                               g:/stm/truestudio for stm32 9.3.0/armtools/bin/../lib/gcc/arm-atollic-eabi/6.3.1/../../../../arm-atollic-eabi/lib/armv7e-m/fpu\libm.a(lib_a-s_cos.o)
                                                  ./src/src/estimation.o
fabs                                              g:/stm/truestudio for stm32 9.3.0/armtools/bin/../lib/gcc/arm-atollic-eabi/6.3.1/../../../../arm-atollic-eabi/lib/armv7e-m/fpu\libm.a(lib_a-s_fabs.o)
                                                  g:/stm/truestudio for stm32 9.3.0/armtools/bin/../lib/gcc/arm-atollic-eabi/6.3.1/../../../../arm-atollic-eabi/lib/armv7e-m/fpu\libm.a(lib_a-e_rem_pio2.o)
fiprintf                                          ./src/tiny_printf.o
floor                                             g:/stm/truestudio for stm32 9.3.0/armtools/bin/../lib/gcc/arm-atollic-eabi/6.3.1/../../../../arm-atollic-eabi/lib/armv7e-m/fpu\libm.a(lib_a-s_floor.o)
                                                  g:/stm/truestudio for stm32 9.3.0/armtools/bin/../lib/gcc/arm-atollic-eabi/6.3.1/../../../../arm-atollic-eabi/lib/armv7e-m/fpu\libm.a(lib_a-k_rem_pio2.o)
fprintf                                           ./src/tiny_printf.o
fputs                                             ./src/tiny_printf.o
fwrite                                            ./src/tiny_printf.o
g_pfnVectors                                      ./Libraries/Device/STM32F4xx/src/startup_stm32f40xx.o
iprintf                                           ./src/tiny_printf.o
main                                              ./src/main.o
                                                  ./Libraries/Device/STM32F4xx/src/startup_stm32f40xx.o
memcpy                                            g:/stm/truestudio for stm32 9.3.0/armtools/bin/../lib/gcc/arm-atollic-eabi/6.3.1/../../../../arm-atollic-eabi/lib/armv7e-m/fpu\libc_nano.a(lib_a-memcpy-stub.o)
                                                  ./src/src/usart2.o
printf                                            ./src/tiny_printf.o
puts                                              ./src/tiny_printf.o
scalbn                                            g:/stm/truestudio for stm32 9.3.0/armtools/bin/../lib/gcc/arm-atollic-eabi/6.3.1/../../../../arm-atollic-eabi/lib/armv7e-m/fpu\libm.a(lib_a-s_scalbn.o)
                                                  g:/stm/truestudio for stm32 9.3.0/armtools/bin/../lib/gcc/arm-atollic-eabi/6.3.1/../../../../arm-atollic-eabi/lib/armv7e-m/fpu\libm.a(lib_a-k_rem_pio2.o)
sin                                               g:/stm/truestudio for stm32 9.3.0/armtools/bin/../lib/gcc/arm-atollic-eabi/6.3.1/../../../../arm-atollic-eabi/lib/armv7e-m/fpu\libm.a(lib_a-s_sin.o)
                                                  ./src/src/estimation.o
siprintf                                          ./src/tiny_printf.o
sprintf                                           ./src/tiny_printf.o
strlen                                            g:/stm/truestudio for stm32 9.3.0/armtools/bin/../lib/gcc/arm-atollic-eabi/6.3.1/../../../../arm-atollic-eabi/lib/armv7e-m/fpu\libc_nano.a(lib_a-strlen.o)
                                                  ./src/tiny_printf.o
ts_formatlength                                   ./src/tiny_printf.o
ts_formatstring                                   ./src/tiny_printf.o
ts_itoa                                           ./src/tiny_printf.o
uPMU_AD7606_Reading                               ./src/src/process.o
                                                  ./Libraries/Device/STM32F4xx/src/stm32f4xx_it.o
uPMU_EXTIx_Init                                   ./src/src/exti.o
                                                  ./src/src/led.o
                                                  ./src/src/gpio.o
uPMU_Error_Code_Display                           ./src/src/led.o
uPMU_GPIO_Init                                    ./src/src/gpio.o
                                                  ./src/main.o
uPMU_Get_Error_Code                               ./src/src/led.o
uPMU_Get_Result                                   ./src/src/estimation.o
                                                  ./src/src/process.o
uPMU_Init_Process                                 ./src/src/process.o
                                                  ./src/main.o
uPMU_NVIC_Init                                    ./src/src/nvic.o
                                                  ./src/main.o
uPMU_Process_Mode                                 ./src/src/estimation.o
                                                  ./src/src/process.o
uPMU_Send_Data                                    ./src/src/process.o
                                                  ./Libraries/Device/STM32F4xx/src/stm32f4xx_it.o
uPMU_Set_Error_Code                               ./src/src/led.o
                                                  ./Libraries/Device/STM32F4xx/src/stm32f4xx_it.o
uPMU_Str_Data                                     ./src/src/process.o
                                                  ./Libraries/Device/STM32F4xx/src/stm32f4xx_it.o
uPMU_Str_Freq                                     ./src/src/process.o
uPMU_Str_Result                                   ./src/src/process.o
uPMU_UART_Init                                    ./src/src/usart2.o
                                                  ./src/main.o
