Archive member included to satisfy reference by file (symbol)

g:/stm/truestudio for stm32 9.3.0/armtools/bin/../lib/gcc/arm-atollic-eabi/6.3.1/../../../../arm-atollic-eabi/lib/armv7e-m/fpu\libc_nano.a(lib_a-init.o)
                              ./Libraries/Device/STM32F4xx/src/startup_stm32f40xx.o (__libc_init_array)
g:/stm/truestudio for stm32 9.3.0/armtools/bin/../lib/gcc/arm-atollic-eabi/6.3.1/../../../../arm-atollic-eabi/lib/armv7e-m/fpu\libc_nano.a(lib_a-memcpy-stub.o)
                              ./src/src/usart2.o (memcpy)
g:/stm/truestudio for stm32 9.3.0/armtools/bin/../lib/gcc/arm-atollic-eabi/6.3.1/../../../../arm-atollic-eabi/lib/armv7e-m/fpu\libc_nano.a(lib_a-strlen.o)
                              ./src/tiny_printf.o (strlen)
g:/stm/truestudio for stm32 9.3.0/armtools/bin/../lib/gcc/arm-atollic-eabi/6.3.1/../../../../arm-atollic-eabi/lib/armv7e-m/fpu\libm.a(lib_a-s_cos.o)
                              ./src/src/estimation.o (cos)
g:/stm/truestudio for stm32 9.3.0/armtools/bin/../lib/gcc/arm-atollic-eabi/6.3.1/../../../../arm-atollic-eabi/lib/armv7e-m/fpu\libm.a(lib_a-s_sin.o)
                              ./src/src/estimation.o (sin)
g:/stm/truestudio for stm32 9.3.0/armtools/bin/../lib/gcc/arm-atollic-eabi/6.3.1/../../../../arm-atollic-eabi/lib/armv7e-m/fpu\libm.a(lib_a-e_rem_pio2.o)
                              g:/stm/truestudio for stm32 9.3.0/armtools/bin/../lib/gcc/arm-atollic-eabi/6.3.1/../../../../arm-atollic-eabi/lib/armv7e-m/fpu\libm.a(lib_a-s_cos.o) (__ieee754_rem_pio2)
g:/stm/truestudio for stm32 9.3.0/armtools/bin/../lib/gcc/arm-atollic-eabi/6.3.1/../../../../arm-atollic-eabi/lib/armv7e-m/fpu\libm.a(lib_a-k_cos.o)
                              g:/stm/truestudio for stm32 9.3.0/armtools/bin/../lib/gcc/arm-atollic-eabi/6.3.1/../../../../arm-atollic-eabi/lib/armv7e-m/fpu\libm.a(lib_a-s_cos.o) (__kernel_cos)
g:/stm/truestudio for stm32 9.3.0/armtools/bin/../lib/gcc/arm-atollic-eabi/6.3.1/../../../../arm-atollic-eabi/lib/armv7e-m/fpu\libm.a(lib_a-k_rem_pio2.o)
                              g:/stm/truestudio for stm32 9.3.0/armtools/bin/../lib/gcc/arm-atollic-eabi/6.3.1/../../../../arm-atollic-eabi/lib/armv7e-m/fpu\libm.a(lib_a-e_rem_pio2.o) (__kernel_rem_pio2)
g:/stm/truestudio for stm32 9.3.0/armtools/bin/../lib/gcc/arm-atollic-eabi/6.3.1/../../../../arm-atollic-eabi/lib/armv7e-m/fpu\libm.a(lib_a-k_sin.o)
                              g:/stm/truestudio for stm32 9.3.0/armtools/bin/../lib/gcc/arm-atollic-eabi/6.3.1/../../../../arm-atollic-eabi/lib/armv7e-m/fpu\libm.a(lib_a-s_cos.o) (__kernel_sin)
g:/stm/truestudio for stm32 9.3.0/armtools/bin/../lib/gcc/arm-atollic-eabi/6.3.1/../../../../arm-atollic-eabi/lib/armv7e-m/fpu\libm.a(lib_a-s_fabs.o)
                              g:/stm/truestudio for stm32 9.3.0/armtools/bin/../lib/gcc/arm-atollic-eabi/6.3.1/../../../../arm-atollic-eabi/lib/armv7e-m/fpu\libm.a(lib_a-e_rem_pio2.o) (fabs)
g:/stm/truestudio for stm32 9.3.0/armtools/bin/../lib/gcc/arm-atollic-eabi/6.3.1/../../../../arm-atollic-eabi/lib/armv7e-m/fpu\libm.a(lib_a-s_floor.o)
                              g:/stm/truestudio for stm32 9.3.0/armtools/bin/../lib/gcc/arm-atollic-eabi/6.3.1/../../../../arm-atollic-eabi/lib/armv7e-m/fpu\libm.a(lib_a-k_rem_pio2.o) (floor)
g:/stm/truestudio for stm32 9.3.0/armtools/bin/../lib/gcc/arm-atollic-eabi/6.3.1/../../../../arm-atollic-eabi/lib/armv7e-m/fpu\libm.a(lib_a-s_scalbn.o)
                              g:/stm/truestudio for stm32 9.3.0/armtools/bin/../lib/gcc/arm-atollic-eabi/6.3.1/../../../../arm-atollic-eabi/lib/armv7e-m/fpu\libm.a(lib_a-k_rem_pio2.o) (scalbn)
g:/stm/truestudio for stm32 9.3.0/armtools/bin/../lib/gcc/arm-atollic-eabi/6.3.1/../../../../arm-atollic-eabi/lib/armv7e-m/fpu\libm.a(lib_a-s_copysign.o)
                              g:/stm/truestudio for stm32 9.3.0/armtools/bin/../lib/gcc/arm-atollic-eabi/6.3.1/../../../../arm-atollic-eabi/lib/armv7e-m/fpu\libm.a(lib_a-s_scalbn.o) (copysign)
g:/stm/truestudio for stm32 9.3.0/armtools/bin/../lib/gcc/arm-atollic-eabi/6.3.1/armv7e-m/fpu\libgcc.a(_arm_addsubdf3.o)
                              g:/stm/truestudio for stm32 9.3.0/armtools/bin/../lib/gcc/arm-atollic-eabi/6.3.1/../../../../arm-atollic-eabi/lib/armv7e-m/fpu\libm.a(lib_a-s_cos.o) (__aeabi_dsub)
g:/stm/truestudio for stm32 9.3.0/armtools/bin/../lib/gcc/arm-atollic-eabi/6.3.1/armv7e-m/fpu\libgcc.a(_arm_muldivdf3.o)
                              ./src/src/process.o (__aeabi_dmul)
g:/stm/truestudio for stm32 9.3.0/armtools/bin/../lib/gcc/arm-atollic-eabi/6.3.1/armv7e-m/fpu\libgcc.a(_arm_cmpdf2.o)
                              g:/stm/truestudio for stm32 9.3.0/armtools/bin/../lib/gcc/arm-atollic-eabi/6.3.1/../../../../arm-atollic-eabi/lib/armv7e-m/fpu\libm.a(lib_a-e_rem_pio2.o) (__aeabi_dcmpeq)
g:/stm/truestudio for stm32 9.3.0/armtools/bin/../lib/gcc/arm-atollic-eabi/6.3.1/armv7e-m/fpu\libgcc.a(_arm_fixdfsi.o)
[...]
Memory Configuration

Name             Origin             Length             Attributes
DATA             0x08040000         0x00020000         xrw
FLASH            0x08000000         0x00100000         xr
CCMRAM           0x10000000         0x00010000         rw
RAM              0x20000000         0x00020000         xrw
MEMORY_B1        0x60000000         0x00000000         xr
*default*        0x00000000         0xffffffff

Linker script and memory map

LOAD g:/stm/truestudio for stm32 9.3.0/armtools/bin/../lib/gcc/arm-atollic-eabi/6.3.1/armv7e-m/fpu/crti.o
LOAD g:/stm/truestudio for stm32 9.3.0/armtools/bin/../lib/gcc/arm-atollic-eabi/6.3.1/armv7e-m/fpu/crtbegin.o
LOAD ./src/src/dma.o
LOAD ./src/src/estimation.o
LOAD ./src/src/exti.o
LOAD ./src/src/gpio.o
LOAD ./src/src/led.o
LOAD ./src/src/nvic.o
LOAD ./src/src/process.o
LOAD ./src/src/systick.o
LOAD ./src/src/usart2.o
LOAD ./src/main.o
LOAD ./src/tiny_printf.o
LOAD ./Libraries/Device/STM32F4xx/src/startup_stm32f40xx.o
LOAD ./Libraries/Device/STM32F4xx/src/stm32f4xx_it.o
LOAD ./Libraries/Device/STM32F4xx/src/system_stm32f4xx.o
                0x00000080                malloc_getpagesize_P = 0x80
START GROUP
LOAD g:/stm/truestudio for stm32 9.3.0/armtools/bin/../lib/gcc/arm-atollic-eabi/6.3.1/../../../../arm-atollic-eabi/lib/armv7e-m/fpu\libc_nano.a
LOAD g:/stm/truestudio for stm32 9.3.0/armtools/bin/../lib/gcc/arm-atollic-eabi/6.3.1/../../../../arm-atollic-eabi/lib/armv7e-m/fpu\libm.a
END GROUP
START GROUP
LOAD g:/stm/truestudio for stm32 9.3.0/armtools/bin/../lib/gcc/arm-atollic-eabi/6.3.1/armv7e-m/fpu\libgcc.a
LOAD g:/stm/truestudio for stm32 9.3.0/armtools/bin/../lib/gcc/arm-atollic-eabi/6.3.1/../../../../arm-atollic-eabi/lib/armv7e-m/fpu\libc_nano.a
END GROUP
START GROUP
LOAD g:/stm/truestudio for stm32 9.3.0/armtools/bin/../lib/gcc/arm-atollic-eabi/6.3.1/armv7e-m/fpu\libgcc.a
LOAD g:/stm/truestudio for stm32 9.3.0/armtools/bin/../lib/gcc/arm-atollic-eabi/6.3.1/../../../../arm-atollic-eabi/lib/armv7e-m/fpu\libc_nano.a
LOAD g:/stm/truestudio for stm32 9.3.0/armtools/bin/../lib/gcc/arm-atollic-eabi/6.3.1/../../../../arm-atollic-eabi/lib/armv7e-m/fpu\libnosys.a
END GROUP
START GROUP
LOAD g:/stm/truestudio for stm32 9.3.0/armtools/bin/../lib/gcc/arm-atollic-eabi/6.3.1/armv7e-m/fpu\libgcc.a
LOAD g:/stm/truestudio for stm32 9.3.0/armtools/bin/../lib/gcc/arm-atollic-eabi/6.3.1/../../../../arm-atollic-eabi/lib/armv7e-m/fpu\libc_nano.a
LOAD g:/stm/truestudio for stm32 9.3.0/armtools/bin/../lib/gcc/arm-atollic-eabi/6.3.1/../../../../arm-atollic-eabi/lib/armv7e-m/fpu\libnosys.a
END GROUP
LOAD g:/stm/truestudio for stm32 9.3.0/armtools/bin/../lib/gcc/arm-atollic-eabi/6.3.1/armv7e-m/fpu/crtend.o
LOAD g:/stm/truestudio for stm32 9.3.0/armtools/bin/../lib/gcc/arm-atollic-eabi/6.3.1/armv7e-m/fpu/crtn.o
                0x20020000                _estack = 0x20020000
                0x00000400                _Min_Heap_Size = 0x400
                0x00000800                _Min_Stack_Size = 0x800

.user_data      0x08040000        0x0
                0x08040000                . = ALIGN (0x4)
 *(.user_data)
                0x08040000                . = ALIGN (0x4)

.isr_vector     0x08000000      0x188
                0x08000000                . = ALIGN (0x4)
 *(.isr_vector)
 .isr_vector    0x08000000      0x188 ./Libraries/Device/STM32F4xx/src/startup_stm32f40xx.o
                0x08000000                g_pfnVectors
                0x08000188                . = ALIGN (0x4)

.text           0x08000188     0x4550
                0x08000188                . = ALIGN (0x4)
 *(.text)
 .text          0x08000188       0x40 g:/stm/truestudio for stm32 9.3.0/armtools/bin/../lib/gcc/arm-atollic-eabi/6.3.1/armv7e-m/fpu/crtbegin.o
 .text          0x080001c8      0x370 g:/stm/truestudio for stm32 9.3.0/armtools/bin/../lib/gcc/arm-atollic-eabi/6.3.1/armv7e-m/fpu\libgcc.a(_arm_addsubdf3.o)
                0x080001c8                __aeabi_drsub
                0x080001d0                __aeabi_dsub
                0x080001d0                __subdf3
                0x080001d4                __aeabi_dadd
                0x080001d4                __adddf3
                0x0800044c                __floatunsidf
                0x0800044c                __aeabi_ui2d
                0x0800046c                __floatsidf
                0x0800046c                __aeabi_i2d
                0x08000490                __aeabi_f2d
                0x08000490                __extendsfdf2
                0x080004cc                __floatundidf
                0x080004cc                __aeabi_ul2d
                0x080004dc                __floatdidf
                0x080004dc                __aeabi_l2d
 .text          0x08000538      0x424 g:/stm/truestudio for stm32 9.3.0/armtools/bin/../lib/gcc/arm-atollic-eabi/6.3.1/armv7e-m/fpu\libgcc.a(_arm_muldivdf3.o)
                0x08000538                __aeabi_dmul
                0x08000538                __muldf3
                0x0800078c                __divdf3
                0x0800078c                __aeabi_ddiv
 .text          0x0800095c      0x110 g:/stm/truestudio for stm32 9.3.0/armtools/bin/../lib/gcc/arm-atollic-eabi/6.3.1/armv7e-m/fpu\libgcc.a(_arm_cmpdf2.o)
                0x0800095c                __gtdf2
                0x0800095c                __gedf2
                0x08000964                __ltdf2
                0x08000964                __ledf2
                0x0800096c                __nedf2
                0x0800096c                __eqdf2
                0x0800096c                __cmpdf2
                0x080009e8                __aeabi_cdrcmple
                0x080009f8                __aeabi_cdcmpeq
                0x080009f8                __aeabi_cdcmple
                0x08000a08                __aeabi_dcmpeq
                0x08000a1c                __aeabi_dcmplt
                0x08000a30                __aeabi_dcmple
                0x08000a44                __aeabi_dcmpge
                0x08000a58                __aeabi_dcmpgt
 .text          0x08000a6c       0x50 g:/stm/truestudio for stm32 9.3.0/armtools/bin/../lib/gcc/arm-atollic-eabi/6.3.1/armv7e-m/fpu\libgcc.a(_arm_fixdfsi.o)
                0x08000a6c                __aeabi_d2iz
                0x08000a6c                __fixdfsi
 .text          0x08000abc       0x40 g:/stm/truestudio for stm32 9.3.0/armtools/bin/../lib/gcc/arm-atollic-eabi/6.3.1/armv7e-m/fpu\libgcc.a(_arm_fixunsdfsi.o)
                0x08000abc                __aeabi_d2uiz
                0x08000abc                __fixunsdfsi
 .text          0x08000afc       0xa0 g:/stm/truestudio for stm32 9.3.0/armtools/bin/../lib/gcc/arm-atollic-eabi/6.3.1/armv7e-m/fpu\libgcc.a(_arm_truncdfsf2.o)
                0x08000afc                __truncdfsf2
                0x08000afc                __aeabi_d2f
 *(.text*)
 *fill*         0x08000b9c        0x4 
 .text.LookUp_Init
                0x08000ba0      0x194 ./src/src/estimation.o
                0x08000ba0                LookUp_Init
 .text.uPMU_Process_Mode
                0x08000d34      0x550 ./src/src/estimation.o
                0x08000d34                uPMU_Process_Mode
 .text.uPMU_Get_Result
                0x08001284      0x200 ./src/src/estimation.o
                0x08001284                uPMU_Get_Result
 .text.uPMU_EXTIx_Init
                0x08001484       0xb8 ./src/src/exti.o
                0x08001484                uPMU_EXTIx_Init
 .text.EXTI_Line_Check
                0x0800153c       0x1c ./src/src/exti.o
                0x0800153c                EXTI_Line_Check
 .text.EXTI_Clear_PendingBit
                0x08001558        0xc ./src/src/exti.o
                0x08001558                EXTI_Clear_PendingBit
 .text.EXTI_Set_PendingBit
                0x08001564       0x10 ./src/src/exti.o
                0x08001564                EXTI_Set_PendingBit
 .text.uPMU_GPIO_Init
                0x08001574      0x204 ./src/src/gpio.o
                0x08001574                uPMU_GPIO_Init
 .text.OnBoard_Init
                0x08001778      0x1c0 ./src/src/led.o
                0x08001778                OnBoard_Init
 .text.GPIO_Write_LED
                0x08001938       0x38 ./src/src/led.o
                0x08001938                GPIO_Write_LED
 .text.uPMU_Set_Error_Code
                0x08001970        0xc ./src/src/led.o
                0x08001970                uPMU_Set_Error_Code
 .text.uPMU_NVIC_Init
                0x0800197c       0x70 ./src/src/nvic.o
                0x0800197c                uPMU_NVIC_Init
 .text.uPMU_Init_Process
                0x080019ec        0x4 ./src/src/process.o
                0x080019ec                uPMU_Init_Process
 .text.uPMU_AD7606_Reading
                0x080019f0      0x1e8 ./src/src/process.o
                0x080019f0                uPMU_AD7606_Reading
 .text.uPMU_Str_Data
                0x08001bd8     0x12bc ./src/src/process.o
                0x08001bd8                uPMU_Str_Data
 .text.uPMU_Send_Data
                0x08002e94        0xc ./src/src/process.o
                0x08002e94                uPMU_Send_Data
 .text.SysTick_Init
                0x08002ea0       0x40 ./src/src/systick.o
                0x08002ea0                SysTick_Init
 .text.SysTick_IncrementTicks_CallBack
                0x08002ee0       0x34 ./src/src/systick.o
                0x08002ee0                SysTick_IncrementTicks_CallBack
 .text.SysTick_GetCurrentTick
                0x08002f14        0xc ./src/src/systick.o
                0x08002f14                SysTick_GetCurrentTick
 .text.USART2_TX_DMA_Config
                0x08002f20       0x8c ./src/src/usart2.o
                0x08002f20                USART2_TX_DMA_Config
 .text.USART2_RX_DMA_Config
                0x08002fac       0x98 ./src/src/usart2.o
                0x08002fac                USART2_RX_DMA_Config
 .text.uPMU_UART_Init
                0x08003044       0xb8 ./src/src/usart2.o
                0x08003044                uPMU_UART_Init
 .text.USART2_Enable
                0x080030fc       0x78 ./src/src/usart2.o
                0x080030fc                USART2_Enable
 .text.USART2_IRQ_CallBack
                0x08003174       0x54 ./src/src/usart2.o
                0x08003174                USART2_IRQ_CallBack
 .text.USART2_TX_DMA_IRQ_Callback
                0x080031c8       0x14 ./src/src/usart2.o
                0x080031c8                USART2_TX_DMA_IRQ_Callback
 .text.USART2_RX_DMA_IRQ_Callback
                0x080031dc       0x4c ./src/src/usart2.o
                0x080031dc                USART2_RX_DMA_IRQ_Callback
 .text.USART2_Tx_Str
                0x08003228       0x28 ./src/src/usart2.o
                0x08003228                USART2_Tx_Str
 .text.startup.main
                0x08003250       0x3c ./src/main.o
                0x08003250                main
 .text.Reset_Handler
                0x0800328c       0x54 ./Libraries/Device/STM32F4xx/src/startup_stm32f40xx.o
                0x0800328c                Reset_Handler
 .text.Default_Handler
                0x080032e0        0x2 ./Libraries/Device/STM32F4xx/src/startup_stm32f40xx.o
                0x080032e0                RTC_Alarm_IRQHandler
                0x080032e0                HASH_RNG_IRQHandler
                0x080032e0                EXTI2_IRQHandler
                0x080032e0                TIM8_CC_IRQHandler
                0x080032e0                TIM1_CC_IRQHandler
                0x080032e0                DMA2_Stream5_IRQHandler
                0x080032e0                PVD_IRQHandler
                0x080032e0                SDIO_IRQHandler
                0x080032e0                TAMP_STAMP_IRQHandler
                0x080032e0                CAN2_RX1_IRQHandler
                0x080032e0                EXTI3_IRQHandler
                0x080032e0                TIM8_TRG_COM_TIM14_IRQHandler
                0x080032e0                TIM1_UP_TIM10_IRQHandler
                0x080032e0                TIM8_UP_TIM13_IRQHandler
                0x080032e0                I2C3_ER_IRQHandler
                0x080032e0                I2C2_EV_IRQHandler
                0x080032e0                DMA1_Stream2_IRQHandler
                0x080032e0                CAN1_RX0_IRQHandler
                0x080032e0                FPU_IRQHandler
                0x080032e0                OTG_HS_WKUP_IRQHandler
                0x080032e0                CAN2_SCE_IRQHandler
                0x080032e0                DMA2_Stream2_IRQHandler
                0x080032e0                SPI1_IRQHandler
                0x080032e0                TIM6_DAC_IRQHandler
                0x080032e0                TIM1_BRK_TIM9_IRQHandler
                0x080032e0                DCMI_IRQHandler
                0x080032e0                CAN2_RX0_IRQHandler
                0x080032e0                DMA2_Stream3_IRQHandler
                0x080032e0                USART6_IRQHandler
                0x080032e0                USART3_IRQHandler
                0x080032e0                CRYP_IRQHandler
                0x080032e0                CAN1_RX1_IRQHandler
                0x080032e0                UART5_IRQHandler
                0x080032e0                TIM4_IRQHandler
                0x080032e0                I2C1_EV_IRQHandler
                0x080032e0                DMA1_Stream1_IRQHandler
                0x080032e0                UART4_IRQHandler
                0x080032e0                TIM3_IRQHandler
                0x080032e0                RCC_IRQHandler
                0x080032e0                TIM8_BRK_TIM12_IRQHandler
                0x080032e0                Default_Handler
                0x080032e0                ADC_IRQHandler
                0x080032e0                DMA1_Stream7_IRQHandler
                0x080032e0                TIM7_IRQHandler
                0x080032e0                CAN2_TX_IRQHandler
                0x080032e0                TIM5_IRQHandler
                0x080032e0                DMA2_Stream7_IRQHandler
                0x080032e0                I2C3_EV_IRQHandler
                0x080032e0                EXTI9_5_IRQHandler
                0x080032e0                RTC_WKUP_IRQHandler
                0x080032e0                ETH_WKUP_IRQHandler
                0x080032e0                SPI2_IRQHandler
                0x080032e0                OTG_HS_EP1_IN_IRQHandler
                0x080032e0                DMA1_Stream0_IRQHandler
                0x080032e0                CAN1_TX_IRQHandler
                0x080032e0                EXTI4_IRQHandler
                0x080032e0                FSMC_IRQHandler
                0x080032e0                ETH_IRQHandler
                0x080032e0                OTG_HS_EP1_OUT_IRQHandler
                0x080032e0                WWDG_IRQHandler
                0x080032e0                TIM2_IRQHandler
                0x080032e0                OTG_FS_WKUP_IRQHandler
                0x080032e0                TIM1_TRG_COM_TIM11_IRQHandler
                0x080032e0                OTG_HS_IRQHandler
                0x080032e0                I2C2_ER_IRQHandler
                0x080032e0                DMA2_Stream1_IRQHandler
                0x080032e0                CAN1_SCE_IRQHandler
                0x080032e0                FLASH_IRQHandler
                0x080032e0                DMA2_Stream4_IRQHandler
                0x080032e0                USART1_IRQHandler
                0x080032e0                OTG_FS_IRQHandler
                0x080032e0                SPI3_IRQHandler
                0x080032e0                DMA1_Stream4_IRQHandler
                0x080032e0                I2C1_ER_IRQHandler
                0x080032e0                DMA2_Stream6_IRQHandler
                0x080032e0                DMA1_Stream3_IRQHandler
 *fill*         0x080032e2        0x2 
 .text.NMI_Handler
                0x080032e4        0x4 ./Libraries/Device/STM32F4xx/src/stm32f4xx_it.o
                0x080032e4                NMI_Handler
 .text.HardFault_Handler
                0x080032e8        0x4 ./Libraries/Device/STM32F4xx/src/stm32f4xx_it.o
                0x080032e8                HardFault_Handler
 .text.MemManage_Handler
                0x080032ec        0x4 ./Libraries/Device/STM32F4xx/src/stm32f4xx_it.o
                0x080032ec                MemManage_Handler
 .text.BusFault_Handler
                0x080032f0        0x4 ./Libraries/Device/STM32F4xx/src/stm32f4xx_it.o
                0x080032f0                BusFault_Handler
 .text.UsageFault_Handler
                0x080032f4        0x4 ./Libraries/Device/STM32F4xx/src/stm32f4xx_it.o
                0x080032f4                UsageFault_Handler
 .text.SVC_Handler
                0x080032f8        0x4 ./Libraries/Device/STM32F4xx/src/stm32f4xx_it.o
                0x080032f8                SVC_Handler
 .text.DebugMon_Handler
                0x080032fc        0x4 ./Libraries/Device/STM32F4xx/src/stm32f4xx_it.o
                0x080032fc                DebugMon_Handler
 .text.PendSV_Handler
                0x08003300        0x4 ./Libraries/Device/STM32F4xx/src/stm32f4xx_it.o
                0x08003300                PendSV_Handler
 .text.SysTick_Handler
                0x08003304       0x10 ./Libraries/Device/STM32F4xx/src/stm32f4xx_it.o
                0x08003304                SysTick_Handler
 .text.EXTI0_IRQHandler
                0x08003314       0x2c ./Libraries/Device/STM32F4xx/src/stm32f4xx_it.o
                0x08003314                EXTI0_IRQHandler
 .text.EXTI1_IRQHandler
                0x08003340       0x20 ./Libraries/Device/STM32F4xx/src/stm32f4xx_it.o
                0x08003340                EXTI1_IRQHandler
 .text.EXTI15_10_IRQHandler
                0x08003360       0x38 ./Libraries/Device/STM32F4xx/src/stm32f4xx_it.o
                0x08003360                EXTI15_10_IRQHandler
 .text.DMA2_Stream0_IRQHandler
                0x08003398       0x28 ./Libraries/Device/STM32F4xx/src/stm32f4xx_it.o
                0x08003398                DMA2_Stream0_IRQHandler
 .text.DMA1_Stream5_IRQHandler
                0x080033c0        0x4 ./Libraries/Device/STM32F4xx/src/stm32f4xx_it.o
                0x080033c0                DMA1_Stream5_IRQHandler
 .text.DMA1_Stream6_IRQHandler
                0x080033c4        0x4 ./Libraries/Device/STM32F4xx/src/stm32f4xx_it.o
                0x080033c4                DMA1_Stream6_IRQHandler
 .text.USART2_IRQHandler
                0x080033c8        0x4 ./Libraries/Device/STM32F4xx/src/stm32f4xx_it.o
                0x080033c8                USART2_IRQHandler
 .text.SystemInit
                0x080033cc      0x110 ./Libraries/Device/STM32F4xx/src/system_stm32f4xx.o
                0x080033cc                SystemInit
 .text.SystemCoreClockUpdate
                0x080034dc       0x70 ./Libraries/Device/STM32F4xx/src/system_stm32f4xx.o
                0x080034dc                SystemCoreClockUpdate
 .text.__libc_init_array
                0x0800354c       0x48 g:/stm/truestudio for stm32 9.3.0/armtools/bin/../lib/gcc/arm-atollic-eabi/6.3.1/../../../../arm-atollic-eabi/lib/armv7e-m/fpu\libc_nano.a(lib_a-init.o)
                0x0800354c                __libc_init_array
 .text.memcpy   0x08003594       0x16 g:/stm/truestudio for stm32 9.3.0/armtools/bin/../lib/gcc/arm-atollic-eabi/6.3.1/../../../../arm-atollic-eabi/lib/armv7e-m/fpu\libc_nano.a(lib_a-memcpy-stub.o)
                0x08003594                memcpy
 *fill*         0x080035aa        0x6 
 .text.cos      0x080035b0       0x88 g:/stm/truestudio for stm32 9.3.0/armtools/bin/../lib/gcc/arm-atollic-eabi/6.3.1/../../../../arm-atollic-eabi/lib/armv7e-m/fpu\libm.a(lib_a-s_cos.o)
                0x080035b0                cos
 .text.sin      0x08003638       0x90 g:/stm/truestudio for stm32 9.3.0/armtools/bin/../lib/gcc/arm-atollic-eabi/6.3.1/../../../../arm-atollic-eabi/lib/armv7e-m/fpu\libm.a(lib_a-s_sin.o)
                0x08003638                sin
 .text.__ieee754_rem_pio2
                0x080036c8      0x3e4 g:/stm/truestudio for stm32 9.3.0/armtools/bin/../lib/gcc/arm-atollic-eabi/6.3.1/../../../../arm-atollic-eabi/lib/armv7e-m/fpu\libm.a(lib_a-e_rem_pio2.o)
                0x080036c8                __ieee754_rem_pio2
 *fill*         0x08003aac        0x4 
 .text.__kernel_cos
                0x08003ab0      0x1cc g:/stm/truestudio for stm32 9.3.0/armtools/bin/../lib/gcc/arm-atollic-eabi/6.3.1/../../../../arm-atollic-eabi/lib/armv7e-m/fpu\libm.a(lib_a-k_cos.o)
                0x08003ab0                __kernel_cos
 *fill*         0x08003c7c        0x4 
 .text.__kernel_rem_pio2
                0x08003c80      0x69c g:/stm/truestudio for stm32 9.3.0/armtools/bin/../lib/gcc/arm-atollic-eabi/6.3.1/../../../../arm-atollic-eabi/lib/armv7e-m/fpu\libm.a(lib_a-k_rem_pio2.o)
                0x08003c80                __kernel_rem_pio2
 *fill*         0x0800431c        0x4 
 .text.__kernel_sin
                0x08004320      0x174 g:/stm/truestudio for stm32 9.3.0/armtools/bin/../lib/gcc/arm-atollic-eabi/6.3.1/../../../../arm-atollic-eabi/lib/armv7e-m/fpu\libm.a(lib_a-k_sin.o)
                0x08004320                __kernel_sin
 .text.fabs     0x08004494        0xe g:/stm/truestudio for stm32 9.3.0/armtools/bin/../lib/gcc/arm-atollic-eabi/6.3.1/../../../../arm-atollic-eabi/lib/armv7e-m/fpu\libm.a(lib_a-s_fabs.o)
                0x08004494                fabs
 *fill*         0x080044a2        0x6 
 .text.floor    0x080044a8      0x108 g:/stm/truestudio for stm32 9.3.0/armtools/bin/../lib/gcc/arm-atollic-eabi/6.3.1/../../../../arm-atollic-eabi/lib/armv7e-m/fpu\libm.a(lib_a-s_floor.o)
                0x080044a8                floor
 .text.scalbn   0x080045b0       0xf4 g:/stm/truestudio for stm32 9.3.0/armtools/bin/../lib/gcc/arm-atollic-eabi/6.3.1/../../../../arm-atollic-eabi/lib/armv7e-m/fpu\libm.a(lib_a-s_scalbn.o)
                0x080045b0                scalbn
 .text.copysign
                0x080046a4       0x1a g:/stm/truestudio for stm32 9.3.0/armtools/bin/../lib/gcc/arm-atollic-eabi/6.3.1/../../../../arm-atollic-eabi/lib/armv7e-m/fpu\libm.a(lib_a-s_copysign.o)
                0x080046a4                copysign
 *(.glue_7)
 .glue_7        0x080046be        0x0 linker stubs
 *(.glue_7t)
 .glue_7t       0x080046be        0x0 linker stubs
 *(.eh_frame)
 *fill*         0x080046be        0x2 
 .eh_frame      0x080046c0        0x0 g:/stm/truestudio for stm32 9.3.0/armtools/bin/../lib/gcc/arm-atollic-eabi/6.3.1/armv7e-m/fpu/crtbegin.o
 *(.init)
 .init          0x080046c0        0x4 g:/stm/truestudio for stm32 9.3.0/armtools/bin/../lib/gcc/arm-atollic-eabi/6.3.1/armv7e-m/fpu/crti.o
                0x080046c0                _init
 .init          0x080046c4        0x8 g:/stm/truestudio for stm32 9.3.0/armtools/bin/../lib/gcc/arm-atollic-eabi/6.3.1/armv7e-m/fpu/crtn.o
 *(.fini)
 .fini          0x080046cc        0x4 g:/stm/truestudio for stm32 9.3.0/armtools/bin/../lib/gcc/arm-atollic-eabi/6.3.1/armv7e-m/fpu/crti.o
                0x080046cc                _fini
 .fini          0x080046d0        0x8 g:/stm/truestudio for stm32 9.3.0/armtools/bin/../lib/gcc/arm-atollic-eabi/6.3.1/armv7e-m/fpu/crtn.o
                0x080046d8                . = ALIGN (0x4)
                0x080046d8                _etext = .

.vfp11_veneer   0x080046d8        0x0
 .vfp11_veneer  0x080046d8        0x0 linker stubs

.v4_bx          0x080046d8        0x0
 .v4_bx         0x080046d8        0x0 linker stubs

.iplt           0x080046d8        0x0
 .iplt          0x080046d8        0x0 g:/stm/truestudio for stm32 9.3.0/armtools/bin/../lib/gcc/arm-atollic-eabi/6.3.1/armv7e-m/fpu/crtbegin.o

.rodata         0x080046d8      0x1d8
                0x080046d8                . = ALIGN (0x4)
 *(.rodata)
 *(.rodata*)
 .rodata.npio2_hw
                0x080046d8       0x80 g:/stm/truestudio for stm32 9.3.0/armtools/bin/../lib/gcc/arm-atollic-eabi/6.3.1/../../../../arm-atollic-eabi/lib/armv7e-m/fpu\libm.a(lib_a-e_rem_pio2.o)
 .rodata.two_over_pi
                0x08004758      0x108 g:/stm/truestudio for stm32 9.3.0/armtools/bin/../lib/gcc/arm-atollic-eabi/6.3.1/../../../../arm-atollic-eabi/lib/armv7e-m/fpu\libm.a(lib_a-e_rem_pio2.o)
 .rodata.PIo2   0x08004860       0x40 g:/stm/truestudio for stm32 9.3.0/armtools/bin/../lib/gcc/arm-atollic-eabi/6.3.1/../../../../arm-atollic-eabi/lib/armv7e-m/fpu\libm.a(lib_a-k_rem_pio2.o)
 .rodata.init_jk
                0x080048a0       0x10 g:/stm/truestudio for stm32 9.3.0/armtools/bin/../lib/gcc/arm-atollic-eabi/6.3.1/../../../../arm-atollic-eabi/lib/armv7e-m/fpu\libm.a(lib_a-k_rem_pio2.o)
                0x080048b0                . = ALIGN (0x4)

.rel.dyn        0x080048b0        0x0
 .rel.iplt      0x080048b0        0x0 g:/stm/truestudio for stm32 9.3.0/armtools/bin/../lib/gcc/arm-atollic-eabi/6.3.1/armv7e-m/fpu/crtbegin.o

.ARM.extab
 *(.ARM.extab* .gnu.linkonce.armextab.*)

.ARM            0x080048b0        0x0
                0x080048b0                __exidx_start = .
 *(.ARM.exidx*)
                0x080048b0                __exidx_end = .

.preinit_array  0x080048b0        0x0
                0x080048b0                PROVIDE (__preinit_array_start, .)
 *(.preinit_array*)
                0x080048b0                PROVIDE (__preinit_array_end, .)

.init_array     0x080048b0        0x4
                0x080048b0                PROVIDE (__init_array_start, .)
 *(SORT(.init_array.*))
 *(.init_array*)
 .init_array    0x080048b0        0x4 g:/stm/truestudio for stm32 9.3.0/armtools/bin/../lib/gcc/arm-atollic-eabi/6.3.1/armv7e-m/fpu/crtbegin.o
                0x080048b4                PROVIDE (__init_array_end, .)

.fini_array     0x080048b4        0x4
                [!provide]                PROVIDE (__fini_array_start, .)
 *(SORT(.fini_array.*))
 *(.fini_array*)
 .fini_array    0x080048b4        0x4 g:/stm/truestudio for stm32 9.3.0/armtools/bin/../lib/gcc/arm-atollic-eabi/6.3.1/armv7e-m/fpu/crtbegin.o
                [!provide]                PROVIDE (__fini_array_end, .)
                0x080048b8                _sidata = LOADADDR (.data)

.data           0x20000000       0x14 load address 0x080048b8
                0x20000000                . = ALIGN (0x4)
                0x20000000                _sdata = .
 *(.data)
 *(.data*)
 .data.AHBPrescTable
                0x20000000       0x10 ./Libraries/Device/STM32F4xx/src/system_stm32f4xx.o
                0x20000000                AHBPrescTable
 .data.SystemCoreClock
                0x20000010        0x4 ./Libraries/Device/STM32F4xx/src/system_stm32f4xx.o
                0x20000010                SystemCoreClock
                0x20000014                . = ALIGN (0x4)
                0x20000014                _edata = .
                0x080048cc                _siccmram = LOADADDR (.ccmram)

.igot.plt       0x20000014        0x0 load address 0x080048cc
 .igot.plt      0x20000014        0x0 g:/stm/truestudio for stm32 9.3.0/armtools/bin/../lib/gcc/arm-atollic-eabi/6.3.1/armv7e-m/fpu/crtbegin.o

.ccmram         0x10000000        0x0 load address 0x080048cc
                0x10000000                . = ALIGN (0x4)
                0x10000000                _sccmram = .
 *(.ccmram)
 *(.ccmram*)
                0x10000000                . = ALIGN (0x4)
                0x10000000                _eccmram = .
                0x10000000                . = ALIGN (0x4)

.bss            0x20000014    0x1f2cc
                0x20000014                _sbss = .
                0x20000014                __bss_start__ = _sbss
 *(.bss)
 .bss           0x20000014       0x1c g:/stm/truestudio for stm32 9.3.0/armtools/bin/../lib/gcc/arm-atollic-eabi/6.3.1/armv7e-m/fpu/crtbegin.o
 *(.bss*)
 .bss.COS_ARRAY
                0x20000030      0x800 ./src/src/estimation.o
 .bss.DFT_PHASOR
                0x20000830       0x60 ./src/src/estimation.o
 .bss.OUT_ARRAY
                0x20000890    0x18000 ./src/src/estimation.o
 .bss.SIN_ARRAY
                0x20018890      0x800 ./src/src/estimation.o
 .bss.SUM_PHASOR
                0x20019090       0x90 ./src/src/estimation.o
 .bss.mat_i     0x20019120       0x24 ./src/src/estimation.o
 .bss.Error_Code
                0x20019144        0x1 ./src/src/led.o
                0x20019144                Error_Code
 *fill*         0x20019145        0x3 
 .bss.ADC_ARRAY
                0x20019148     0x6000 ./src/src/process.o
 .bss.Read_Buffer
                0x2001f148        0x1 ./src/src/process.o
                0x2001f148                Read_Buffer
 *fill*         0x2001f149        0x1 
 .bss.SAMPLE    0x2001f14a        0x2 ./src/src/process.o
                0x2001f14a                SAMPLE
 .bss.SysTickCounter
                0x2001f14c        0x4 ./src/src/systick.o
                0x2001f14c                SysTickCounter
 .bss.RxBuffer  0x2001f150       0x15 ./src/src/usart2.o
 .bss.RxChar    0x2001f165        0x1 ./src/src/usart2.o
 *fill*         0x2001f166        0x2 
 .bss.RxDMABuffer
                0x2001f168       0x14 ./src/src/usart2.o
 .bss.RxMessageLength
                0x2001f17c        0x1 ./src/src/usart2.o
 .bss.currentIRQStatus
                0x2001f17d        0x1 ./src/src/usart2.o
 .bss.count.6902
                0x2001f17e        0x1 ./Libraries/Device/STM32F4xx/src/stm32f4xx_it.o
 *(COMMON)
 *fill*         0x2001f17f        0x1 
 COMMON         0x2001f180      0x160 ./src/src/process.o
                0x2001f180                DATA_String
                0x2001f238                OUT_PHASOR
                0x2001f2c8                ADC_BUFFER
                0x2001f2e0                . = ALIGN (0x4)
                0x2001f2e0                _ebss = .
                0x2001f2e0                __bss_end__ = _ebss

._user_heap_stack
                0x2001f2e0      0xc00
                0x2001f2e0                . = ALIGN (0x4)
                [!provide]                PROVIDE (end, .)
                [!provide]                PROVIDE (_end, .)
                0x2001f6e0                . = (. + _Min_Heap_Size)
 *fill*         0x2001f2e0      0x400 
                0x2001fee0                . = (. + _Min_Stack_Size)
 *fill*         0x2001f6e0      0x800 
                0x2001fee0                . = ALIGN (0x4)

.memory_b1_text
 *(.mb1text)
 *(.mb1text*)
 *(.mb1rodata)
 *(.mb1rodata*)

/DISCARD/
 libc.a(*)
 libm.a(*)
 libgcc.a(*)

.ARM.attributes
                0x00000000       0x30
 *(.ARM.attributes)
 .ARM.attributes
                0x00000000       0x22 g:/stm/truestudio for stm32 9.3.0/armtools/bin/../lib/gcc/arm-atollic-eabi/6.3.1/armv7e-m/fpu/crti.o
 .ARM.attributes
                0x00000022       0x34 g:/stm/truestudio for stm32 9.3.0/armtools/bin/../lib/gcc/arm-atollic-eabi/6.3.1/armv7e-m/fpu/crtbegin.o
 .ARM.attributes
                0x00000056       0x35 ./src/src/estimation.o
 .ARM.attributes
                0x0000008b       0x35 ./src/src/exti.o
 .ARM.attributes
                0x000000c0       0x35 ./src/src/gpio.o
 .ARM.attributes
                0x000000f5       0x35 ./src/src/led.o
 .ARM.attributes
                0x0000012a       0x35 ./src/src/nvic.o
 .ARM.attributes
                0x0000015f       0x35 ./src/src/process.o
 .ARM.attributes
                0x00000194       0x35 ./src/src/systick.o
 .ARM.attributes
                0x000001c9       0x35 ./src/src/usart2.o
 .ARM.attributes
                0x000001fe       0x35 ./src/main.o
 .ARM.attributes
                0x00000233       0x21 ./Libraries/Device/STM32F4xx/src/startup_stm32f40xx.o
 .ARM.attributes
                0x00000254       0x35 ./Libraries/Device/STM32F4xx/src/stm32f4xx_it.o
 .ARM.attributes
                0x00000289       0x35 ./Libraries/Device/STM32F4xx/src/system_stm32f4xx.o
 .ARM.attributes
                0x000002be       0x34 g:/stm/truestudio for stm32 9.3.0/armtools/bin/../lib/gcc/arm-atollic-eabi/6.3.1/../../../../arm-atollic-eabi/lib/armv7e-m/fpu\libc_nano.a(lib_a-init.o)
 .ARM.attributes
                0x000002f2       0x34 g:/stm/truestudio for stm32 9.3.0/armtools/bin/../lib/gcc/arm-atollic-eabi/6.3.1/../../../../arm-atollic-eabi/lib/armv7e-m/fpu\libc_nano.a(lib_a-memcpy-stub.o)
 .ARM.attributes
                0x00000326       0x34 g:/stm/truestudio for stm32 9.3.0/armtools/bin/../lib/gcc/arm-atollic-eabi/6.3.1/../../../../arm-atollic-eabi/lib/armv7e-m/fpu\libm.a(lib_a-s_cos.o)
 .ARM.attributes
                0x0000035a       0x34 g:/stm/truestudio for stm32 9.3.0/armtools/bin/../lib/gcc/arm-atollic-eabi/6.3.1/../../../../arm-atollic-eabi/lib/armv7e-m/fpu\libm.a(lib_a-s_sin.o)
 .ARM.attributes
                0x0000038e       0x34 g:/stm/truestudio for stm32 9.3.0/armtools/bin/../lib/gcc/arm-atollic-eabi/6.3.1/../../../../arm-atollic-eabi/lib/armv7e-m/fpu\libm.a(lib_a-e_rem_pio2.o)
 .ARM.attributes
                0x000003c2       0x34 g:/stm/truestudio for stm32 9.3.0/armtools/bin/../lib/gcc/arm-atollic-eabi/6.3.1/../../../../arm-atollic-eabi/lib/armv7e-m/fpu\libm.a(lib_a-k_cos.o)
 .ARM.attributes
                0x000003f6       0x34 g:/stm/truestudio for stm32 9.3.0/armtools/bin/../lib/gcc/arm-atollic-eabi/6.3.1/../../../../arm-atollic-eabi/lib/armv7e-m/fpu\libm.a(lib_a-k_rem_pio2.o)
 .ARM.attributes
                0x0000042a       0x34 g:/stm/truestudio for stm32 9.3.0/armtools/bin/../lib/gcc/arm-atollic-eabi/6.3.1/../../../../arm-atollic-eabi/lib/armv7e-m/fpu\libm.a(lib_a-k_sin.o)
 .ARM.attributes
                0x0000045e       0x34 g:/stm/truestudio for stm32 9.3.0/armtools/bin/../lib/gcc/arm-atollic-eabi/6.3.1/../../../../arm-atollic-eabi/lib/armv7e-m/fpu\libm.a(lib_a-s_fabs.o)
 .ARM.attributes
                0x00000492       0x34 g:/stm/truestudio for stm32 9.3.0/armtools/bin/../lib/gcc/arm-atollic-eabi/6.3.1/../../../../arm-atollic-eabi/lib/armv7e-m/fpu\libm.a(lib_a-s_floor.o)
 .ARM.attributes
                0x000004c6       0x34 g:/stm/truestudio for stm32 9.3.0/armtools/bin/../lib/gcc/arm-atollic-eabi/6.3.1/../../../../arm-atollic-eabi/lib/armv7e-m/fpu\libm.a(lib_a-s_scalbn.o)
 .ARM.attributes
                0x000004fa       0x34 g:/stm/truestudio for stm32 9.3.0/armtools/bin/../lib/gcc/arm-atollic-eabi/6.3.1/../../../../arm-atollic-eabi/lib/armv7e-m/fpu\libm.a(lib_a-s_copysign.o)
 .ARM.attributes
                0x0000052e       0x22 g:/stm/truestudio for stm32 9.3.0/armtools/bin/../lib/gcc/arm-atollic-eabi/6.3.1/armv7e-m/fpu\libgcc.a(_arm_addsubdf3.o)
 .ARM.attributes
                0x00000550       0x22 g:/stm/truestudio for stm32 9.3.0/armtools/bin/../lib/gcc/arm-atollic-eabi/6.3.1/armv7e-m/fpu\libgcc.a(_arm_muldivdf3.o)
 .ARM.attributes
                0x00000572       0x22 g:/stm/truestudio for stm32 9.3.0/armtools/bin/../lib/gcc/arm-atollic-eabi/6.3.1/armv7e-m/fpu\libgcc.a(_arm_cmpdf2.o)
 .ARM.attributes
                0x00000594       0x22 g:/stm/truestudio for stm32 9.3.0/armtools/bin/../lib/gcc/arm-atollic-eabi/6.3.1/armv7e-m/fpu\libgcc.a(_arm_fixdfsi.o)
 .ARM.attributes
                0x000005b6       0x22 g:/stm/truestudio for stm32 9.3.0/armtools/bin/../lib/gcc/arm-atollic-eabi/6.3.1/armv7e-m/fpu\libgcc.a(_arm_fixunsdfsi.o)
 .ARM.attributes
                0x000005d8       0x22 g:/stm/truestudio for stm32 9.3.0/armtools/bin/../lib/gcc/arm-atollic-eabi/6.3.1/armv7e-m/fpu\libgcc.a(_arm_truncdfsf2.o)
 .ARM.attributes
                0x000005fa       0x22 g:/stm/truestudio for stm32 9.3.0/armtools/bin/../lib/gcc/arm-atollic-eabi/6.3.1/armv7e-m/fpu/crtn.o
OUTPUT(new8_Update2.elf elf32-littlearm)

.debug_info     0x00000000     0x6421
 .debug_info    0x00000000     0x1123 ./src/src/estimation.o
 .debug_info    0x00001123      0x466 ./src/src/exti.o
 .debug_info    0x00001589      0x979 ./src/src/gpio.o
 .debug_info    0x00001f02      0xb10 ./src/src/led.o
 .debug_info    0x00002a12      0x85c ./src/src/nvic.o
 .debug_info    0x0000326e      0x833 ./src/src/process.o
 .debug_info    0x00003aa1      0x879 ./src/src/systick.o
 .debug_info    0x0000431a      0xf70 ./src/src/usart2.o
 .debug_info    0x0000528a      0x500 ./src/main.o
 .debug_info    0x0000578a       0x8b ./Libraries/Device/STM32F4xx/src/startup_stm32f40xx.o
 .debug_info    0x00005815      0x612 ./Libraries/Device/STM32F4xx/src/stm32f4xx_it.o
 .debug_info    0x00005e27      0x5fa ./Libraries/Device/STM32F4xx/src/system_stm32f4xx.o

.debug_abbrev   0x00000000     0x16a6
 .debug_abbrev  0x00000000      0x317 ./src/src/estimation.o
 .debug_abbrev  0x00000317      0x155 ./src/src/exti.o
 .debug_abbrev  0x0000046c      0x203 ./src/src/gpio.o
 .debug_abbrev  0x0000066f      0x237 ./src/src/led.o
 .debug_abbrev  0x000008a6      0x1af ./src/src/nvic.o
 .debug_abbrev  0x00000a55      0x26d ./src/src/process.o
 .debug_abbrev  0x00000cc2      0x220 ./src/src/systick.o
 .debug_abbrev  0x00000ee2      0x352 ./src/src/usart2.o
 .debug_abbrev  0x00001234      0x125 ./src/main.o
 .debug_abbrev  0x00001359       0x12 ./Libraries/Device/STM32F4xx/src/startup_stm32f40xx.o
 .debug_abbrev  0x0000136b      0x1be ./Libraries/Device/STM32F4xx/src/stm32f4xx_it.o
 .debug_abbrev  0x00001529      0x17d ./Libraries/Device/STM32F4xx/src/system_stm32f4xx.o

.debug_loc      0x00000000     0x2936
 .debug_loc     0x00000000      0xa07 ./src/src/estimation.o
 .debug_loc     0x00000a07      0x178 ./src/src/exti.o
 .debug_loc     0x00000b7f      0x48a ./src/src/gpio.o
 .debug_loc     0x00001009      0x4c3 ./src/src/led.o
 .debug_loc     0x000014cc      0x1dc ./src/src/nvic.o
 .debug_loc     0x000016a8      0xc73 ./src/src/process.o
 .debug_loc     0x0000231b       0x68 ./src/src/systick.o
 .debug_loc     0x00002383      0x478 ./src/src/usart2.o
 .debug_loc     0x000027fb      0x13b ./Libraries/Device/STM32F4xx/src/system_stm32f4xx.o

.debug_aranges  0x00000000      0x308
 .debug_aranges
                0x00000000       0x30 ./src/src/estimation.o
 .debug_aranges
                0x00000030       0x38 ./src/src/exti.o
 .debug_aranges
                0x00000068       0x48 ./src/src/gpio.o
 .debug_aranges
                0x000000b0       0x58 ./src/src/led.o
 .debug_aranges
                0x00000108       0x20 ./src/src/nvic.o
 .debug_aranges
                0x00000128       0x48 ./src/src/process.o
 .debug_aranges
                0x00000170       0x38 ./src/src/systick.o
 .debug_aranges
                0x000001a8       0x70 ./src/src/usart2.o
 .debug_aranges
                0x00000218       0x20 ./src/main.o
 .debug_aranges
                0x00000238       0x28 ./Libraries/Device/STM32F4xx/src/startup_stm32f40xx.o
 .debug_aranges
                0x00000260       0x80 ./Libraries/Device/STM32F4xx/src/stm32f4xx_it.o
 .debug_aranges
                0x000002e0       0x28 ./Libraries/Device/STM32F4xx/src/system_stm32f4xx.o

.debug_ranges   0x00000000      0xb00
 .debug_ranges  0x00000000      0x250 ./src/src/estimation.o
 .debug_ranges  0x00000250       0x28 ./src/src/exti.o
 .debug_ranges  0x00000278      0x178 ./src/src/gpio.o
 .debug_ranges  0x000003f0      0x218 ./src/src/led.o
 .debug_ranges  0x00000608      0x150 ./src/src/nvic.o
 .debug_ranges  0x00000758       0xf8 ./src/src/process.o
 .debug_ranges  0x00000850       0x48 ./src/src/systick.o
 .debug_ranges  0x00000898      0x198 ./src/src/usart2.o
 .debug_ranges  0x00000a30       0x10 ./src/main.o
 .debug_ranges  0x00000a40       0x20 ./Libraries/Device/STM32F4xx/src/startup_stm32f40xx.o
 .debug_ranges  0x00000a60       0x70 ./Libraries/Device/STM32F4xx/src/stm32f4xx_it.o
 .debug_ranges  0x00000ad0       0x30 ./Libraries/Device/STM32F4xx/src/system_stm32f4xx.o

.debug_line     0x00000000     0x232c
 .debug_line    0x00000000      0x4e5 ./src/src/estimation.o
 .debug_line    0x000004e5      0x1d8 ./src/src/exti.o
 .debug_line    0x000006bd      0x31e ./src/src/gpio.o
 .debug_line    0x000009db      0x356 ./src/src/led.o
 .debug_line    0x00000d31      0x1ac ./src/src/nvic.o
 .debug_line    0x00000edd      0x6e7 ./src/src/process.o
 .debug_line    0x000015c4      0x1e7 ./src/src/systick.o
 .debug_line    0x000017ab      0x442 ./src/src/usart2.o
 .debug_line    0x00001bed      0x1eb ./src/main.o
 .debug_line    0x00001dd8       0x98 ./Libraries/Device/STM32F4xx/src/startup_stm32f40xx.o
 .debug_line    0x00001e70      0x2ba ./Libraries/Device/STM32F4xx/src/stm32f4xx_it.o
 .debug_line    0x0000212a      0x202 ./Libraries/Device/STM32F4xx/src/system_stm32f4xx.o

.debug_str      0x00000000     0x1aaa
 .debug_str     0x00000000      0x7ee ./src/src/estimation.o
                                0x8a2 (size before relaxing)
 .debug_str     0x000007ee      0x205 ./src/src/exti.o
                                0x3fa (size before relaxing)
 .debug_str     0x000009f3      0x1a3 ./src/src/gpio.o
                                0x50a (size before relaxing)
 .debug_str     0x00000b96      0x609 ./src/src/led.o
                                0xa60 (size before relaxing)
 .debug_str     0x0000119f      0x11b ./src/src/nvic.o
                                0x82b (size before relaxing)
 .debug_str     0x000012ba      0x217 ./src/src/process.o
                                0x589 (size before relaxing)
 .debug_str     0x000014d1       0xd5 ./src/src/systick.o
                                0x926 (size before relaxing)
 .debug_str     0x000015a6      0x2c9 ./src/src/usart2.o
                                0x78e (size before relaxing)
 .debug_str     0x0000186f       0x2c ./src/main.o
                                0x449 (size before relaxing)
 .debug_str     0x0000189b      0x152 ./Libraries/Device/STM32F4xx/src/stm32f4xx_it.o
                                0x644 (size before relaxing)
 .debug_str     0x000019ed       0xbd ./Libraries/Device/STM32F4xx/src/system_stm32f4xx.o
                                0x41e (size before relaxing)

.comment        0x00000000       0x7c
 .comment       0x00000000       0x7c ./src/src/estimation.o
                                 0x7d (size before relaxing)
 .comment       0x0000007c       0x7d ./src/src/exti.o
 .comment       0x0000007c       0x7d ./src/src/gpio.o
 .comment       0x0000007c       0x7d ./src/src/led.o
 .comment       0x0000007c       0x7d ./src/src/nvic.o
 .comment       0x0000007c       0x7d ./src/src/process.o
 .comment       0x0000007c       0x7d ./src/src/systick.o
 .comment       0x0000007c       0x7d ./src/src/usart2.o
 .comment       0x0000007c       0x7d ./src/main.o
 .comment       0x0000007c       0x7d ./Libraries/Device/STM32F4xx/src/stm32f4xx_it.o
 .comment       0x0000007c       0x7d ./Libraries/Device/STM32F4xx/src/system_stm32f4xx.o

.debug_frame    0x00000000      0xb50
 .debug_frame   0x00000000       0xd4 ./src/src/estimation.o
 .debug_frame   0x000000d4       0x68 ./src/src/exti.o
 .debug_frame   0x0000013c       0xa8 ./src/src/gpio.o
 .debug_frame   0x000001e4       0xcc ./src/src/led.o
 .debug_frame   0x000002b0       0x30 ./src/src/nvic.o
 .debug_frame   0x000002e0       0xd8 ./src/src/process.o
 .debug_frame   0x000003b8       0x5c ./src/src/systick.o
 .debug_frame   0x00000414      0x100 ./src/src/usart2.o
 .debug_frame   0x00000514       0x28 ./src/main.o
 .debug_frame   0x0000053c      0x150 ./Libraries/Device/STM32F4xx/src/stm32f4xx_it.o
 .debug_frame   0x0000068c       0x3c ./Libraries/Device/STM32F4xx/src/system_stm32f4xx.o
 .debug_frame   0x000006c8       0x2c g:/stm/truestudio for stm32 9.3.0/armtools/bin/../lib/gcc/arm-atollic-eabi/6.3.1/../../../../arm-atollic-eabi/lib/armv7e-m/fpu\libc_nano.a(lib_a-init.o)
 .debug_frame   0x000006f4       0x28 g:/stm/truestudio for stm32 9.3.0/armtools/bin/../lib/gcc/arm-atollic-eabi/6.3.1/../../../../arm-atollic-eabi/lib/armv7e-m/fpu\libc_nano.a(lib_a-memcpy-stub.o)
 .debug_frame   0x0000071c       0x2c g:/stm/truestudio for stm32 9.3.0/armtools/bin/../lib/gcc/arm-atollic-eabi/6.3.1/../../../../arm-atollic-eabi/lib/armv7e-m/fpu\libm.a(lib_a-s_cos.o)
 .debug_frame   0x00000748       0x2c g:/stm/truestudio for stm32 9.3.0/armtools/bin/../lib/gcc/arm-atollic-eabi/6.3.1/../../../../arm-atollic-eabi/lib/armv7e-m/fpu\libm.a(lib_a-s_sin.o)
 .debug_frame   0x00000774       0x40 g:/stm/truestudio for stm32 9.3.0/armtools/bin/../lib/gcc/arm-atollic-eabi/6.3.1/../../../../arm-atollic-eabi/lib/armv7e-m/fpu\libm.a(lib_a-e_rem_pio2.o)
 .debug_frame   0x000007b4       0x40 g:/stm/truestudio for stm32 9.3.0/armtools/bin/../lib/gcc/arm-atollic-eabi/6.3.1/../../../../arm-atollic-eabi/lib/armv7e-m/fpu\libm.a(lib_a-k_cos.o)
 .debug_frame   0x000007f4       0x54 g:/stm/truestudio for stm32 9.3.0/armtools/bin/../lib/gcc/arm-atollic-eabi/6.3.1/../../../../arm-atollic-eabi/lib/armv7e-m/fpu\libm.a(lib_a-k_rem_pio2.o)
 .debug_frame   0x00000848       0x40 g:/stm/truestudio for stm32 9.3.0/armtools/bin/../lib/gcc/arm-atollic-eabi/6.3.1/../../../../arm-atollic-eabi/lib/armv7e-m/fpu\libm.a(lib_a-k_sin.o)
 .debug_frame   0x00000888       0x20 g:/stm/truestudio for stm32 9.3.0/armtools/bin/../lib/gcc/arm-atollic-eabi/6.3.1/../../../../arm-atollic-eabi/lib/armv7e-m/fpu\libm.a(lib_a-s_fabs.o)
 .debug_frame   0x000008a8       0x30 g:/stm/truestudio for stm32 9.3.0/armtools/bin/../lib/gcc/arm-atollic-eabi/6.3.1/../../../../arm-atollic-eabi/lib/armv7e-m/fpu\libm.a(lib_a-s_floor.o)
 .debug_frame   0x000008d8       0x2c g:/stm/truestudio for stm32 9.3.0/armtools/bin/../lib/gcc/arm-atollic-eabi/6.3.1/../../../../arm-atollic-eabi/lib/armv7e-m/fpu\libm.a(lib_a-s_scalbn.o)
 .debug_frame   0x00000904       0x20 g:/stm/truestudio for stm32 9.3.0/armtools/bin/../lib/gcc/arm-atollic-eabi/6.3.1/../../../../arm-atollic-eabi/lib/armv7e-m/fpu\libm.a(lib_a-s_copysign.o)
 .debug_frame   0x00000924       0xac g:/stm/truestudio for stm32 9.3.0/armtools/bin/../lib/gcc/arm-atollic-eabi/6.3.1/armv7e-m/fpu\libgcc.a(_arm_addsubdf3.o)
 .debug_frame   0x000009d0       0x50 g:/stm/truestudio for stm32 9.3.0/armtools/bin/../lib/gcc/arm-atollic-eabi/6.3.1/armv7e-m/fpu\libgcc.a(_arm_muldivdf3.o)
 .debug_frame   0x00000a20       0xc4 g:/stm/truestudio for stm32 9.3.0/armtools/bin/../lib/gcc/arm-atollic-eabi/6.3.1/armv7e-m/fpu\libgcc.a(_arm_cmpdf2.o)
 .debug_frame   0x00000ae4       0x24 g:/stm/truestudio for stm32 9.3.0/armtools/bin/../lib/gcc/arm-atollic-eabi/6.3.1/armv7e-m/fpu\libgcc.a(_arm_fixdfsi.o)
 .debug_frame   0x00000b08       0x24 g:/stm/truestudio for stm32 9.3.0/armtools/bin/../lib/gcc/arm-atollic-eabi/6.3.1/armv7e-m/fpu\libgcc.a(_arm_fixunsdfsi.o)
 .debug_frame   0x00000b2c       0x24 g:/stm/truestudio for stm32 9.3.0/armtools/bin/../lib/gcc/arm-atollic-eabi/6.3.1/armv7e-m/fpu\libgcc.a(_arm_truncdfsf2.o)

Cross Reference Table

Symbol                                            File
ADC_BUFFER                                        ./src/src/process.o
                                                  ./src/src/estimation.o
ADC_IRQHandler                                    ./Libraries/Device/STM32F4xx/src/startup_stm32f40xx.o
AHBPrescTable                                     ./Libraries/Device/STM32F4xx/src/system_stm32f4xx.o
BusFault_Handler                                  ./Libraries/Device/STM32F4xx/src/stm32f4xx_it.o
                                                  ./Libraries/Device/STM32F4xx/src/startup_stm32f40xx.o
CAN1_RX0_IRQHandler                               ./Libraries/Device/STM32F4xx/src/startup_stm32f40xx.o
CAN1_RX1_IRQHandler                               ./Libraries/Device/STM32F4xx/src/startup_stm32f40xx.o
CAN1_SCE_IRQHandler                               ./Libraries/Device/STM32F4xx/src/startup_stm32f40xx.o
CAN1_TX_IRQHandler                                ./Libraries/Device/STM32F4xx/src/startup_stm32f40xx.o
CAN2_RX0_IRQHandler                               ./Libraries/Device/STM32F4xx/src/startup_stm32f40xx.o
CAN2_RX1_IRQHandler                               ./Libraries/Device/STM32F4xx/src/startup_stm32f40xx.o
CAN2_SCE_IRQHandler                               ./Libraries/Device/STM32F4xx/src/startup_stm32f40xx.o
CAN2_TX_IRQHandler                                ./Libraries/Device/STM32F4xx/src/startup_stm32f40xx.o
CRYP_IRQHandler                                   ./Libraries/Device/STM32F4xx/src/startup_stm32f40xx.o
Control_Pins_Init                                 ./src/src/gpio.o
DATA_String                                       ./src/src/process.o
DCMI_IRQHandler                                   ./Libraries/Device/STM32F4xx/src/startup_stm32f40xx.o
DEGREE                                            ./src/src/estimation.o
DMA1_Stream0_IRQHandler                           ./Libraries/Device/STM32F4xx/src/startup_stm32f40xx.o
DMA1_Stream1_IRQHandler                           ./Libraries/Device/STM32F4xx/src/startup_stm32f40xx.o
DMA1_Stream2_IRQHandler                           ./Libraries/Device/STM32F4xx/src/startup_stm32f40xx.o
DMA1_Stream3_IRQHandler                           ./Libraries/Device/STM32F4xx/src/startup_stm32f40xx.o
DMA1_Stream4_IRQHandler                           ./Libraries/Device/STM32F4xx/src/startup_stm32f40xx.o
DMA1_Stream5_IRQHandler                           ./Libraries/Device/STM32F4xx/src/stm32f4xx_it.o
                                                  ./Libraries/Device/STM32F4xx/src/startup_stm32f40xx.o
DMA1_Stream6_IRQHandler                           ./Libraries/Device/STM32F4xx/src/stm32f4xx_it.o
                                                  ./Libraries/Device/STM32F4xx/src/startup_stm32f40xx.o
DMA1_Stream7_IRQHandler                           ./Libraries/Device/STM32F4xx/src/startup_stm32f40xx.o
DMA2_Stream0_Enable                               ./src/src/dma.o
DMA2_Stream0_IRQHandler                           ./Libraries/Device/STM32F4xx/src/stm32f4xx_it.o
                                                  ./Libraries/Device/STM32F4xx/src/startup_stm32f40xx.o
DMA2_Stream0_Init                                 ./src/src/dma.o
DMA2_Stream0_Set_Addresses                        ./src/src/dma.o
DMA2_Stream1_IRQHandler                           ./Libraries/Device/STM32F4xx/src/startup_stm32f40xx.o
DMA2_Stream2_IRQHandler                           ./Libraries/Device/STM32F4xx/src/startup_stm32f40xx.o
DMA2_Stream3_IRQHandler                           ./Libraries/Device/STM32F4xx/src/startup_stm32f40xx.o
DMA2_Stream4_IRQHandler                           ./Libraries/Device/STM32F4xx/src/startup_stm32f40xx.o
DMA2_Stream5_IRQHandler                           ./Libraries/Device/STM32F4xx/src/startup_stm32f40xx.o
DMA2_Stream6_IRQHandler                           ./Libraries/Device/STM32F4xx/src/startup_stm32f40xx.o
DMA2_Stream7_IRQHandler                           ./Libraries/Device/STM32F4xx/src/startup_stm32f40xx.o
Data_Port_Init                                    ./src/src/gpio.o
DebugMon_Handler                                  ./Libraries/Device/STM32F4xx/src/stm32f4xx_it.o
                                                  ./Libraries/Device/STM32F4xx/src/startup_stm32f40xx.o
Default_Handler                                   ./Libraries/Device/STM32F4xx/src/startup_stm32f40xx.o
Delta_t                                           ./src/src/estimation.o
ETH_IRQHandler                                    ./Libraries/Device/STM32F4xx/src/startup_stm32f40xx.o
ETH_WKUP_IRQHandler                               ./Libraries/Device/STM32F4xx/src/startup_stm32f40xx.o
EXTI0_IRQHandler                                  ./Libraries/Device/STM32F4xx/src/stm32f4xx_it.o
                                                  ./Libraries/Device/STM32F4xx/src/startup_stm32f40xx.o
EXTI15_10_IRQHandler                              ./Libraries/Device/STM32F4xx/src/stm32f4xx_it.o
                                                  ./Libraries/Device/STM32F4xx/src/startup_stm32f40xx.o
EXTI1_IRQHandler                                  ./Libraries/Device/STM32F4xx/src/stm32f4xx_it.o
                                                  ./Libraries/Device/STM32F4xx/src/startup_stm32f40xx.o
EXTI2_IRQHandler                                  ./Libraries/Device/STM32F4xx/src/startup_stm32f40xx.o
EXTI3_IRQHandler                                  ./Libraries/Device/STM32F4xx/src/startup_stm32f40xx.o
EXTI4_IRQHandler                                  ./Libraries/Device/STM32F4xx/src/startup_stm32f40xx.o
EXTI9_5_IRQHandler                                ./Libraries/Device/STM32F4xx/src/startup_stm32f40xx.o
EXTI_Clear_PendingBit                             ./src/src/exti.o
                                                  ./Libraries/Device/STM32F4xx/src/stm32f4xx_it.o
EXTI_Line_Check                                   ./src/src/exti.o
                                                  ./Libraries/Device/STM32F4xx/src/stm32f4xx_it.o
                                                  ./src/src/led.o
EXTI_Set_PendingBit                               ./src/src/exti.o
                                                  ./src/src/process.o
                                                  ./src/src/led.o
Error_Code                                        ./src/src/led.o
FACTOR                                            ./src/src/estimation.o
FLASH_IRQHandler                                  ./Libraries/Device/STM32F4xx/src/startup_stm32f40xx.o
FPU_IRQHandler                                    ./Libraries/Device/STM32F4xx/src/startup_stm32f40xx.o
FSMC_IRQHandler                                   ./Libraries/Device/STM32F4xx/src/startup_stm32f40xx.o
Freq_t                                            ./src/src/estimation.o
GPIO_Bit_Init_AF                                  ./src/src/gpio.o
GPIO_Bit_Init_Input                               ./src/src/gpio.o
GPIO_Bit_Init_Output                              ./src/src/gpio.o
GPIO_Init_BUTTON                                  ./src/src/led.o
GPIO_Init_LED                                     ./src/src/led.o
GPIO_Read_LED                                     ./src/src/led.o
GPIO_Write_LED                                    ./src/src/led.o
                                                  ./Libraries/Device/STM32F4xx/src/stm32f4xx_it.o
                                                  ./src/src/usart2.o
                                                  ./src/src/process.o
HASH_RNG_IRQHandler                               ./Libraries/Device/STM32F4xx/src/startup_stm32f40xx.o
HardFault_Handler                                 ./Libraries/Device/STM32F4xx/src/stm32f4xx_it.o
                                                  ./Libraries/Device/STM32F4xx/src/startup_stm32f40xx.o
I2C1_ER_IRQHandler                                ./Libraries/Device/STM32F4xx/src/startup_stm32f40xx.o
I2C1_EV_IRQHandler                                ./Libraries/Device/STM32F4xx/src/startup_stm32f40xx.o
I2C2_ER_IRQHandler                                ./Libraries/Device/STM32F4xx/src/startup_stm32f40xx.o
I2C2_EV_IRQHandler                                ./Libraries/Device/STM32F4xx/src/startup_stm32f40xx.o
I2C3_ER_IRQHandler                                ./Libraries/Device/STM32F4xx/src/startup_stm32f40xx.o
I2C3_EV_IRQHandler                                ./Libraries/Device/STM32F4xx/src/startup_stm32f40xx.o
LEDS                                              ./src/src/led.o
LookUp_Init                                       ./src/src/estimation.o
                                                  ./src/src/process.o
MemManage_Handler                                 ./Libraries/Device/STM32F4xx/src/stm32f4xx_it.o
                                                  ./Libraries/Device/STM32F4xx/src/startup_stm32f40xx.o
NMI_Handler                                       ./Libraries/Device/STM32F4xx/src/stm32f4xx_it.o
                                                  ./Libraries/Device/STM32F4xx/src/startup_stm32f40xx.o
OTG_FS_IRQHandler                                 ./Libraries/Device/STM32F4xx/src/startup_stm32f40xx.o
OTG_FS_WKUP_IRQHandler                            ./Libraries/Device/STM32F4xx/src/startup_stm32f40xx.o
OTG_HS_EP1_IN_IRQHandler                          ./Libraries/Device/STM32F4xx/src/startup_stm32f40xx.o
OTG_HS_EP1_OUT_IRQHandler                         ./Libraries/Device/STM32F4xx/src/startup_stm32f40xx.o
OTG_HS_IRQHandler                                 ./Libraries/Device/STM32F4xx/src/startup_stm32f40xx.o
OTG_HS_WKUP_IRQHandler                            ./Libraries/Device/STM32F4xx/src/startup_stm32f40xx.o
OUT_PHASOR                                        ./src/src/process.o
                                                  ./src/src/estimation.o
OnBoard_Init                                      ./src/src/led.o
                                                  ./src/main.o
PI2                                               ./src/src/estimation.o
PI_2                                              ./src/src/estimation.o
PI_4                                              ./src/src/estimation.o
PVD_IRQHandler                                    ./Libraries/Device/STM32F4xx/src/startup_stm32f40xx.o
PendSV_Handler                                    ./Libraries/Device/STM32F4xx/src/stm32f4xx_it.o
                                                  ./Libraries/Device/STM32F4xx/src/startup_stm32f40xx.o
RCC_IRQHandler                                    ./Libraries/Device/STM32F4xx/src/startup_stm32f40xx.o
RTC_Alarm_IRQHandler                              ./Libraries/Device/STM32F4xx/src/startup_stm32f40xx.o
RTC_WKUP_IRQHandler                               ./Libraries/Device/STM32F4xx/src/startup_stm32f40xx.o
Read_Buffer                                       ./src/src/process.o
                                                  ./src/src/estimation.o
Reset_Handler                                     ./Libraries/Device/STM32F4xx/src/startup_stm32f40xx.o
SAMPLE                                            ./src/src/process.o
SDIO_IRQHandler                                   ./Libraries/Device/STM32F4xx/src/startup_stm32f40xx.o
SPI1_IRQHandler                                   ./Libraries/Device/STM32F4xx/src/startup_stm32f40xx.o
SPI2_IRQHandler                                   ./Libraries/Device/STM32F4xx/src/startup_stm32f40xx.o
SPI3_IRQHandler                                   ./Libraries/Device/STM32F4xx/src/startup_stm32f40xx.o
SVC_Handler                                       ./Libraries/Device/STM32F4xx/src/stm32f4xx_it.o
                                                  ./Libraries/Device/STM32F4xx/src/startup_stm32f40xx.o
SysTickCounter                                    ./src/src/systick.o
SysTick_Delay                                     ./src/src/systick.o
SysTick_GetCurrentTick                            ./src/src/systick.o
                                                  ./Libraries/Device/STM32F4xx/src/stm32f4xx_it.o
SysTick_Handler                                   ./Libraries/Device/STM32F4xx/src/stm32f4xx_it.o
                                                  ./Libraries/Device/STM32F4xx/src/startup_stm32f40xx.o
SysTick_IncrementTicks_CallBack                   ./src/src/systick.o
                                                  ./Libraries/Device/STM32F4xx/src/stm32f4xx_it.o
SysTick_Init                                      ./src/src/systick.o
                                                  ./src/main.o
SystemCoreClock                                   ./Libraries/Device/STM32F4xx/src/system_stm32f4xx.o
                                                  ./src/src/systick.o
SystemCoreClockUpdate                             ./Libraries/Device/STM32F4xx/src/system_stm32f4xx.o
                                                  ./src/src/systick.o
SystemInit                                        ./Libraries/Device/STM32F4xx/src/system_stm32f4xx.o
                                                  ./Libraries/Device/STM32F4xx/src/startup_stm32f40xx.o
TAMP_STAMP_IRQHandler                             ./Libraries/Device/STM32F4xx/src/startup_stm32f40xx.o
TAN_F                                             ./src/src/estimation.o
TIM1_BRK_TIM9_IRQHandler                          ./Libraries/Device/STM32F4xx/src/startup_stm32f40xx.o
TIM1_CC_IRQHandler                                ./Libraries/Device/STM32F4xx/src/startup_stm32f40xx.o
TIM1_TRG_COM_TIM11_IRQHandler                     ./Libraries/Device/STM32F4xx/src/startup_stm32f40xx.o
TIM1_UP_TIM10_IRQHandler                          ./Libraries/Device/STM32F4xx/src/startup_stm32f40xx.o
TIM2_IRQHandler                                   ./Libraries/Device/STM32F4xx/src/startup_stm32f40xx.o
TIM3_IRQHandler                                   ./Libraries/Device/STM32F4xx/src/startup_stm32f40xx.o
TIM4_IRQHandler                                   ./Libraries/Device/STM32F4xx/src/startup_stm32f40xx.o
TIM5_IRQHandler                                   ./Libraries/Device/STM32F4xx/src/startup_stm32f40xx.o
TIM6_DAC_IRQHandler                               ./Libraries/Device/STM32F4xx/src/startup_stm32f40xx.o
TIM7_IRQHandler                                   ./Libraries/Device/STM32F4xx/src/startup_stm32f40xx.o
TIM8_BRK_TIM12_IRQHandler                         ./Libraries/Device/STM32F4xx/src/startup_stm32f40xx.o
TIM8_CC_IRQHandler                                ./Libraries/Device/STM32F4xx/src/startup_stm32f40xx.o
TIM8_TRG_COM_TIM14_IRQHandler                     ./Libraries/Device/STM32F4xx/src/startup_stm32f40xx.o
TIM8_UP_TIM13_IRQHandler                          ./Libraries/Device/STM32F4xx/src/startup_stm32f40xx.o
UART4_IRQHandler                                  ./Libraries/Device/STM32F4xx/src/startup_stm32f40xx.o
UART5_IRQHandler                                  ./Libraries/Device/STM32F4xx/src/startup_stm32f40xx.o
USART1_IRQHandler                                 ./Libraries/Device/STM32F4xx/src/startup_stm32f40xx.o
USART2_Enable                                     ./src/src/usart2.o
                                                  ./src/main.o
USART2_GPIO_Config                                ./src/src/usart2.o
USART2_IRQHandler                                 ./Libraries/Device/STM32F4xx/src/stm32f4xx_it.o
                                                  ./Libraries/Device/STM32F4xx/src/startup_stm32f40xx.o
USART2_IRQ_CallBack                               ./src/src/usart2.o
                                                  ./Libraries/Device/STM32F4xx/src/stm32f4xx_it.o
USART2_Init                                       ./src/src/usart2.o
USART2_Process                                    ./src/src/usart2.o
USART2_RX_DMA_Config                              ./src/src/usart2.o
USART2_RX_DMA_IRQ_Callback                        ./src/src/usart2.o
                                                  ./Libraries/Device/STM32F4xx/src/stm32f4xx_it.o
USART2_TX_DMA_Config                              ./src/src/usart2.o
USART2_TX_DMA_IRQ_Callback                        ./src/src/usart2.o
                                                  ./Libraries/Device/STM32F4xx/src/stm32f4xx_it.o
USART2_Tx_Str                                     ./src/src/usart2.o
                                                  ./src/src/process.o
USART3_IRQHandler                                 ./Libraries/Device/STM32F4xx/src/startup_stm32f40xx.o
USART6_IRQHandler                                 ./Libraries/Device/STM32F4xx/src/startup_stm32f40xx.o
UsageFault_Handler                                ./Libraries/Device/STM32F4xx/src/stm32f4xx_it.o
                                                  ./Libraries/Device/STM32F4xx/src/startup_stm32f40xx.o
WWDG_IRQHandler                                   ./Libraries/Device/STM32F4xx/src/startup_stm32f40xx.o
__adddf3                                          g:/stm/truestudio for stm32 9.3.0/armtools/bin/../lib/gcc/arm-atollic-eabi/6.3.1/armv7e-m/fpu\libgcc.a(_arm_addsubdf3.o)
__aeabi_cdcmpeq                                   g:/stm/truestudio for stm32 9.3.0/armtools/bin/../lib/gcc/arm-atollic-eabi/6.3.1/armv7e-m/fpu\libgcc.a(_arm_cmpdf2.o)
__aeabi_cdcmple                                   g:/stm/truestudio for stm32 9.3.0/armtools/bin/../lib/gcc/arm-atollic-eabi/6.3.1/armv7e-m/fpu\libgcc.a(_arm_cmpdf2.o)
__aeabi_cdrcmple                                  g:/stm/truestudio for stm32 9.3.0/armtools/bin/../lib/gcc/arm-atollic-eabi/6.3.1/armv7e-m/fpu\libgcc.a(_arm_cmpdf2.o)
__aeabi_d2f                                       g:/stm/truestudio for stm32 9.3.0/armtools/bin/../lib/gcc/arm-atollic-eabi/6.3.1/armv7e-m/fpu\libgcc.a(_arm_truncdfsf2.o)
                                                  ./src/src/estimation.o
__aeabi_d2iz                                      g:/stm/truestudio for stm32 9.3.0/armtools/bin/../lib/gcc/arm-atollic-eabi/6.3.1/armv7e-m/fpu\libgcc.a(_arm_fixdfsi.o)
                                                  g:/stm/truestudio for stm32 9.3.0/armtools/bin/../lib/gcc/arm-atollic-eabi/6.3.1/../../../../arm-atollic-eabi/lib/armv7e-m/fpu\libm.a(lib_a-k_sin.o)
                                                  g:/stm/truestudio for stm32 9.3.0/armtools/bin/../lib/gcc/arm-atollic-eabi/6.3.1/../../../../arm-atollic-eabi/lib/armv7e-m/fpu\libm.a(lib_a-k_rem_pio2.o)
                                                  g:/stm/truestudio for stm32 9.3.0/armtools/bin/../lib/gcc/arm-atollic-eabi/6.3.1/../../../../arm-atollic-eabi/lib/armv7e-m/fpu\libm.a(lib_a-k_cos.o)
                                                  g:/stm/truestudio for stm32 9.3.0/armtools/bin/../lib/gcc/arm-atollic-eabi/6.3.1/../../../../arm-atollic-eabi/lib/armv7e-m/fpu\libm.a(lib_a-e_rem_pio2.o)
__aeabi_d2uiz                                     g:/stm/truestudio for stm32 9.3.0/armtools/bin/../lib/gcc/arm-atollic-eabi/6.3.1/armv7e-m/fpu\libgcc.a(_arm_fixunsdfsi.o)
                                                  ./src/src/process.o
__aeabi_dadd                                      g:/stm/truestudio for stm32 9.3.0/armtools/bin/../lib/gcc/arm-atollic-eabi/6.3.1/armv7e-m/fpu\libgcc.a(_arm_addsubdf3.o)
                                                  g:/stm/truestudio for stm32 9.3.0/armtools/bin/../lib/gcc/arm-atollic-eabi/6.3.1/../../../../arm-atollic-eabi/lib/armv7e-m/fpu\libm.a(lib_a-s_scalbn.o)
                                                  g:/stm/truestudio for stm32 9.3.0/armtools/bin/../lib/gcc/arm-atollic-eabi/6.3.1/../../../../arm-atollic-eabi/lib/armv7e-m/fpu\libm.a(lib_a-s_floor.o)
                                                  g:/stm/truestudio for stm32 9.3.0/armtools/bin/../lib/gcc/arm-atollic-eabi/6.3.1/../../../../arm-atollic-eabi/lib/armv7e-m/fpu\libm.a(lib_a-k_sin.o)
                                                  g:/stm/truestudio for stm32 9.3.0/armtools/bin/../lib/gcc/arm-atollic-eabi/6.3.1/../../../../arm-atollic-eabi/lib/armv7e-m/fpu\libm.a(lib_a-k_rem_pio2.o)
                                                  g:/stm/truestudio for stm32 9.3.0/armtools/bin/../lib/gcc/arm-atollic-eabi/6.3.1/../../../../arm-atollic-eabi/lib/armv7e-m/fpu\libm.a(lib_a-k_cos.o)
                                                  g:/stm/truestudio for stm32 9.3.0/armtools/bin/../lib/gcc/arm-atollic-eabi/6.3.1/../../../../arm-atollic-eabi/lib/armv7e-m/fpu\libm.a(lib_a-e_rem_pio2.o)
                                                  ./src/src/process.o
__aeabi_dcmpeq                                    g:/stm/truestudio for stm32 9.3.0/armtools/bin/../lib/gcc/arm-atollic-eabi/6.3.1/armv7e-m/fpu\libgcc.a(_arm_cmpdf2.o)
                                                  g:/stm/truestudio for stm32 9.3.0/armtools/bin/../lib/gcc/arm-atollic-eabi/6.3.1/../../../../arm-atollic-eabi/lib/armv7e-m/fpu\libm.a(lib_a-k_rem_pio2.o)
                                                  g:/stm/truestudio for stm32 9.3.0/armtools/bin/../lib/gcc/arm-atollic-eabi/6.3.1/../../../../arm-atollic-eabi/lib/armv7e-m/fpu\libm.a(lib_a-e_rem_pio2.o)
__aeabi_dcmpge                                    g:/stm/truestudio for stm32 9.3.0/armtools/bin/../lib/gcc/arm-atollic-eabi/6.3.1/armv7e-m/fpu\libgcc.a(_arm_cmpdf2.o)
                                                  g:/stm/truestudio for stm32 9.3.0/armtools/bin/../lib/gcc/arm-atollic-eabi/6.3.1/../../../../arm-atollic-eabi/lib/armv7e-m/fpu\libm.a(lib_a-k_rem_pio2.o)
__aeabi_dcmpgt                                    g:/stm/truestudio for stm32 9.3.0/armtools/bin/../lib/gcc/arm-atollic-eabi/6.3.1/armv7e-m/fpu\libgcc.a(_arm_cmpdf2.o)
                                                  g:/stm/truestudio for stm32 9.3.0/armtools/bin/../lib/gcc/arm-atollic-eabi/6.3.1/../../../../arm-atollic-eabi/lib/armv7e-m/fpu\libm.a(lib_a-s_floor.o)
__aeabi_dcmple                                    g:/stm/truestudio for stm32 9.3.0/armtools/bin/../lib/gcc/arm-atollic-eabi/6.3.1/armv7e-m/fpu\libgcc.a(_arm_cmpdf2.o)
__aeabi_dcmplt                                    g:/stm/truestudio for stm32 9.3.0/armtools/bin/../lib/gcc/arm-atollic-eabi/6.3.1/armv7e-m/fpu\libgcc.a(_arm_cmpdf2.o)
__aeabi_ddiv                                      g:/stm/truestudio for stm32 9.3.0/armtools/bin/../lib/gcc/arm-atollic-eabi/6.3.1/armv7e-m/fpu\libgcc.a(_arm_muldivdf3.o)
__aeabi_dmul                                      g:/stm/truestudio for stm32 9.3.0/armtools/bin/../lib/gcc/arm-atollic-eabi/6.3.1/armv7e-m/fpu\libgcc.a(_arm_muldivdf3.o)
                                                  g:/stm/truestudio for stm32 9.3.0/armtools/bin/../lib/gcc/arm-atollic-eabi/6.3.1/../../../../arm-atollic-eabi/lib/armv7e-m/fpu\libm.a(lib_a-s_scalbn.o)
                                                  g:/stm/truestudio for stm32 9.3.0/armtools/bin/../lib/gcc/arm-atollic-eabi/6.3.1/../../../../arm-atollic-eabi/lib/armv7e-m/fpu\libm.a(lib_a-k_sin.o)
                                                  g:/stm/truestudio for stm32 9.3.0/armtools/bin/../lib/gcc/arm-atollic-eabi/6.3.1/../../../../arm-atollic-eabi/lib/armv7e-m/fpu\libm.a(lib_a-k_rem_pio2.o)
                                                  g:/stm/truestudio for stm32 9.3.0/armtools/bin/../lib/gcc/arm-atollic-eabi/6.3.1/../../../../arm-atollic-eabi/lib/armv7e-m/fpu\libm.a(lib_a-k_cos.o)
                                                  g:/stm/truestudio for stm32 9.3.0/armtools/bin/../lib/gcc/arm-atollic-eabi/6.3.1/../../../../arm-atollic-eabi/lib/armv7e-m/fpu\libm.a(lib_a-e_rem_pio2.o)
                                                  ./src/src/process.o
__aeabi_drsub                                     g:/stm/truestudio for stm32 9.3.0/armtools/bin/../lib/gcc/arm-atollic-eabi/6.3.1/armv7e-m/fpu\libgcc.a(_arm_addsubdf3.o)
__aeabi_dsub                                      g:/stm/truestudio for stm32 9.3.0/armtools/bin/../lib/gcc/arm-atollic-eabi/6.3.1/armv7e-m/fpu\libgcc.a(_arm_addsubdf3.o)
                                                  g:/stm/truestudio for stm32 9.3.0/armtools/bin/../lib/gcc/arm-atollic-eabi/6.3.1/../../../../arm-atollic-eabi/lib/armv7e-m/fpu\libm.a(lib_a-k_sin.o)
                                                  g:/stm/truestudio for stm32 9.3.0/armtools/bin/../lib/gcc/arm-atollic-eabi/6.3.1/../../../../arm-atollic-eabi/lib/armv7e-m/fpu\libm.a(lib_a-k_rem_pio2.o)
                                                  g:/stm/truestudio for stm32 9.3.0/armtools/bin/../lib/gcc/arm-atollic-eabi/6.3.1/../../../../arm-atollic-eabi/lib/armv7e-m/fpu\libm.a(lib_a-k_cos.o)
                                                  g:/stm/truestudio for stm32 9.3.0/armtools/bin/../lib/gcc/arm-atollic-eabi/6.3.1/../../../../arm-atollic-eabi/lib/armv7e-m/fpu\libm.a(lib_a-e_rem_pio2.o)
                                                  g:/stm/truestudio for stm32 9.3.0/armtools/bin/../lib/gcc/arm-atollic-eabi/6.3.1/../../../../arm-atollic-eabi/lib/armv7e-m/fpu\libm.a(lib_a-s_sin.o)
                                                  g:/stm/truestudio for stm32 9.3.0/armtools/bin/../lib/gcc/arm-atollic-eabi/6.3.1/../../../../arm-atollic-eabi/lib/armv7e-m/fpu\libm.a(lib_a-s_cos.o)
__aeabi_f2d                                       g:/stm/truestudio for stm32 9.3.0/armtools/bin/../lib/gcc/arm-atollic-eabi/6.3.1/armv7e-m/fpu\libgcc.a(_arm_addsubdf3.o)
                                                  ./src/src/process.o
                                                  ./src/src/estimation.o
__aeabi_i2d                                       g:/stm/truestudio for stm32 9.3.0/armtools/bin/../lib/gcc/arm-atollic-eabi/6.3.1/armv7e-m/fpu\libgcc.a(_arm_addsubdf3.o)
                                                  g:/stm/truestudio for stm32 9.3.0/armtools/bin/../lib/gcc/arm-atollic-eabi/6.3.1/../../../../arm-atollic-eabi/lib/armv7e-m/fpu\libm.a(lib_a-k_rem_pio2.o)
                                                  g:/stm/truestudio for stm32 9.3.0/armtools/bin/../lib/gcc/arm-atollic-eabi/6.3.1/../../../../arm-atollic-eabi/lib/armv7e-m/fpu\libm.a(lib_a-e_rem_pio2.o)
__aeabi_l2d                                       g:/stm/truestudio for stm32 9.3.0/armtools/bin/../lib/gcc/arm-atollic-eabi/6.3.1/armv7e-m/fpu\libgcc.a(_arm_addsubdf3.o)
__aeabi_ui2d                                      g:/stm/truestudio for stm32 9.3.0/armtools/bin/../lib/gcc/arm-atollic-eabi/6.3.1/armv7e-m/fpu\libgcc.a(_arm_addsubdf3.o)
__aeabi_ul2d                                      g:/stm/truestudio for stm32 9.3.0/armtools/bin/../lib/gcc/arm-atollic-eabi/6.3.1/armv7e-m/fpu\libgcc.a(_arm_addsubdf3.o)
__cmpdf2                                          g:/stm/truestudio for stm32 9.3.0/armtools/bin/../lib/gcc/arm-atollic-eabi/6.3.1/armv7e-m/fpu\libgcc.a(_arm_cmpdf2.o)
__deregister_frame_info                           g:/stm/truestudio for stm32 9.3.0/armtools/bin/../lib/gcc/arm-atollic-eabi/6.3.1/armv7e-m/fpu/crtbegin.o
__divdf3                                          g:/stm/truestudio for stm32 9.3.0/armtools/bin/../lib/gcc/arm-atollic-eabi/6.3.1/armv7e-m/fpu\libgcc.a(_arm_muldivdf3.o)
__dso_handle                                      g:/stm/truestudio for stm32 9.3.0/armtools/bin/../lib/gcc/arm-atollic-eabi/6.3.1/armv7e-m/fpu/crtbegin.o
__eqdf2                                           g:/stm/truestudio for stm32 9.3.0/armtools/bin/../lib/gcc/arm-atollic-eabi/6.3.1/armv7e-m/fpu\libgcc.a(_arm_cmpdf2.o)
__extendsfdf2                                     g:/stm/truestudio for stm32 9.3.0/armtools/bin/../lib/gcc/arm-atollic-eabi/6.3.1/armv7e-m/fpu\libgcc.a(_arm_addsubdf3.o)
__fixdfsi                                         g:/stm/truestudio for stm32 9.3.0/armtools/bin/../lib/gcc/arm-atollic-eabi/6.3.1/armv7e-m/fpu\libgcc.a(_arm_fixdfsi.o)
__fixunsdfsi                                      g:/stm/truestudio for stm32 9.3.0/armtools/bin/../lib/gcc/arm-atollic-eabi/6.3.1/armv7e-m/fpu\libgcc.a(_arm_fixunsdfsi.o)
__floatdidf                                       g:/stm/truestudio for stm32 9.3.0/armtools/bin/../lib/gcc/arm-atollic-eabi/6.3.1/armv7e-m/fpu\libgcc.a(_arm_addsubdf3.o)
__floatsidf                                       g:/stm/truestudio for stm32 9.3.0/armtools/bin/../lib/gcc/arm-atollic-eabi/6.3.1/armv7e-m/fpu\libgcc.a(_arm_addsubdf3.o)
__floatundidf                                     g:/stm/truestudio for stm32 9.3.0/armtools/bin/../lib/gcc/arm-atollic-eabi/6.3.1/armv7e-m/fpu\libgcc.a(_arm_addsubdf3.o)
__floatunsidf                                     g:/stm/truestudio for stm32 9.3.0/armtools/bin/../lib/gcc/arm-atollic-eabi/6.3.1/armv7e-m/fpu\libgcc.a(_arm_addsubdf3.o)
__gedf2                                           g:/stm/truestudio for stm32 9.3.0/armtools/bin/../lib/gcc/arm-atollic-eabi/6.3.1/armv7e-m/fpu\libgcc.a(_arm_cmpdf2.o)
__gtdf2                                           g:/stm/truestudio for stm32 9.3.0/armtools/bin/../lib/gcc/arm-atollic-eabi/6.3.1/armv7e-m/fpu\libgcc.a(_arm_cmpdf2.o)
__ieee754_rem_pio2                                g:/stm/truestudio for stm32 9.3.0/armtools/bin/../lib/gcc/arm-atollic-eabi/6.3.1/../../../../arm-atollic-eabi/lib/armv7e-m/fpu\libm.a(lib_a-e_rem_pio2.o)
                                                  g:/stm/truestudio for stm32 9.3.0/armtools/bin/../lib/gcc/arm-atollic-eabi/6.3.1/../../../../arm-atollic-eabi/lib/armv7e-m/fpu\libm.a(lib_a-s_sin.o)
                                                  g:/stm/truestudio for stm32 9.3.0/armtools/bin/../lib/gcc/arm-atollic-eabi/6.3.1/../../../../arm-atollic-eabi/lib/armv7e-m/fpu\libm.a(lib_a-s_cos.o)
__init_array_end                                  g:/stm/truestudio for stm32 9.3.0/armtools/bin/../lib/gcc/arm-atollic-eabi/6.3.1/../../../../arm-atollic-eabi/lib/armv7e-m/fpu\libc_nano.a(lib_a-init.o)
__init_array_start                                g:/stm/truestudio for stm32 9.3.0/armtools/bin/../lib/gcc/arm-atollic-eabi/6.3.1/../../../../arm-atollic-eabi/lib/armv7e-m/fpu\libc_nano.a(lib_a-init.o)
__kernel_cos                                      g:/stm/truestudio for stm32 9.3.0/armtools/bin/../lib/gcc/arm-atollic-eabi/6.3.1/../../../../arm-atollic-eabi/lib/armv7e-m/fpu\libm.a(lib_a-k_cos.o)
                                                  g:/stm/truestudio for stm32 9.3.0/armtools/bin/../lib/gcc/arm-atollic-eabi/6.3.1/../../../../arm-atollic-eabi/lib/armv7e-m/fpu\libm.a(lib_a-s_sin.o)
                                                  g:/stm/truestudio for stm32 9.3.0/armtools/bin/../lib/gcc/arm-atollic-eabi/6.3.1/../../../../arm-atollic-eabi/lib/armv7e-m/fpu\libm.a(lib_a-s_cos.o)
__kernel_rem_pio2                                 g:/stm/truestudio for stm32 9.3.0/armtools/bin/../lib/gcc/arm-atollic-eabi/6.3.1/../../../../arm-atollic-eabi/lib/armv7e-m/fpu\libm.a(lib_a-k_rem_pio2.o)
                                                  g:/stm/truestudio for stm32 9.3.0/armtools/bin/../lib/gcc/arm-atollic-eabi/6.3.1/../../../../arm-atollic-eabi/lib/armv7e-m/fpu\libm.a(lib_a-e_rem_pio2.o)
__kernel_sin                                      g:/stm/truestudio for stm32 9.3.0/armtools/bin/../lib/gcc/arm-atollic-eabi/6.3.1/../../../../arm-atollic-eabi/lib/armv7e-m/fpu\libm.a(lib_a-k_sin.o)
                                                  g:/stm/truestudio for stm32 9.3.0/armtools/bin/../lib/gcc/arm-atollic-eabi/6.3.1/../../../../arm-atollic-eabi/lib/armv7e-m/fpu\libm.a(lib_a-s_sin.o)
                                                  g:/stm/truestudio for stm32 9.3.0/armtools/bin/../lib/gcc/arm-atollic-eabi/6.3.1/../../../../arm-atollic-eabi/lib/armv7e-m/fpu\libm.a(lib_a-s_cos.o)
__ledf2                                           g:/stm/truestudio for stm32 9.3.0/armtools/bin/../lib/gcc/arm-atollic-eabi/6.3.1/armv7e-m/fpu\libgcc.a(_arm_cmpdf2.o)
__libc_init_array                                 g:/stm/truestudio for stm32 9.3.0/armtools/bin/../lib/gcc/arm-atollic-eabi/6.3.1/../../../../arm-atollic-eabi/lib/armv7e-m/fpu\libc_nano.a(lib_a-init.o)
                                                  ./Libraries/Device/STM32F4xx/src/startup_stm32f40xx.o
__ltdf2                                           g:/stm/truestudio for stm32 9.3.0/armtools/bin/../lib/gcc/arm-atollic-eabi/6.3.1/armv7e-m/fpu\libgcc.a(_arm_cmpdf2.o)
__muldf3                                          g:/stm/truestudio for stm32 9.3.0/armtools/bin/../lib/gcc/arm-atollic-eabi/6.3.1/armv7e-m/fpu\libgcc.a(_arm_muldivdf3.o)
__nedf2                                           g:/stm/truestudio for stm32 9.3.0/armtools/bin/../lib/gcc/arm-atollic-eabi/6.3.1/armv7e-m/fpu\libgcc.a(_arm_cmpdf2.o)
__preinit_array_end                               g:/stm/truestudio for stm32 9.3.0/armtools/bin/../lib/gcc/arm-atollic-eabi/6.3.1/../../../../arm-atollic-eabi/lib/armv7e-m/fpu\libc_nano.a(lib_a-init.o)
__preinit_array_start                             g:/stm/truestudio for stm32 9.3.0/armtools/bin/../lib/gcc/arm-atollic-eabi/6.3.1/../../../../arm-atollic-eabi/lib/armv7e-m/fpu\libc_nano.a(lib_a-init.o)
__register_frame_info                             g:/stm/truestudio for stm32 9.3.0/armtools/bin/../lib/gcc/arm-atollic-eabi/6.3.1/armv7e-m/fpu/crtbegin.o
__subdf3                                          g:/stm/truestudio for stm32 9.3.0/armtools/bin/../lib/gcc/arm-atollic-eabi/6.3.1/armv7e-m/fpu\libgcc.a(_arm_addsubdf3.o)
__truncdfsf2                                      g:/stm/truestudio for stm32 9.3.0/armtools/bin/../lib/gcc/arm-atollic-eabi/6.3.1/armv7e-m/fpu\libgcc.a(_arm_truncdfsf2.o)
_ebss                                             ./Libraries/Device/STM32F4xx/src/startup_stm32f40xx.o
_edata                                            ./Libraries/Device/STM32F4xx/src/startup_stm32f40xx.o
_estack                                           ./Libraries/Device/STM32F4xx/src/startup_stm32f40xx.o
_fini                                             g:/stm/truestudio for stm32 9.3.0/armtools/bin/../lib/gcc/arm-atollic-eabi/6.3.1/armv7e-m/fpu/crti.o
_init                                             g:/stm/truestudio for stm32 9.3.0/armtools/bin/../lib/gcc/arm-atollic-eabi/6.3.1/armv7e-m/fpu/crti.o
                                                  g:/stm/truestudio for stm32 9.3.0/armtools/bin/../lib/gcc/arm-atollic-eabi/6.3.1/../../../../arm-atollic-eabi/lib/armv7e-m/fpu\libc_nano.a(lib_a-init.o)
_sbss                                             ./Libraries/Device/STM32F4xx/src/startup_stm32f40xx.o
_sdata                                            ./Libraries/Device/STM32F4xx/src/startup_stm32f40xx.o
_sidata                                           ./Libraries/Device/STM32F4xx/src/startup_stm32f40xx.o
_write                                            ./src/tiny_printf.o
copysign                                          g:/stm/truestudio for stm32 9.3.0/armtools/bin/../lib/gcc/arm-atollic-eabi/6.3.1/../../../../arm-atollic-eabi/lib/armv7e-m/fpu\libm.a(lib_a-s_copysign.o)
                                                  g:/stm/truestudio for stm32 9.3.0/armtools/bin/../lib/gcc/arm-atollic-eabi/6.3.1/../../../../arm-atollic-eabi/lib/armv7e-m/fpu\libm.a(lib_a-s_scalbn.o)
cos                                               g:/stm/truestudio for stm32 9.3.0/armtools/bin/../lib/gcc/arm-atollic-eabi/6.3.1/../../../../arm-atollic-eabi/lib/armv7e-m/fpu\libm.a(lib_a-s_cos.o)
                                                  ./src/src/estimation.o
fabs                                              g:/stm/truestudio for stm32 9.3.0/armtools/bin/../lib/gcc/arm-atollic-eabi/6.3.1/../../../../arm-atollic-eabi/lib/armv7e-m/fpu\libm.a(lib_a-s_fabs.o)
                                                  g:/stm/truestudio for stm32 9.3.0/armtools/bin/../lib/gcc/arm-atollic-eabi/6.3.1/../../../../arm-atollic-eabi/lib/armv7e-m/fpu\libm.a(lib_a-e_rem_pio2.o)
fiprintf                                          ./src/tiny_printf.o
floor                                             g:/stm/truestudio for stm32 9.3.0/armtools/bin/../lib/gcc/arm-atollic-eabi/6.3.1/../../../../arm-atollic-eabi/lib/armv7e-m/fpu\libm.a(lib_a-s_floor.o)
                                                  g:/stm/truestudio for stm32 9.3.0/armtools/bin/../lib/gcc/arm-atollic-eabi/6.3.1/../../../../arm-atollic-eabi/lib/armv7e-m/fpu\libm.a(lib_a-k_rem_pio2.o)
fprintf                                           ./src/tiny_printf.o
fputs                                             ./src/tiny_printf.o
fwrite                                            ./src/tiny_printf.o
g_pfnVectors                                      ./Libraries/Device/STM32F4xx/src/startup_stm32f40xx.o
iprintf                                           ./src/tiny_printf.o
main                                              ./src/main.o
                                                  ./Libraries/Device/STM32F4xx/src/startup_stm32f40xx.o
memcpy                                            g:/stm/truestudio for stm32 9.3.0/armtools/bin/../lib/gcc/arm-atollic-eabi/6.3.1/../../../../arm-atollic-eabi/lib/armv7e-m/fpu\libc_nano.a(lib_a-memcpy-stub.o)
                                                  ./src/src/usart2.o
printf                                            ./src/tiny_printf.o
puts                                              ./src/tiny_printf.o
scalbn                                            g:/stm/truestudio for stm32 9.3.0/armtools/bin/../lib/gcc/arm-atollic-eabi/6.3.1/../../../../arm-atollic-eabi/lib/armv7e-m/fpu\libm.a(lib_a-s_scalbn.o)
                                                  g:/stm/truestudio for stm32 9.3.0/armtools/bin/../lib/gcc/arm-atollic-eabi/6.3.1/../../../../arm-atollic-eabi/lib/armv7e-m/fpu\libm.a(lib_a-k_rem_pio2.o)
sin                                               g:/stm/truestudio for stm32 9.3.0/armtools/bin/../lib/gcc/arm-atollic-eabi/6.3.1/../../../../arm-atollic-eabi/lib/armv7e-m/fpu\libm.a(lib_a-s_sin.o)
                                                  ./src/src/estimation.o
siprintf                                          ./src/tiny_printf.o
sprintf                                           ./src/tiny_printf.o
strlen                                            g:/stm/truestudio for stm32 9.3.0/armtools/bin/../lib/gcc/arm-atollic-eabi/6.3.1/../../../../arm-atollic-eabi/lib/armv7e-m/fpu\libc_nano.a(lib_a-strlen.o)
                                                  ./src/tiny_printf.o
ts_formatlength                                   ./src/tiny_printf.o
ts_formatstring                                   ./src/tiny_printf.o
ts_itoa                                           ./src/tiny_printf.o
uPMU_AD7606_Reading                               ./src/src/process.o
                                                  ./Libraries/Device/STM32F4xx/src/stm32f4xx_it.o
uPMU_EXTIx_Init                                   ./src/src/exti.o
                                                  ./src/src/led.o
                                                  ./src/src/gpio.o
uPMU_Error_Code_Display                           ./src/src/led.o
uPMU_GPIO_Init                                    ./src/src/gpio.o
                                                  ./src/main.o
uPMU_Get_Error_Code                               ./src/src/led.o
uPMU_Get_Result                                   ./src/src/estimation.o
                                                  ./src/src/process.o
uPMU_Init_Process                                 ./src/src/process.o
                                                  ./src/main.o
uPMU_NVIC_Init                                    ./src/src/nvic.o
                                                  ./src/main.o
uPMU_Process_Mode                                 ./src/src/estimation.o
                                                  ./src/src/process.o
uPMU_Send_Data                                    ./src/src/process.o
                                                  ./Libraries/Device/STM32F4xx/src/stm32f4xx_it.o
uPMU_Set_Error_Code                               ./src/src/led.o
                                                  ./Libraries/Device/STM32F4xx/src/stm32f4xx_it.o
uPMU_Str_Data                                     ./src/src/process.o
                                                  ./Libraries/Device/STM32F4xx/src/stm32f4xx_it.o
uPMU_Str_Freq                                     ./src/src/process.o
uPMU_Str_Result                                   ./src/src/process.o
uPMU_UART_Init                                    ./src/src/usart2.o
                                                  ./src/main.o
