stm32f4xx_it.c:59:6:NMI_Handler	0	static
stm32f4xx_it.c:68:6:HardFault_Handler	0	static
stm32f4xx_it.c:81:6:MemManage_Handler	0	static
stm32f4xx_it.c:94:6:BusFault_Handler	0	static
stm32f4xx_it.c:107:6:UsageFault_Handler	0	static
stm32f4xx_it.c:120:6:SVC_Handler	0	static
stm32f4xx_it.c:129:6:DebugMon_Handler	0	static
stm32f4xx_it.c:138:6:PendSV_Handler	0	static
stm32f4xx_it.c:147:6:SysTick_Handler	8	static
stm32f4xx_it.c:160:6:EXTI0_IRQHandler	8	static
stm32f4xx_it.c:177:6:EXTI1_IRQHandler	8	static
stm32f4xx_it.c:193:6:EXTI15_10_IRQHandler	8	static
stm32f4xx_it.c:210:6:DMA2_Stream0_IRQHandler	8	static
stm32f4xx_it.c:229:6:DMA1_Stream5_IRQHandler	0	static
stm32f4xx_it.c:235:6:DMA1_Stream6_IRQHandler	0	static
stm32f4xx_it.c:241:6:USART2_IRQHandler	0	static
